2018/09/15 16:34:08 Blue2Blog utils.py 










2018/09/15 16:34:08 Blue2Blog utils.py now time is 2018-09-15 16:34:08.670636
2018/09/15 16:34:08 Blue2Blog utils.py --------------------
2018/09/15 16:34:16 Blue2Blog blog.py request.url = http://127.0.0.1:5000/
2018/09/15 16:34:37 Blue2Blog blog.py post_id = 42
2018/09/15 16:35:11 Blue2Blog blog.py post_id = 42
2018/09/15 16:35:12 Blue2Blog blog.py post_id = 42
2018/09/15 16:43:04 Blue2Blog utils.py 










2018/09/15 16:43:04 Blue2Blog utils.py now time is 2018-09-15 16:43:04.212597
2018/09/15 16:43:04 Blue2Blog utils.py --------------------
2018/09/15 16:43:57 utils.py utils.py 










2018/09/15 16:43:57 utils.py utils.py now time is 2018-09-15 16:43:57.364611
2018/09/15 16:43:57 utils.py utils.py --------------------
2018/09/15 16:44:21 utils.py _log 










2018/09/15 16:44:21 utils.py _log now time is 2018-09-15 16:44:21.049192
2018/09/15 16:44:21 utils.py _log --------------------
2018/09/15 16:44:33 utils.py _log 29 










2018/09/15 16:44:33 utils.py _log 30 now time is 2018-09-15 16:44:33.726299
2018/09/15 16:44:33 utils.py _log 31 --------------------
2018/09/15 16:45:57 21400 utils.py _log 29 










2018/09/15 16:45:57 21400 utils.py _log 30 now time is 2018-09-15 16:45:57.529114
2018/09/15 16:45:57 21400 utils.py _log 31 --------------------------------------------------------------------------------
2018/09/15 16:46:04 19788 blog.py index 21 request.url = http://127.0.0.1:5000/
2018/09/15 16:46:09 19356 blog.py show_post 70 request.url = http://127.0.0.1:5000/post/42
2018/09/15 16:46:09 19356 blog.py show_post 71 post_id = 42
2018/09/15 16:46:22 2484 blog.py show_post 70 request.url = http://127.0.0.1:5000/post/42
2018/09/15 16:46:22 2484 blog.py show_post 71 post_id = 42
2018/09/15 16:46:23 15136 blog.py show_post 70 request.url = http://127.0.0.1:5000/post/42
2018/09/15 16:46:23 15136 blog.py show_post 71 post_id = 42
2018/09/15 16:47:54 17440 blog.py reply_comment 153 request.url = http://127.0.0.1:5000/reply/comment/108
2018/09/15 16:47:54 17440 blog.py reply_comment 154 comment_id = 108
2018/09/15 16:47:54 20684 blog.py show_post 70 request.url = http://127.0.0.1:5000/post/42?reply=108&author=Terri+Gomez
2018/09/15 16:47:54 20684 blog.py show_post 71 post_id = 42
2018/09/15 16:48:01 10416 blog.py show_post 70 request.url = http://127.0.0.1:5000/post/42?reply=108&author=Terri+Gomez
2018/09/15 16:48:01 10416 blog.py show_post 71 post_id = 42
2018/09/15 16:50:01 11820 utils.py _log 29 










2018/09/15 16:50:01 11820 utils.py _log 30 now time is 2018-09-15 16:50:01.327449
2018/09/15 16:50:01 11820 utils.py _log 31 --------------------------------------------------------------------------------
2018/09/15 16:50:29 13104 utils.py _log 29 










2018/09/15 16:50:29 13104 utils.py _log 30 now time is 2018-09-15 16:50:29.924081
2018/09/15 16:50:29 13104 utils.py _log 31 --------------------------------------------------------------------------------
2018/09/15 16:51:14 18648 utils.py _log 29 










2018/09/15 16:51:14 18648 utils.py _log 30 now time is 2018-09-15 16:51:14.133761
2018/09/15 16:51:14 18648 utils.py _log 31 --------------------------------------------------------------------------------
2018/09/15 16:51:59 18864 utils.py _log 29 










2018/09/15 16:51:59 18864 utils.py _log 30 now time is 2018-09-15 16:51:59.278556
2018/09/15 16:51:59 18864 utils.py _log 31 --------------------------------------------------------------------------------
2018/09/15 16:52:30 18240 blog.py show_post 69 request.url = http://127.0.0.1:5000/post/42?reply=108&author=Terri+Gomez
2018/09/15 16:52:39 6900 blog.py show_post 69 request.url = http://127.0.0.1:5000/post/42?reply=108&author=Terri+Gomez
2018/09/15 16:53:08 13056 blog.py show_post 69 request.url = http://127.0.0.1:5000/post/42?reply=108&author=Terri+Gomez
2018/09/15 16:53:39 9212 blog.py show_post 69 request.url = http://127.0.0.1:5000/post/42?reply=108&author=Terri+Gomez
2018/09/15 16:55:09 20896 utils.py _log 29 










2018/09/15 16:55:09 20896 utils.py _log 30 now time is 2018-09-15 16:55:09.574662
2018/09/15 16:55:09 20896 utils.py _log 31 --------------------------------------------------------------------------------
2018/09/15 16:55:49 4732 utils.py _log 29 










2018/09/15 16:55:49 4732 utils.py _log 30 now time is 2018-09-15 16:55:49.248767
2018/09/15 16:55:49 4732 utils.py _log 31 --------------------------------------------------------------------------------
2018/09/15 16:55:49 21368 blog.py show_post 69 request.url = http://127.0.0.1:5000/post/42?reply=108&author=Terri+Gomez
2018/09/15 16:56:08 14976 blog.py show_post 69 request.url = http://127.0.0.1:5000/post/42?reply=108&author=Terri+Gomez
2018/09/15 16:59:32 18620 utils.py _log 29 










2018/09/15 16:59:32 18620 utils.py _log 30 now time is 2018-09-15 16:59:32.074273
2018/09/15 16:59:32 18620 utils.py _log 31 --------------------------------------------------------------------------------
2018/09/15 17:00:04 16936 blog.py show_post 69 request.url = http://127.0.0.1:5000/post/42?reply=108&author=Terri+Gomez
2018/09/15 17:00:12 20096 blog.py show_post 69 request.url = http://127.0.0.1:5000/post/42?reply=108&author=Terri+Gomez
2018/09/15 17:00:12 20096 blog.py show_post 122 comment_id = 108
2018/09/15 17:00:12 20096 blog.py show_post 126 replied_comment.id = 108
2018/09/15 17:00:12 21916 blog.py show_post 69 request.url = http://127.0.0.1:5000/post/42
2018/09/15 17:59:25 3740 blog.py reply_comment 153 request.url = http://127.0.0.1:5000/reply/comment/296
2018/09/15 17:59:26 3740 blog.py reply_comment 168 redirect.url = <Response 323 bytes [302 FOUND]>
2018/09/15 17:59:26 15100 blog.py show_post 69 request.url = http://127.0.0.1:5000/post/42?reply=296&author=Jeanette+Watson
2018/09/15 18:03:25 17056 blog.py show_post 69 request.url = http://127.0.0.1:5000/post/42?reply=296&author=Jeanette+Watson
2018/09/15 18:03:47 20636 blog.py reply_comment 153 request.url = http://127.0.0.1:5000/reply/comment/608
2018/09/15 18:03:47 20636 blog.py reply_comment 168 redirect.url = <Response 307 bytes [302 FOUND]>
2018/09/15 18:03:47 8520 blog.py show_post 69 request.url = http://127.0.0.1:5000/post/42?reply=608&author=CHENTAO
2018/09/15 18:03:59 22448 blog.py show_post 69 request.url = http://127.0.0.1:5000/post/42?reply=608&author=CHENTAO
2018/09/15 18:03:59 22448 blog.py show_post 122 comment_id = 608
2018/09/15 18:03:59 22448 blog.py show_post 126 replied_comment.id = 608
2018/09/15 18:03:59 20500 blog.py show_post 69 request.url = http://127.0.0.1:5000/post/42
2018/09/15 22:02:36 8196 utils.py _log 32 










2018/09/15 22:02:36 8196 utils.py _log 33 now time is 2018-09-15 22:02:36.097447
2018/09/15 22:02:36 8196 utils.py _log 34 --------------------------------------------------------------------------------
2018/09/15 22:02:37 10728 utils.py _log 32 










2018/09/15 22:02:37 10728 utils.py _log 33 now time is 2018-09-15 22:02:37.021303
2018/09/15 22:02:37 10728 utils.py _log 34 --------------------------------------------------------------------------------
2018/09/15 22:02:50 2228 blog.py index 21 request.url = http://127.0.0.1:5000/
2018/09/15 22:03:46 12368 utils.py _log 32 










2018/09/15 22:03:46 12368 utils.py _log 33 now time is 2018-09-15 22:03:46.855126
2018/09/15 22:03:46 12368 utils.py _log 34 --------------------------------------------------------------------------------
2018/09/15 22:04:19 14160 utils.py _log 32 










2018/09/15 22:04:19 14160 utils.py _log 33 now time is 2018-09-15 22:04:19.229685
2018/09/15 22:04:19 14160 utils.py _log 34 --------------------------------------------------------------------------------
2018/09/15 22:04:24 7904 blog.py index 21 request.url = http://127.0.0.1:5000/
2018/09/15 22:05:31 13272 blog.py index 21 request.url = http://127.0.0.1:5000/
2018/09/15 22:05:32 1684 blog.py index 21 request.url = http://127.0.0.1:5000/
2018/09/15 22:06:37 10224 utils.py _log 32 










2018/09/15 22:06:37 10224 utils.py _log 33 now time is 2018-09-15 22:06:37.034770
2018/09/15 22:06:37 10224 utils.py _log 34 --------------------------------------------------------------------------------
2018/09/15 22:06:40 1720 blog.py index 21 request.url = http://127.0.0.1:5000/
2018/09/15 22:06:47 9416 blog.py change_theme 175 request.url = http://127.0.0.1:5000/change-theme/perfect_blue?next=%2F%3F
2018/09/15 22:06:47 9416 blog.py change_theme 183 response = <Response 211 bytes [302 FOUND]>
2018/09/15 22:06:47 3340 blog.py index 21 request.url = http://127.0.0.1:5000/
2018/09/15 22:07:22 13628 blog.py change_theme 175 request.url = http://127.0.0.1:5000/change-theme/block_swan?next=%2F%3F
2018/09/15 22:07:22 13628 blog.py change_theme 183 response = <Response 211 bytes [302 FOUND]>
2018/09/15 22:07:22 2584 blog.py index 21 request.url = http://127.0.0.1:5000/
2018/09/15 22:07:39 11868 utils.py _log 32 










2018/09/15 22:07:39 11868 utils.py _log 33 now time is 2018-09-15 22:07:39.994352
2018/09/15 22:07:39 11868 utils.py _log 34 --------------------------------------------------------------------------------
2018/09/15 22:07:43 5440 blog.py index 21 request.url = http://127.0.0.1:5000/
2018/09/15 22:07:48 96 blog.py index 21 request.url = http://127.0.0.1:5000/
2018/09/15 22:07:54 14992 blog.py change_theme 175 request.url = http://127.0.0.1:5000/change-theme/black_swan?next=%2F%3F
2018/09/15 22:07:54 14992 blog.py change_theme 183 response = <Response 211 bytes [302 FOUND]>
2018/09/15 22:07:54 9728 blog.py index 21 request.url = http://127.0.0.1:5000/
2018/09/15 22:08:02 14504 blog.py change_theme 175 request.url = http://127.0.0.1:5000/change-theme/perfect_blue?next=%2F%3F
2018/09/15 22:08:02 14504 blog.py change_theme 183 response = <Response 211 bytes [302 FOUND]>
2018/09/15 22:08:02 11240 blog.py index 21 request.url = http://127.0.0.1:5000/
2018/09/15 22:08:06 11724 blog.py change_theme 175 request.url = http://127.0.0.1:5000/change-theme/black_swan?next=%2F%3F
2018/09/15 22:08:06 11724 blog.py change_theme 183 response = <Response 211 bytes [302 FOUND]>
2018/09/15 22:08:06 10528 blog.py index 21 request.url = http://127.0.0.1:5000/
2018/09/15 22:08:29 12596 blog.py show_post 69 request.url = http://127.0.0.1:5000/post/42
2018/09/15 23:15:53 9004 utils.py _log 32 










2018/09/15 23:15:53 9004 utils.py _log 33 now time is 2018-09-15 23:15:53.805932
2018/09/15 23:15:53 9004 utils.py _log 34 --------------------------------------------------------------------------------
2018/09/15 23:26:49 10228 utils.py _log 32 










2018/09/15 23:26:49 10228 utils.py _log 33 now time is 2018-09-15 23:26:49.576804
2018/09/15 23:26:49 10228 utils.py _log 34 --------------------------------------------------------------------------------
2018/09/15 23:49:26 13996 utils.py _log 32 










2018/09/15 23:49:26 13996 utils.py _log 33 now time is 2018-09-15 23:49:26.447150
2018/09/15 23:49:26 13996 utils.py _log 34 --------------------------------------------------------------------------------
2018/09/15 23:49:27 13900 utils.py _log 32 










2018/09/15 23:49:27 13900 utils.py _log 33 now time is 2018-09-15 23:49:27.904430
2018/09/15 23:49:27 13900 utils.py _log 34 --------------------------------------------------------------------------------
2018/09/15 23:49:32 10728 blog.py index 21 request.url = http://127.0.0.1:5000/
2018/09/15 23:51:07 8264 utils.py _log 32 










2018/09/15 23:51:07 8264 utils.py _log 33 now time is 2018-09-15 23:51:07.290960
2018/09/15 23:51:07 8264 utils.py _log 34 --------------------------------------------------------------------------------
2018/09/15 23:51:13 13740 auth.py login 17 is_authenticated = False
2018/09/15 23:51:22 224 auth.py login 17 is_authenticated = False
2018/09/15 23:52:56 11784 utils.py _log 32 










2018/09/15 23:52:56 11784 utils.py _log 33 now time is 2018-09-15 23:52:56.328169
2018/09/15 23:52:56 11784 utils.py _log 34 --------------------------------------------------------------------------------
2018/09/15 23:52:59 10836 auth.py login 17 is_authenticated = False
2018/09/15 23:52:59 10836 auth.py login 39 redirect to login.html
2018/09/15 23:53:14 9312 auth.py login 17 is_authenticated = False
2018/09/15 23:53:14 9312 auth.py login 28 admin is None ? False
2018/09/15 23:53:14 9312 auth.py login 39 redirect to login.html
2018/09/15 23:55:49 7452 utils.py _log 32 










2018/09/15 23:55:49 7452 utils.py _log 33 now time is 2018-09-15 23:55:49.483341
2018/09/15 23:55:49 7452 utils.py _log 34 --------------------------------------------------------------------------------
2018/09/15 23:55:54 12356 auth.py login 17 is_authenticated = False
2018/09/15 23:55:54 12356 auth.py login 41 redirect to login.html
2018/09/15 23:56:01 11648 auth.py login 17 is_authenticated = False
2018/09/15 23:56:01 11648 auth.py login 36 login fail
2018/09/15 23:56:01 11648 auth.py login 37 username is right ? False
2018/09/15 23:56:01 11648 auth.py login 38 password is right ? False
2018/09/15 23:56:01 11648 auth.py login 41 redirect to login.html
2018/09/15 23:56:59 5492 utils.py _log 32 










2018/09/15 23:56:59 5492 utils.py _log 33 now time is 2018-09-15 23:56:59.834629
2018/09/15 23:56:59 5492 utils.py _log 34 --------------------------------------------------------------------------------
2018/09/15 23:57:13 10656 auth.py login 17 is_authenticated = False
2018/09/15 23:57:13 10656 auth.py login 41 redirect to login.html
2018/09/15 23:57:19 3188 auth.py login 17 is_authenticated = False
2018/09/15 23:57:19 3188 auth.py login 36 login fail
2018/09/15 23:57:19 3188 auth.py login 37 username is right ? flynngod,admin
2018/09/15 23:57:19 3188 auth.py login 38 password is right ? False
2018/09/15 23:57:19 3188 auth.py login 41 redirect to login.html
2018/09/15 23:58:54 10220 utils.py _log 32 










2018/09/15 23:58:54 10220 utils.py _log 33 now time is 2018-09-15 23:58:54.885437
2018/09/15 23:58:54 10220 utils.py _log 34 --------------------------------------------------------------------------------
2018/09/15 23:59:04 10220 __init__.py init_admin 140 admin.username = flynngod
2018/09/15 23:59:15 15044 utils.py _log 32 










2018/09/15 23:59:15 15044 utils.py _log 33 now time is 2018-09-15 23:59:15.750643
2018/09/15 23:59:15 15044 utils.py _log 34 --------------------------------------------------------------------------------
2018/09/15 23:59:17 10072 utils.py _log 32 










2018/09/15 23:59:17 10072 utils.py _log 33 now time is 2018-09-15 23:59:17.368518
2018/09/15 23:59:17 10072 utils.py _log 34 --------------------------------------------------------------------------------
2018/09/16 00:01:35 12892 auth.py login 17 is_authenticated = False
2018/09/16 00:01:35 12892 auth.py login 41 redirect to login.html
2018/09/16 00:01:42 2932 auth.py login 17 is_authenticated = False
2018/09/16 00:01:42 2932 auth.py login 36 login fail
2018/09/16 00:01:42 2932 auth.py login 37 username is right ? flynngod,admin
2018/09/16 00:01:42 2932 auth.py login 38 password is right ? False
2018/09/16 00:01:42 2932 auth.py login 41 redirect to login.html
2018/09/16 00:02:36 13240 utils.py _log 32 










2018/09/16 00:02:36 13240 utils.py _log 33 now time is 2018-09-16 00:02:36.865382
2018/09/16 00:02:36 13240 utils.py _log 34 --------------------------------------------------------------------------------
2018/09/16 00:03:19 13272 utils.py _log 32 










2018/09/16 00:03:19 13272 utils.py _log 33 now time is 2018-09-16 00:03:19.503450
2018/09/16 00:03:19 13272 utils.py _log 34 --------------------------------------------------------------------------------
2018/09/16 00:03:27 15192 auth.py login 17 is_authenticated = False
2018/09/16 00:03:27 15192 auth.py login 42 redirect to login.html
2018/09/16 00:03:34 13308 auth.py login 17 is_authenticated = False
2018/09/16 00:03:34 13308 auth.py login 36 login fail
2018/09/16 00:03:34 13308 auth.py login 37 admin = username=admin,name=ChenTao
2018/09/16 00:03:34 13308 auth.py login 38 username is right ? flynngod,admin
2018/09/16 00:03:34 13308 auth.py login 39 password is right ? False
2018/09/16 00:03:34 13308 auth.py login 42 redirect to login.html
2018/09/16 00:06:02 2228 utils.py _log 32 










2018/09/16 00:06:02 2228 utils.py _log 33 now time is 2018-09-16 00:06:02.922100
2018/09/16 00:06:02 2228 utils.py _log 34 --------------------------------------------------------------------------------
2018/09/16 00:07:57 13396 utils.py _log 32 










2018/09/16 00:07:57 13396 utils.py _log 33 now time is 2018-09-16 00:07:57.310368
2018/09/16 00:07:57 13396 utils.py _log 34 --------------------------------------------------------------------------------
2018/09/16 00:08:02 6552 utils.py _log 32 










2018/09/16 00:08:02 6552 utils.py _log 33 now time is 2018-09-16 00:08:02.599376
2018/09/16 00:08:02 6552 utils.py _log 34 --------------------------------------------------------------------------------
2018/09/16 00:08:10 6552 __init__.py init_admin 140 admin.username = flynngod
2018/09/16 00:08:16 8880 utils.py _log 32 










2018/09/16 00:08:16 8880 utils.py _log 33 now time is 2018-09-16 00:08:16.737906
2018/09/16 00:08:16 8880 utils.py _log 34 --------------------------------------------------------------------------------
2018/09/16 00:08:18 12652 utils.py _log 32 










2018/09/16 00:08:18 12652 utils.py _log 33 now time is 2018-09-16 00:08:18.037358
2018/09/16 00:08:18 12652 utils.py _log 34 --------------------------------------------------------------------------------
2018/09/16 00:08:44 13428 auth.py login 17 is_authenticated = False
2018/09/16 00:08:44 13428 auth.py login 31 login success
2018/09/16 00:08:44 11464 auth.py login 17 is_authenticated = True
2018/09/16 00:08:44 1944 blog.py index 21 request.url = http://127.0.0.1:5000/
2018/09/16 00:14:23 3920 utils.py _log 32 










2018/09/16 00:14:23 3920 utils.py _log 33 now time is 2018-09-16 00:14:23.850422
2018/09/16 00:14:23 3920 utils.py _log 34 --------------------------------------------------------------------------------
2018/09/16 00:14:33 7404 auth.py login 17 is_authenticated = True
2018/09/16 00:14:33 1056 blog.py index 21 request.url = http://127.0.0.1:5000/
2018/09/16 00:14:41 14056 auth.py logout 50 user logout
2018/09/16 00:14:41 2844 blog.py index 21 request.url = http://127.0.0.1:5000/
2018/09/16 00:15:34 10376 blog.py index 21 request.url = http://127.0.0.1:5000/
2018/09/16 00:15:39 14560 auth.py login 17 is_authenticated = False
2018/09/16 00:15:39 14560 auth.py login 42 redirect to login.html
2018/09/16 00:15:47 8932 auth.py login 17 is_authenticated = False
2018/09/16 00:15:47 8932 auth.py login 31 login success
2018/09/16 00:15:47 3224 auth.py login 17 is_authenticated = True
2018/09/16 00:15:47 232 blog.py index 21 request.url = http://127.0.0.1:5000/
2018/09/16 00:19:11 12764 blog.py index 21 request.url = http://127.0.0.1:5000/
2018/09/16 00:19:18 3608 auth.py logout 50 user logout
2018/09/16 00:19:18 11536 blog.py index 21 request.url = http://127.0.0.1:5000/
2018/09/16 00:19:35 96 blog.py index 21 request.url = http://127.0.0.1:5000/
2018/09/16 00:19:40 11724 auth.py login 17 is_authenticated = False
2018/09/16 00:19:40 11724 auth.py login 42 redirect to login.html
2018/09/16 00:19:42 4372 auth.py login 17 is_authenticated = False
2018/09/16 00:19:42 4372 auth.py login 31 login success
2018/09/16 00:19:42 10532 blog.py index 21 request.url = http://127.0.0.1:5000/
2018/09/16 00:20:07 5208 blog.py index 21 request.url = http://127.0.0.1:5000/
2018/09/16 00:20:10 11980 blog.py index 21 request.url = http://127.0.0.1:5000/
2018/09/16 00:21:13 12328 blog.py index 21 request.url = http://127.0.0.1:5000/
2018/09/16 00:21:25 14032 blog.py change_theme 175 request.url = http://127.0.0.1:5000/change-theme/perfect_blue?next=%2F%3F
2018/09/16 00:21:25 14032 blog.py change_theme 183 response = <Response 211 bytes [302 FOUND]>
2018/09/16 00:21:25 15264 blog.py index 21 request.url = http://127.0.0.1:5000/
2018/09/16 00:22:01 12420 blog.py index 21 request.url = http://127.0.0.1:5000/
2018/09/16 00:22:10 15340 blog.py change_theme 175 request.url = http://127.0.0.1:5000/change-theme/black_swan?next=%2F%3F
2018/09/16 00:22:10 15340 blog.py change_theme 183 response = <Response 211 bytes [302 FOUND]>
2018/09/16 00:22:10 2976 blog.py index 21 request.url = http://127.0.0.1:5000/
2018/09/16 12:41:34 7568 utils.py _log 32 










2018/09/16 12:41:34 7568 utils.py _log 33 now time is 2018-09-16 12:41:34.606924
2018/09/16 12:41:34 7568 utils.py _log 34 --------------------------------------------------------------------------------
2018/09/16 12:41:35 16464 utils.py _log 32 










2018/09/16 12:41:35 16464 utils.py _log 33 now time is 2018-09-16 12:41:35.627468
2018/09/16 12:41:35 16464 utils.py _log 34 --------------------------------------------------------------------------------
2018/09/16 12:41:41 7840 blog.py index 21 request.url = http://127.0.0.1:5000/
2018/09/16 12:42:06 11388 blog.py change_theme 175 request.url = http://127.0.0.1:5000/change-theme/perfect_blue?next=%2F%3F
2018/09/16 12:42:06 11388 blog.py change_theme 183 response = <Response 211 bytes [302 FOUND]>
2018/09/16 12:42:06 7336 blog.py index 21 request.url = http://127.0.0.1:5000/
2018/09/16 12:42:21 11868 blog.py change_theme 175 request.url = http://127.0.0.1:5000/change-theme/perfect_blue?next=%2F%3F
2018/09/16 12:42:21 11868 blog.py change_theme 183 response = <Response 211 bytes [302 FOUND]>
2018/09/16 12:42:21 3876 blog.py index 21 request.url = http://127.0.0.1:5000/
2018/09/16 12:42:52 6856 blog.py index 21 request.url = http://127.0.0.1:5000/
2018/09/16 12:42:59 6944 blog.py change_theme 175 request.url = http://127.0.0.1:5000/change-theme/black_swan?next=%2F%3F
2018/09/16 12:42:59 6944 blog.py change_theme 183 response = <Response 211 bytes [302 FOUND]>
2018/09/16 12:42:59 3948 blog.py index 21 request.url = http://127.0.0.1:5000/
2018/09/16 12:48:02 1460 utils.py _log 32 










2018/09/16 12:48:02 1460 utils.py _log 33 now time is 2018-09-16 12:48:02.652684
2018/09/16 12:48:02 1460 utils.py _log 34 --------------------------------------------------------------------------------
2018/09/16 12:56:22 2728 utils.py _log 32 










2018/09/16 12:56:22 2728 utils.py _log 33 now time is 2018-09-16 12:56:22.121715
2018/09/16 12:56:22 2728 utils.py _log 34 --------------------------------------------------------------------------------
2018/09/16 13:00:30 12180 utils.py _log 32 










2018/09/16 13:00:30 12180 utils.py _log 33 now time is 2018-09-16 13:00:30.871592
2018/09/16 13:00:30 12180 utils.py _log 34 --------------------------------------------------------------------------------
2018/09/16 13:19:19 2020 utils.py _log 32 










2018/09/16 13:19:19 2020 utils.py _log 33 now time is 2018-09-16 13:19:19.237348
2018/09/16 13:19:19 2020 utils.py _log 34 --------------------------------------------------------------------------------
2018/09/16 13:19:27 14592 blog.py index 21 request.url = http://127.0.0.1:5000/
2018/09/16 13:20:38 9420 admin.py manage_post 28 request.url = http://127.0.0.1:5000/admin/post/manage
2018/09/16 13:20:43 16972 blog.py show_post 69 request.url = http://127.0.0.1:5000/post/30
2018/09/16 13:20:45 4944 admin.py manage_post 28 request.url = http://127.0.0.1:5000/admin/post/manage
2018/09/16 13:20:47 12680 admin.py manage_post 28 request.url = http://127.0.0.1:5000/admin/post/manage?page=2
2018/09/16 13:20:49 11200 admin.py manage_post 28 request.url = http://127.0.0.1:5000/admin/post/manage?page=4
2018/09/16 13:20:51 12656 admin.py manage_post 28 request.url = http://127.0.0.1:5000/admin/post/manage?page=1
2018/09/16 13:21:03 9700 admin.py manage_post 28 request.url = http://127.0.0.1:5000/admin/post/manage?page=1
2018/09/16 13:21:08 16992 blog.py show_category 50 request.url = http://127.0.0.1:5000/category/3
2018/09/16 13:21:10 10568 admin.py manage_post 28 request.url = http://127.0.0.1:5000/admin/post/manage?page=1
2018/09/16 13:21:14 16096 blog.py index 21 request.url = http://127.0.0.1:5000/
2018/09/16 13:21:19 9056 blog.py index 21 request.url = http://127.0.0.1:5000/
2018/09/16 13:21:23 15508 blog.py index 21 request.url = http://127.0.0.1:5000/
2018/09/16 13:21:25 6128 admin.py manage_post 28 request.url = http://127.0.0.1:5000/admin/post/manage
2018/09/16 13:21:36 1152 blog.py change_theme 175 request.url = http://127.0.0.1:5000/change-theme/perfect_blue?next=%2Fadmin%2Fpost%2Fmanage%3F
2018/09/16 13:21:36 1152 blog.py change_theme 183 response = <Response 245 bytes [302 FOUND]>
2018/09/16 13:21:36 1672 admin.py manage_post 28 request.url = http://127.0.0.1:5000/admin/post/manage
2018/09/16 13:21:56 16860 blog.py show_post 69 request.url = http://127.0.0.1:5000/post/42
2018/09/16 13:22:01 15264 admin.py manage_post 28 request.url = http://127.0.0.1:5000/admin/post/manage
2018/09/16 13:22:10 11472 admin.py delete_post 58 request.url = http://127.0.0.1:5000/admin/post/delete/42?next=%2Fadmin%2Fpost%2Fmanage%3F
2018/09/16 13:22:11 7292 admin.py manage_post 28 request.url = http://127.0.0.1:5000/admin/post/manage
2018/09/16 13:31:05 12568 utils.py _log 32 










2018/09/16 13:31:05 12568 utils.py _log 33 now time is 2018-09-16 13:31:05.122773
2018/09/16 13:31:05 12568 utils.py _log 34 --------------------------------------------------------------------------------
2018/09/16 13:31:45 2868 utils.py _log 32 










2018/09/16 13:31:45 2868 utils.py _log 33 now time is 2018-09-16 13:31:45.130284
2018/09/16 13:31:45 2868 utils.py _log 34 --------------------------------------------------------------------------------
2018/09/16 13:31:59 15660 blog.py index 21 request.url = http://127.0.0.1:5000/
2018/09/16 13:32:02 792 admin.py new_post 19 request.url = http://127.0.0.1:5000/admin/post/new
2018/09/16 13:33:49 14012 admin.py new_post 19 request.url = http://127.0.0.1:5000/admin/post/new
2018/09/16 13:42:46 3944 utils.py _log 32 










2018/09/16 13:42:46 3944 utils.py _log 33 now time is 2018-09-16 13:42:46.177825
2018/09/16 13:42:46 3944 utils.py _log 34 --------------------------------------------------------------------------------
2018/09/16 13:42:47 9364 admin.py manage_post 49 request.url = http://127.0.0.1:5000/admin/post/manage
2018/09/16 13:50:08 16456 admin.py new_post 19 request.url = http://127.0.0.1:5000/admin/post/new
2018/09/16 13:50:10 16708 admin.py manage_post 49 request.url = http://127.0.0.1:5000/admin/post/manage
2018/09/16 14:07:36 8572 utils.py _log 32 










2018/09/16 14:07:36 8572 utils.py _log 33 now time is 2018-09-16 14:07:36.789682
2018/09/16 14:07:36 8572 utils.py _log 34 --------------------------------------------------------------------------------
2018/09/16 14:07:38 6780 utils.py _log 32 










2018/09/16 14:07:38 6780 utils.py _log 33 now time is 2018-09-16 14:07:38.235096
2018/09/16 14:07:38 6780 utils.py _log 34 --------------------------------------------------------------------------------
2018/09/16 14:07:48 8156 admin.py manage_post 50 request.url = http://127.0.0.1:5000/admin/post/manage
2018/09/16 14:08:12 14468 admin.py edit_post 75 request.url = http://127.0.0.1:5000/admin/post/edit/42
2018/09/16 14:08:32 4556 admin.py edit_post 75 request.url = http://127.0.0.1:5000/admin/post/edit/42
2018/09/16 14:08:32 3716 blog.py show_post 69 request.url = http://127.0.0.1:5000/post/42
2018/09/16 14:08:53 16924 admin.py edit_post 75 request.url = http://127.0.0.1:5000/admin/post/edit/42
2018/09/16 14:08:55 13024 admin.py edit_post 75 request.url = http://127.0.0.1:5000/admin/post/edit/42
2018/09/16 14:09:01 15996 admin.py edit_post 75 request.url = http://127.0.0.1:5000/admin/post/edit/42
2018/09/16 14:22:21 15496 utils.py _log 32 










2018/09/16 14:22:21 15496 utils.py _log 33 now time is 2018-09-16 14:22:21.867771
2018/09/16 14:22:21 15496 utils.py _log 34 --------------------------------------------------------------------------------
2018/09/16 14:22:32 16440 admin.py manage_post 50 request.url = http://127.0.0.1:5000/admin/post/manage
2018/09/16 14:22:34 3448 admin.py manage_post 50 request.url = http://127.0.0.1:5000/admin/post/manage
2018/09/16 14:22:41 16368 admin.py edit_post 75 request.url = http://127.0.0.1:5000/admin/post/edit/42
2018/09/16 14:22:57 9128 admin.py edit_post 75 request.url = http://127.0.0.1:5000/admin/post/edit/42
2018/09/16 14:22:57 13796 blog.py show_post 69 request.url = http://127.0.0.1:5000/post/42
2018/09/16 14:23:08 3008 admin.py edit_post 75 request.url = http://127.0.0.1:5000/admin/post/edit/42
2018/09/16 14:23:13 15460 blog.py show_post 69 request.url = http://127.0.0.1:5000/post/42
2018/09/16 14:24:28 10428 blog.py show_post 69 request.url = http://127.0.0.1:5000/post/42
2018/09/16 14:24:41 14876 blog.py show_post 69 request.url = http://127.0.0.1:5000/post/42
2018/09/16 14:24:53 14268 blog.py show_post 69 request.url = http://127.0.0.1:5000/post/42
2018/09/16 14:25:03 16972 blog.py show_post 69 request.url = http://127.0.0.1:5000/post/42
2018/09/16 14:25:09 8352 blog.py show_post 69 request.url = http://127.0.0.1:5000/post/42
2018/09/16 14:25:18 8960 blog.py show_post 69 request.url = http://127.0.0.1:5000/post/42
2018/09/16 14:26:50 14976 admin.py manage_post 50 request.url = http://127.0.0.1:5000/admin/post/manage
2018/09/16 14:26:55 8768 admin.py delete_post 101 request.url = http://127.0.0.1:5000/admin/post/delete/42?next=%2Fadmin%2Fpost%2Fmanage%3F
2018/09/16 14:26:55 6780 admin.py manage_post 50 request.url = http://127.0.0.1:5000/admin/post/manage
2018/09/16 14:29:11 6712 utils.py _log 32 










2018/09/16 14:29:11 6712 utils.py _log 33 now time is 2018-09-16 14:29:11.563490
2018/09/16 14:29:11 6712 utils.py _log 34 --------------------------------------------------------------------------------
2018/09/16 14:29:51 5360 utils.py _log 32 










2018/09/16 14:29:51 5360 utils.py _log 33 now time is 2018-09-16 14:29:51.667128
2018/09/16 14:29:51 5360 utils.py _log 34 --------------------------------------------------------------------------------
2018/09/16 15:02:42 9532 utils.py _log 32 










2018/09/16 15:02:42 9532 utils.py _log 33 now time is 2018-09-16 15:02:42.505982
2018/09/16 15:02:42 9532 utils.py _log 34 --------------------------------------------------------------------------------
2018/09/16 15:02:43 1560 utils.py _log 32 










2018/09/16 15:02:43 1560 utils.py _log 33 now time is 2018-09-16 15:02:43.956800
2018/09/16 15:02:43 1560 utils.py _log 34 --------------------------------------------------------------------------------
2018/09/16 15:02:47 12788 admin.py manage_post 50 request.url = http://127.0.0.1:5000/admin/post/manage
2018/09/16 15:02:50 11524 admin.py manage_comment 70 request.urlhttp://127.0.0.1:5000/admin/manage_comment
2018/09/16 15:02:52 17316 admin.py manage_post 50 request.url = http://127.0.0.1:5000/admin/post/manage
2018/09/16 15:02:53 4756 admin.py manage_post 50 request.url = http://127.0.0.1:5000/admin/post/manage
2018/09/16 15:03:08 9300 admin.py manage_post 50 request.url = http://127.0.0.1:5000/admin/post/manage
2018/09/16 15:03:55 10512 admin.py edit_post 75 request.url = http://127.0.0.1:5000/admin/post/edit/31
2018/09/16 15:04:02 1412 blog.py change_theme 175 request.url = http://127.0.0.1:5000/change-theme/black_swan?next=%2Fadmin%2Fpost%2Fedit%2F31%3F
2018/09/16 15:04:02 1412 blog.py change_theme 183 response = <Response 247 bytes [302 FOUND]>
2018/09/16 15:04:02 10672 admin.py edit_post 75 request.url = http://127.0.0.1:5000/admin/post/edit/31
2018/09/16 15:04:08 13360 admin.py new_post 19 request.url = http://127.0.0.1:5000/admin/post/new
2018/09/16 15:11:16 17372 blog.py index 21 request.url = http://127.0.0.1:5000/
2018/09/16 15:11:17 9184 blog.py index 21 request.url = http://127.0.0.1:5000/
2018/09/16 15:11:22 15060 blog.py index 21 request.url = http://127.0.0.1:5000/page/2
2018/09/16 15:11:36 17232 admin.py settings 121 request.url http://127.0.0.1:5000/admin/settings
2018/09/16 15:11:38 14128 blog.py index 21 request.url = http://127.0.0.1:5000/page/2
2018/09/16 15:12:29 964 blog.py show_post 69 request.url = http://127.0.0.1:5000/post/30
2018/09/16 15:13:50 13580 blog.py reply_comment 153 request.url = http://127.0.0.1:5000/reply/comment/407
2018/09/16 15:13:50 13580 blog.py reply_comment 168 redirect.url = <Response 317 bytes [302 FOUND]>
2018/09/16 15:13:50 15096 blog.py show_post 69 request.url = http://127.0.0.1:5000/post/30?reply=407&author=Renee+Jordan
2018/09/16 15:14:00 448 blog.py show_post 69 request.url = http://127.0.0.1:5000/post/30
2018/09/16 15:28:46 11952 utils.py _log 32 










2018/09/16 15:28:46 11952 utils.py _log 33 now time is 2018-09-16 15:28:46.867785
2018/09/16 15:28:46 11952 utils.py _log 34 --------------------------------------------------------------------------------
2018/09/16 15:28:48 9540 utils.py _log 32 










2018/09/16 15:28:48 9540 utils.py _log 33 now time is 2018-09-16 15:28:48.354738
2018/09/16 15:28:48 9540 utils.py _log 34 --------------------------------------------------------------------------------
2018/09/16 15:28:50 15428 blog.py show_post 69 request.url = http://127.0.0.1:5000/post/30
2018/09/16 15:28:54 16520 blog.py show_post 69 request.url = http://127.0.0.1:5000/post/30
2018/09/16 15:29:24 14700 utils.py _log 32 










2018/09/16 15:29:24 14700 utils.py _log 33 now time is 2018-09-16 15:29:24.820766
2018/09/16 15:29:24 14700 utils.py _log 34 --------------------------------------------------------------------------------
2018/09/16 15:29:51 15036 utils.py _log 32 










2018/09/16 15:29:51 15036 utils.py _log 33 now time is 2018-09-16 15:29:51.068368
2018/09/16 15:29:51 15036 utils.py _log 34 --------------------------------------------------------------------------------
2018/09/16 15:29:52 5776 utils.py _log 32 










2018/09/16 15:29:52 5776 utils.py _log 33 now time is 2018-09-16 15:29:52.539308
2018/09/16 15:29:52 5776 utils.py _log 34 --------------------------------------------------------------------------------
2018/09/16 15:29:59 17388 blog.py index 21 request.url = http://127.0.0.1:5000/
2018/09/16 15:30:01 12640 blog.py show_post 69 request.url = http://127.0.0.1:5000/post/9
2018/09/16 15:30:59 13708 blog.py show_post 69 request.url = http://127.0.0.1:5000/post/9
2018/09/16 15:31:00 6328 blog.py show_post 69 request.url = http://127.0.0.1:5000/post/9
2018/09/16 15:31:20 16252 blog.py show_post 69 request.url = http://127.0.0.1:5000/post/9
2018/09/16 15:31:29 5236 blog.py show_post 69 request.url = http://127.0.0.1:5000/post/9
2018/09/16 15:32:04 2200 blog.py show_post 69 request.url = http://127.0.0.1:5000/post/9
2018/09/16 15:32:18 10080 blog.py show_post 69 request.url = http://127.0.0.1:5000/post/9
2018/09/16 15:33:42 3076 blog.py show_post 69 request.url = http://127.0.0.1:5000/post/9
2018/09/16 15:33:43 13832 blog.py show_post 69 request.url = http://127.0.0.1:5000/post/9
2018/09/16 15:33:43 17144 blog.py show_post 69 request.url = http://127.0.0.1:5000/post/9
2018/09/16 15:33:43 16140 blog.py show_post 69 request.url = http://127.0.0.1:5000/post/9
2018/09/16 15:33:43 8404 blog.py show_post 69 request.url = http://127.0.0.1:5000/post/9
2018/09/16 15:33:44 2872 blog.py show_post 69 request.url = http://127.0.0.1:5000/post/9
2018/09/16 15:33:45 14092 blog.py show_post 69 request.url = http://127.0.0.1:5000/post/9
2018/09/16 15:33:45 2308 blog.py show_post 69 request.url = http://127.0.0.1:5000/post/9
2018/09/16 15:33:56 7200 blog.py show_post 69 request.url = http://127.0.0.1:5000/post/9
2018/09/16 15:33:57 14348 blog.py show_post 69 request.url = http://127.0.0.1:5000/post/9
2018/09/16 15:34:29 16724 blog.py show_post 69 request.url = http://127.0.0.1:5000/post/9
2018/09/16 15:34:30 2424 blog.py show_post 69 request.url = http://127.0.0.1:5000/post/9
2018/09/16 15:34:30 1604 blog.py show_post 69 request.url = http://127.0.0.1:5000/post/9
2018/09/16 15:35:17 8224 blog.py show_post 69 request.url = http://127.0.0.1:5000/post/9
2018/09/16 15:35:18 8972 blog.py show_post 69 request.url = http://127.0.0.1:5000/post/9
2018/09/16 15:35:29 13620 blog.py show_post 69 request.url = http://127.0.0.1:5000/post/9
2018/09/16 15:35:30 6504 blog.py show_post 69 request.url = http://127.0.0.1:5000/post/9
2018/09/16 15:36:41 2976 blog.py show_post 69 request.url = http://127.0.0.1:5000/post/9
2018/09/16 15:37:11 364 blog.py show_post 69 request.url = http://127.0.0.1:5000/post/9
2018/09/16 15:37:28 240 blog.py show_post 69 request.url = http://127.0.0.1:5000/post/9
2018/09/16 15:37:29 7688 blog.py show_post 69 request.url = http://127.0.0.1:5000/post/9
2018/09/16 15:42:25 2648 blog.py show_post 69 request.url = http://127.0.0.1:5000/post/9
2018/09/16 15:42:57 13372 blog.py show_post 69 request.url = http://127.0.0.1:5000/post/9
2018/09/16 15:42:58 5348 blog.py show_post 69 request.url = http://127.0.0.1:5000/post/9
2018/09/16 15:42:58 4620 blog.py show_post 69 request.url = http://127.0.0.1:5000/post/9
2018/09/16 15:42:59 16540 blog.py show_post 69 request.url = http://127.0.0.1:5000/post/9
2018/09/16 15:42:59 1688 blog.py show_post 69 request.url = http://127.0.0.1:5000/post/9
2018/09/16 15:42:59 16508 blog.py show_post 69 request.url = http://127.0.0.1:5000/post/9
2018/09/16 15:44:16 15332 blog.py show_post 69 request.url = http://127.0.0.1:5000/post/9
2018/09/16 15:44:17 9560 blog.py show_post 69 request.url = http://127.0.0.1:5000/post/9
2018/09/16 15:44:17 10724 blog.py show_post 69 request.url = http://127.0.0.1:5000/post/9
2018/09/16 15:44:18 16224 blog.py show_post 69 request.url = http://127.0.0.1:5000/post/9
2018/09/16 15:44:18 11424 blog.py show_post 69 request.url = http://127.0.0.1:5000/post/9
2018/09/16 15:50:29 16952 utils.py _log 32 










2018/09/16 15:50:29 16952 utils.py _log 33 now time is 2018-09-16 15:50:29.672134
2018/09/16 15:50:29 16952 utils.py _log 34 --------------------------------------------------------------------------------
2018/09/16 15:50:36 4340 blog.py show_post 69 request.url = http://127.0.0.1:5000/post/9
2018/09/16 15:51:41 15868 blog.py show_post 69 request.url = http://127.0.0.1:5000/post/9
2018/09/16 15:53:32 13136 blog.py show_post 69 request.url = http://127.0.0.1:5000/post/9
2018/09/16 15:54:17 6124 blog.py show_post 69 request.url = http://127.0.0.1:5000/post/9
2018/09/16 15:55:18 10428 utils.py _log 32 










2018/09/16 15:55:18 10428 utils.py _log 33 now time is 2018-09-16 15:55:18.168403
2018/09/16 15:55:18 10428 utils.py _log 34 --------------------------------------------------------------------------------
2018/09/16 15:55:26 13300 blog.py show_post 69 request.url = http://127.0.0.1:5000/post/9
2018/09/16 15:55:54 14580 blog.py show_post 69 request.url = http://127.0.0.1:5000/post/9
2018/09/16 15:56:19 10188 blog.py show_post 69 request.url = http://127.0.0.1:5000/post/9
2018/09/16 15:56:28 3128 blog.py show_post 69 request.url = http://127.0.0.1:5000/post/9
2018/09/16 16:02:09 17188 blog.py show_post 69 request.url = http://127.0.0.1:5000/post/9
2018/09/16 16:04:46 8852 blog.py show_post 69 request.url = http://127.0.0.1:5000/post/9
2018/09/16 16:05:09 8156 blog.py show_post 69 request.url = http://127.0.0.1:5000/post/9
2018/09/16 16:05:10 14596 blog.py show_post 69 request.url = http://127.0.0.1:5000/post/9
2018/09/16 16:05:21 8884 blog.py show_post 69 request.url = http://127.0.0.1:5000/post/9
2018/09/16 16:06:27 8812 blog.py show_post 69 request.url = http://127.0.0.1:5000/post/9
2018/09/16 16:06:37 10616 blog.py show_post 69 request.url = http://127.0.0.1:5000/post/9
2018/09/16 16:07:14 3028 blog.py show_post 69 request.url = http://127.0.0.1:5000/post/9
2018/09/16 16:09:25 10164 blog.py show_post 69 request.url = http://127.0.0.1:5000/post/9
2018/09/16 16:11:08 10472 blog.py show_post 69 request.url = http://127.0.0.1:5000/post/9
2018/09/16 16:11:26 6780 blog.py show_post 69 request.url = http://127.0.0.1:5000/post/9
2018/09/16 16:18:59 9852 blog.py show_post 69 request.url = http://127.0.0.1:5000/post/9
2018/09/16 16:19:01 14028 blog.py show_post 69 request.url = http://127.0.0.1:5000/post/9
2018/09/16 16:21:32 16200 blog.py show_post 69 request.url = http://127.0.0.1:5000/post/9
2018/09/16 16:23:52 6696 blog.py show_post 69 request.url = http://127.0.0.1:5000/post/9
2018/09/16 16:24:09 16668 blog.py show_post 69 request.url = http://127.0.0.1:5000/post/9
2018/09/16 16:24:47 10736 blog.py show_post 69 request.url = http://127.0.0.1:5000/post/9
2018/09/16 16:24:48 13712 blog.py show_post 69 request.url = http://127.0.0.1:5000/post/9
2018/09/16 16:25:29 6016 blog.py show_post 69 request.url = http://127.0.0.1:5000/post/9
2018/09/16 16:25:30 16772 blog.py show_post 69 request.url = http://127.0.0.1:5000/post/9
2018/09/16 16:27:52 11744 utils.py _log 32 










2018/09/16 16:27:52 11744 utils.py _log 33 now time is 2018-09-16 16:27:52.926640
2018/09/16 16:27:52 11744 utils.py _log 34 --------------------------------------------------------------------------------
2018/09/16 16:28:10 13344 blog.py show_post 69 request.url = http://127.0.0.1:5000/post/9
2018/09/16 16:28:11 3412 blog.py index 21 request.url = http://127.0.0.1:5000/
2018/09/16 16:28:11 9868 blog.py index 21 request.url = http://127.0.0.1:5000/
2018/09/16 16:28:13 5452 blog.py show_post 69 request.url = http://127.0.0.1:5000/post/9
2018/09/16 16:28:48 7912 blog.py show_post 69 request.url = http://127.0.0.1:5000/post/9
2018/09/16 16:30:00 4292 blog.py show_post 69 request.url = http://127.0.0.1:5000/post/9
2018/09/16 16:42:14 12552 blog.py show_post 69 request.url = http://127.0.0.1:5000/post/9
2018/09/16 16:42:26 11772 blog.py show_post 69 request.url = http://127.0.0.1:5000/post/9
2018/09/16 16:42:56 15416 blog.py show_post 69 request.url = http://127.0.0.1:5000/post/9
2018/09/16 16:43:22 16292 blog.py show_post 69 request.url = http://127.0.0.1:5000/post/9
2018/09/16 16:43:36 9600 utils.py _log 32 










2018/09/16 16:43:36 9600 utils.py _log 33 now time is 2018-09-16 16:43:36.709356
2018/09/16 16:43:36 9600 utils.py _log 34 --------------------------------------------------------------------------------
2018/09/16 16:43:49 6704 utils.py _log 32 










2018/09/16 16:43:49 6704 utils.py _log 33 now time is 2018-09-16 16:43:49.120237
2018/09/16 16:43:49 6704 utils.py _log 34 --------------------------------------------------------------------------------
2018/09/16 16:43:52 8448 blog.py show_post 69 request.url = http://127.0.0.1:5000/post/9
2018/09/16 16:43:54 12444 admin.py comment_enabled 126 request.url = http://127.0.0.1:5000/admin/post/comment_enabled?post_id=9&next=%2Fpost%2F9%3F
2018/09/16 16:43:54 15936 blog.py show_post 69 request.url = http://127.0.0.1:5000/post/9
2018/09/16 16:43:56 16232 admin.py comment_enabled 126 request.url = http://127.0.0.1:5000/admin/post/comment_enabled?post_id=9&next=%2Fpost%2F9%3F
2018/09/16 16:43:56 16332 blog.py show_post 69 request.url = http://127.0.0.1:5000/post/9
2018/09/16 16:43:57 9960 admin.py comment_enabled 126 request.url = http://127.0.0.1:5000/admin/post/comment_enabled?post_id=9&next=%2Fpost%2F9%3F
2018/09/16 16:43:57 8572 blog.py show_post 69 request.url = http://127.0.0.1:5000/post/9
2018/09/16 16:43:58 9532 admin.py comment_enabled 126 request.url = http://127.0.0.1:5000/admin/post/comment_enabled?post_id=9&next=%2Fpost%2F9%3F
2018/09/16 16:43:58 14768 blog.py show_post 69 request.url = http://127.0.0.1:5000/post/9
2018/09/16 16:43:59 15760 admin.py comment_enabled 126 request.url = http://127.0.0.1:5000/admin/post/comment_enabled?post_id=9&next=%2Fpost%2F9%3F
2018/09/16 16:43:59 14252 blog.py show_post 69 request.url = http://127.0.0.1:5000/post/9
2018/09/16 16:44:37 16100 blog.py show_post 69 request.url = http://127.0.0.1:5000/post/9
2018/09/16 16:44:49 10696 blog.py show_post 69 request.url = http://127.0.0.1:5000/post/9
2018/09/16 16:45:02 16500 blog.py show_post 69 request.url = http://127.0.0.1:5000/post/9
2018/09/16 16:45:10 9616 blog.py show_post 69 request.url = http://127.0.0.1:5000/post/9
2018/09/16 16:45:16 4292 admin.py comment_enabled 126 request.url = http://127.0.0.1:5000/admin/post/comment_enabled?post_id=9&next=%2Fpost%2F9%3F
2018/09/16 16:45:16 15784 blog.py show_post 69 request.url = http://127.0.0.1:5000/post/9
2018/09/16 16:45:58 12752 blog.py show_post 69 request.url = http://127.0.0.1:5000/post/9
2018/09/16 16:46:01 10528 admin.py comment_enabled 126 request.url = http://127.0.0.1:5000/admin/post/comment_enabled?post_id=9&next=%2Fpost%2F9%3F
2018/09/16 16:46:01 17336 blog.py show_post 69 request.url = http://127.0.0.1:5000/post/9
2018/09/16 16:46:10 7424 blog.py show_post 69 request.url = http://127.0.0.1:5000/post/9
2018/09/16 16:46:11 12160 admin.py comment_enabled 126 request.url = http://127.0.0.1:5000/admin/post/comment_enabled?post_id=9&next=%2Fpost%2F9%3F
2018/09/16 16:46:11 16256 blog.py show_post 69 request.url = http://127.0.0.1:5000/post/9
2018/09/16 16:46:11 12276 admin.py comment_enabled 126 request.url = http://127.0.0.1:5000/admin/post/comment_enabled?post_id=9&next=%2Fpost%2F9%3F
2018/09/16 16:46:11 7320 blog.py show_post 69 request.url = http://127.0.0.1:5000/post/9
2018/09/16 16:46:15 16176 admin.py comment_enabled 126 request.url = http://127.0.0.1:5000/admin/post/comment_enabled?post_id=9&next=%2Fpost%2F9%3F
2018/09/16 16:46:15 6236 blog.py show_post 69 request.url = http://127.0.0.1:5000/post/9
2018/09/16 16:46:49 15940 admin.py settings 121 request.url http://127.0.0.1:5000/admin/settings
2018/09/16 16:46:50 9132 blog.py show_post 69 request.url = http://127.0.0.1:5000/post/9
2018/09/16 16:48:09 8804 blog.py show_post 69 request.url = http://127.0.0.1:5000/post/9
2018/09/16 16:48:15 16412 admin.py comment_enabled 126 request.url = http://127.0.0.1:5000/admin/post/comment_enabled?post_id=9&next=%2Fpost%2F9%3F
2018/09/16 16:48:15 8288 blog.py show_post 69 request.url = http://127.0.0.1:5000/post/9
2018/09/16 16:48:39 10148 blog.py show_post 69 request.url = http://127.0.0.1:5000/post/9?page=2 
2018/09/16 16:48:42 10176 blog.py reply_comment 153 request.url = http://127.0.0.1:5000/reply/comment/217
2018/09/16 16:48:42 10176 blog.py reply_comment 168 redirect.url = <Response 319 bytes [302 FOUND]>
2018/09/16 16:48:42 96 blog.py show_post 69 request.url = http://127.0.0.1:5000/post/9?reply=217&author=Zachary+Thomas
2018/09/16 16:48:49 16320 blog.py reply_comment 153 request.url = http://127.0.0.1:5000/reply/comment/410
2018/09/16 16:48:49 16320 blog.py reply_comment 168 redirect.url = <Response 317 bytes [302 FOUND]>
2018/09/16 16:48:49 6884 blog.py show_post 69 request.url = http://127.0.0.1:5000/post/9?reply=410&author=Joshua+Taylor
2018/09/16 16:49:37 14848 blog.py show_post 69 request.url = http://127.0.0.1:5000/post/9?reply=410&author=Joshua+Taylor
2018/09/16 16:49:43 2140 admin.py comment_enabled 126 request.url = http://127.0.0.1:5000/admin/post/comment_enabled?post_id=9&next=%2Fpost%2F9%3Freply%3D410%26author%3DJoshua%2BTaylor
2018/09/16 16:49:43 9328 blog.py show_post 69 request.url = http://127.0.0.1:5000/post/9?reply=410&author=Joshua+Taylor
2018/09/16 16:49:45 8172 blog.py reply_comment 153 request.url = http://127.0.0.1:5000/reply/comment/144
2018/09/16 16:49:45 8172 blog.py reply_comment 168 redirect.url = <Response 327 bytes [302 FOUND]>
2018/09/16 16:49:45 12164 blog.py show_post 69 request.url = http://127.0.0.1:5000/post/9?reply=144&author=Christopher+Sawyer
2018/09/16 16:49:57 8156 blog.py show_post 69 request.url = http://127.0.0.1:5000/post/9?reply=144&author=Christopher+Sawyer
2018/09/16 16:49:57 8156 blog.py show_post 122 comment_id = 144
2018/09/16 16:49:57 8156 blog.py show_post 126 replied_comment.id = 144
2018/09/16 16:49:57 15172 blog.py show_post 69 request.url = http://127.0.0.1:5000/post/9
2018/09/16 16:50:06 6852 blog.py show_post 69 request.url = http://127.0.0.1:5000/post/9?page=2
2018/09/16 16:54:38 16428 utils.py _log 32 










2018/09/16 16:54:38 16428 utils.py _log 33 now time is 2018-09-16 16:54:38.123772
2018/09/16 16:54:38 16428 utils.py _log 34 --------------------------------------------------------------------------------
2018/09/16 16:54:43 16736 admin.py comment_enabled 127 request.url = http://127.0.0.1:5000/admin/post/comment_enabled?post_id=9&next=%2Fpost%2F9%3Fpage%3D2
2018/09/16 16:54:43 10528 blog.py show_post 69 request.url = http://127.0.0.1:5000/post/9?page=2
2018/09/16 16:57:41 16784 utils.py _log 32 










2018/09/16 16:57:41 16784 utils.py _log 33 now time is 2018-09-16 16:57:41.345721
2018/09/16 16:57:41 16784 utils.py _log 34 --------------------------------------------------------------------------------
2018/09/16 16:57:49 16872 blog.py show_post 69 request.url = http://127.0.0.1:5000/post/9?page=2
2018/09/16 16:57:51 1468 blog.py show_post 69 request.url = http://127.0.0.1:5000/post/9?page=2
2018/09/16 16:58:23 12668 blog.py show_post 69 request.url = http://127.0.0.1:5000/post/9?page=2
2018/09/16 16:58:27 13244 admin.py comment_enabled 127 request.url = http://127.0.0.1:5000/admin/post/comment_enabled/9?next=%2Fpost%2F9%3Fpage%3D2
2018/09/16 16:58:27 6164 blog.py show_post 69 request.url = http://127.0.0.1:5000/post/9?page=2
2018/09/16 16:58:34 14664 admin.py comment_enabled 127 request.url = http://127.0.0.1:5000/admin/post/comment_enabled/9?next=%2Fpost%2F9%3Fpage%3D2
2018/09/16 16:58:34 8652 blog.py show_post 69 request.url = http://127.0.0.1:5000/post/9?page=2
2018/09/16 17:03:40 3876 admin.py manage_post 50 request.url = http://127.0.0.1:5000/admin/post/manage
2018/09/16 17:04:53 1568 blog.py show_post 69 request.url = http://127.0.0.1:5000/post/9?page=2
2018/09/16 17:05:01 2500 blog.py index 21 request.url = http://127.0.0.1:5000/
2018/09/16 17:08:52 8276 utils.py _log 32 










2018/09/16 17:08:52 8276 utils.py _log 33 now time is 2018-09-16 17:08:52.077949
2018/09/16 17:08:52 8276 utils.py _log 34 --------------------------------------------------------------------------------
2018/09/16 17:08:55 16464 blog.py index 21 request.url = http://127.0.0.1:5000/
2018/09/16 17:09:02 5908 blog.py show_post 69 request.url = http://127.0.0.1:5000/post/22
2018/09/16 17:09:21 6784 blog.py show_post 69 request.url = http://127.0.0.1:5000/post/22
2018/09/16 17:10:11 16176 blog.py show_post 69 request.url = http://127.0.0.1:5000/post/22
2018/09/16 17:10:12 9492 blog.py show_post 69 request.url = http://127.0.0.1:5000/post/22
2018/09/16 17:10:13 4580 blog.py show_post 69 request.url = http://127.0.0.1:5000/post/22
2018/09/16 17:10:13 10540 blog.py show_post 69 request.url = http://127.0.0.1:5000/post/22
2018/09/16 17:10:24 14216 blog.py show_post 69 request.url = http://127.0.0.1:5000/post/22
2018/09/16 17:10:24 16480 blog.py show_post 69 request.url = http://127.0.0.1:5000/post/22
2018/09/16 17:10:25 6316 blog.py show_post 69 request.url = http://127.0.0.1:5000/post/22
2018/09/16 17:10:25 13520 blog.py show_post 69 request.url = http://127.0.0.1:5000/post/22
2018/09/16 17:10:44 16408 blog.py change_theme 175 request.url = http://127.0.0.1:5000/change-theme/perfect_blue?next=%2Fpost%2F22%3F
2018/09/16 17:10:44 16408 blog.py change_theme 183 response = <Response 225 bytes [302 FOUND]>
2018/09/16 17:10:44 12752 blog.py show_post 69 request.url = http://127.0.0.1:5000/post/22
2018/09/16 17:10:58 4144 auth.py logout 50 user logout
2018/09/16 17:10:58 3664 blog.py show_post 69 request.url = http://127.0.0.1:5000/post/22
2018/09/16 17:11:02 11760 auth.py login 17 is_authenticated = False
2018/09/16 17:11:02 11760 auth.py login 42 redirect to login.html
2018/09/16 17:11:07 4844 auth.py login 17 is_authenticated = False
2018/09/16 17:11:07 4844 auth.py login 36 login fail
2018/09/16 17:11:07 4844 auth.py login 37 admin = username=admin,name=ChenTao
2018/09/16 17:11:07 4844 auth.py login 38 username is right ? flynngod,admin
2018/09/16 17:11:07 4844 auth.py login 39 password is right ? False
2018/09/16 17:11:07 4844 auth.py login 42 redirect to login.html
2018/09/16 17:11:10 11076 auth.py login 17 is_authenticated = False
2018/09/16 17:11:10 11076 auth.py login 36 login fail
2018/09/16 17:11:10 11076 auth.py login 37 admin = username=admin,name=ChenTao
2018/09/16 17:11:10 11076 auth.py login 38 username is right ? flynngod,admin
2018/09/16 17:11:10 11076 auth.py login 39 password is right ? False
2018/09/16 17:11:10 11076 auth.py login 42 redirect to login.html
2018/09/16 17:11:11 12908 auth.py login 17 is_authenticated = False
2018/09/16 17:11:11 12908 auth.py login 36 login fail
2018/09/16 17:11:11 12908 auth.py login 37 admin = username=admin,name=ChenTao
2018/09/16 17:11:11 12908 auth.py login 38 username is right ? flynngod,admin
2018/09/16 17:11:11 12908 auth.py login 39 password is right ? False
2018/09/16 17:11:11 12908 auth.py login 42 redirect to login.html
2018/09/16 17:11:12 8484 auth.py login 17 is_authenticated = False
2018/09/16 17:11:12 8484 auth.py login 36 login fail
2018/09/16 17:11:12 8484 auth.py login 37 admin = username=admin,name=ChenTao
2018/09/16 17:11:12 8484 auth.py login 38 username is right ? flynngod,admin
2018/09/16 17:11:12 8484 auth.py login 39 password is right ? False
2018/09/16 17:11:12 8484 auth.py login 42 redirect to login.html
2018/09/16 17:11:12 14192 auth.py login 17 is_authenticated = False
2018/09/16 17:11:12 14192 auth.py login 36 login fail
2018/09/16 17:11:12 14192 auth.py login 37 admin = username=admin,name=ChenTao
2018/09/16 17:11:12 14192 auth.py login 38 username is right ? flynngod,admin
2018/09/16 17:11:12 14192 auth.py login 39 password is right ? False
2018/09/16 17:11:12 14192 auth.py login 42 redirect to login.html
2018/09/16 17:11:13 4796 auth.py login 17 is_authenticated = False
2018/09/16 17:11:13 4796 auth.py login 36 login fail
2018/09/16 17:11:13 4796 auth.py login 37 admin = username=admin,name=ChenTao
2018/09/16 17:11:13 4796 auth.py login 38 username is right ? flynngod,admin
2018/09/16 17:11:13 4796 auth.py login 39 password is right ? False
2018/09/16 17:11:13 4796 auth.py login 42 redirect to login.html
2018/09/16 17:11:15 16092 blog.py index 21 request.url = http://127.0.0.1:5000/
2018/09/16 17:11:19 14736 auth.py login 17 is_authenticated = False
2018/09/16 17:11:19 14736 auth.py login 42 redirect to login.html
2018/09/16 17:11:23 15484 auth.py login 17 is_authenticated = False
2018/09/16 17:11:23 15484 auth.py login 36 login fail
2018/09/16 17:11:23 15484 auth.py login 37 admin = username=admin,name=ChenTao
2018/09/16 17:11:23 15484 auth.py login 38 username is right ? flynngod,admin
2018/09/16 17:11:23 15484 auth.py login 39 password is right ? False
2018/09/16 17:11:23 15484 auth.py login 42 redirect to login.html
2018/09/16 17:12:10 10656 auth.py login 17 is_authenticated = False
2018/09/16 17:12:10 10656 auth.py login 36 login fail
2018/09/16 17:12:10 10656 auth.py login 37 admin = username=admin,name=ChenTao
2018/09/16 17:12:10 10656 auth.py login 38 username is right ? admin,admin
2018/09/16 17:12:10 10656 auth.py login 39 password is right ? False
2018/09/16 17:12:10 10656 auth.py login 42 redirect to login.html
2018/09/16 17:12:23 3968 utils.py _log 32 










2018/09/16 17:12:23 3968 utils.py _log 33 now time is 2018-09-16 17:12:23.563130
2018/09/16 17:12:23 3968 utils.py _log 34 --------------------------------------------------------------------------------
2018/09/16 17:12:29 3968 __init__.py init_admin 154 admin.username = admin
2018/09/16 17:12:44 12944 utils.py _log 32 










2018/09/16 17:12:44 12944 utils.py _log 33 now time is 2018-09-16 17:12:44.499803
2018/09/16 17:12:44 12944 utils.py _log 34 --------------------------------------------------------------------------------
2018/09/16 17:12:46 4624 utils.py _log 32 










2018/09/16 17:12:46 4624 utils.py _log 33 now time is 2018-09-16 17:12:46.014697
2018/09/16 17:12:46 4624 utils.py _log 34 --------------------------------------------------------------------------------
2018/09/16 17:12:49 10456 auth.py login 17 is_authenticated = False
2018/09/16 17:12:49 10456 auth.py login 42 redirect to login.html
2018/09/16 17:12:54 6964 auth.py login 17 is_authenticated = False
2018/09/16 17:12:54 6964 auth.py login 31 login success
2018/09/16 17:12:54 13304 blog.py index 21 request.url = http://127.0.0.1:5000/
2018/09/16 17:13:02 16736 blog.py show_post 69 request.url = http://127.0.0.1:5000/post/9
2018/09/16 17:13:14 2932 admin.py comment_enabled 127 request.url = http://127.0.0.1:5000/admin/post/comment_enabled/9?next=%2Fpost%2F9%3F
2018/09/16 17:13:14 15604 blog.py show_post 69 request.url = http://127.0.0.1:5000/post/9
2018/09/16 17:14:33 10164 utils.py _log 32 










2018/09/16 17:14:33 10164 utils.py _log 33 now time is 2018-09-16 17:14:33.212950
2018/09/16 17:14:33 10164 utils.py _log 34 --------------------------------------------------------------------------------
2018/09/16 17:14:36 3128 blog.py show_post 69 request.url = http://127.0.0.1:5000/post/9
2018/09/16 17:14:38 16812 blog.py index 21 request.url = http://127.0.0.1:5000/
2018/09/16 17:14:40 16264 blog.py show_post 69 request.url = http://127.0.0.1:5000/post/19
2018/09/16 17:14:45 17032 admin.py comment_enabled 127 request.url = http://127.0.0.1:5000/admin/post/comment_enabled/19?next=%2Fpost%2F19%3F
2018/09/16 17:14:45 13136 blog.py show_post 69 request.url = http://127.0.0.1:5000/post/19
2018/09/16 17:14:47 16780 admin.py comment_enabled 127 request.url = http://127.0.0.1:5000/admin/post/comment_enabled/19?next=%2Fpost%2F19%3F
2018/09/16 17:14:47 8744 blog.py show_post 69 request.url = http://127.0.0.1:5000/post/19
2018/09/16 17:15:00 8388 blog.py reply_comment 153 request.url = http://127.0.0.1:5000/reply/comment/520
2018/09/16 17:15:00 8388 blog.py reply_comment 168 redirect.url = <Response 315 bytes [302 FOUND]>
2018/09/16 17:15:00 16656 blog.py show_post 69 request.url = http://127.0.0.1:5000/post/19?reply=520&author=Karen+Jones
2018/09/16 17:16:50 12004 utils.py _log 32 










2018/09/16 17:16:50 12004 utils.py _log 33 now time is 2018-09-16 17:16:50.781791
2018/09/16 17:16:50 12004 utils.py _log 34 --------------------------------------------------------------------------------
2018/09/16 17:16:54 2776 auth.py logout 50 user logout
2018/09/16 17:16:54 10512 blog.py show_post 69 request.url = http://127.0.0.1:5000/post/19?reply=520&author=Karen+Jones
2018/09/16 17:17:12 1596 auth.py login 17 is_authenticated = False
2018/09/16 17:17:12 1596 auth.py login 42 redirect to login.html
2018/09/16 17:17:20 8060 auth.py login 17 is_authenticated = False
2018/09/16 17:17:20 8060 auth.py login 31 login success
2018/09/16 17:17:20 5072 blog.py show_post 69 request.url = http://127.0.0.1:5000/post/19?reply=520&author=Karen+Jones
2018/09/16 17:17:44 14988 utils.py _log 32 










2018/09/16 17:17:44 14988 utils.py _log 33 now time is 2018-09-16 17:17:44.695533
2018/09/16 17:17:44 14988 utils.py _log 34 --------------------------------------------------------------------------------
2018/09/16 17:17:48 14952 blog.py show_post 69 request.url = http://127.0.0.1:5000/post/19?reply=520&author=Karen+Jones
2018/09/16 17:21:25 13996 utils.py _log 32 










2018/09/16 17:21:25 13996 utils.py _log 33 now time is 2018-09-16 17:21:25.023603
2018/09/16 17:21:25 13996 utils.py _log 34 --------------------------------------------------------------------------------
2018/09/16 17:30:16 17216 utils.py _log 32 










2018/09/16 17:30:16 17216 utils.py _log 33 now time is 2018-09-16 17:30:16.351908
2018/09/16 17:30:16 17216 utils.py _log 34 --------------------------------------------------------------------------------
2018/09/16 17:30:24 2468 blog.py show_post 69 request.url = http://127.0.0.1:5000/post/19?reply=520&author=Karen+Jones
2018/09/16 17:30:38 1688 auth.py logout 50 user logout
2018/09/16 17:30:38 1832 blog.py show_post 69 request.url = http://127.0.0.1:5000/post/19?reply=520&author=Karen+Jones
2018/09/16 17:30:53 10016 blog.py show_post 69 request.url = http://127.0.0.1:5000/post/19?reply=520&author=Karen+Jones
2018/09/16 17:30:53 10016 blog.py show_post 129 comment_id = 520
2018/09/16 17:30:53 10016 blog.py show_post 133 replied_comment.id = 520
2018/09/16 17:30:53 10692 blog.py show_post 69 request.url = http://127.0.0.1:5000/post/19
2018/09/16 17:31:01 2352 auth.py login 17 is_authenticated = False
2018/09/16 17:31:01 2352 auth.py login 42 redirect to login.html
2018/09/16 17:31:07 2140 auth.py login 17 is_authenticated = False
2018/09/16 17:31:08 2140 auth.py login 31 login success
2018/09/16 17:31:08 2024 blog.py show_post 69 request.url = http://127.0.0.1:5000/post/19
2018/09/16 17:33:05 10492 blog.py index 21 request.url = http://127.0.0.1:5000/
2018/09/16 17:33:07 9280 blog.py show_post 69 request.url = http://127.0.0.1:5000/post/9
2018/09/16 17:33:10 13396 blog.py index 21 request.url = http://127.0.0.1:5000/
2018/09/16 17:33:11 17324 blog.py show_post 69 request.url = http://127.0.0.1:5000/post/19
2018/09/16 17:33:17 6856 blog.py index 21 request.url = http://127.0.0.1:5000/
2018/09/16 17:33:19 15936 blog.py show_post 69 request.url = http://127.0.0.1:5000/post/49
2018/09/16 17:33:25 1804 blog.py index 21 request.url = http://127.0.0.1:5000/
2018/09/16 17:33:27 3948 blog.py show_post 69 request.url = http://127.0.0.1:5000/post/28
2018/09/16 17:41:28 9820 utils.py _log 32 










2018/09/16 17:41:28 9820 utils.py _log 33 now time is 2018-09-16 17:41:28.517453
2018/09/16 17:41:28 9820 utils.py _log 34 --------------------------------------------------------------------------------
2018/09/16 17:41:37 2868 blog.py show_post 69 request.url = http://127.0.0.1:5000/post/28
2018/09/16 17:41:58 5956 utils.py _log 32 










2018/09/16 17:41:58 5956 utils.py _log 33 now time is 2018-09-16 17:41:58.519174
2018/09/16 17:41:58 5956 utils.py _log 34 --------------------------------------------------------------------------------
2018/09/16 17:42:01 13576 admin.py delete_comment 150 request.url = http://127.0.0.1:5000/admin/comment/delete/314?next=%2Fpost%2F28%3F
2018/09/16 17:42:01 15528 blog.py show_post 69 request.url = http://127.0.0.1:5000/post/28
2018/09/16 17:42:07 13240 admin.py delete_comment 150 request.url = http://127.0.0.1:5000/admin/comment/delete/160?next=%2Fpost%2F28%3F
2018/09/16 17:42:07 10600 blog.py show_post 69 request.url = http://127.0.0.1:5000/post/28
2018/09/16 17:42:13 11196 auth.py logout 50 user logout
2018/09/16 17:42:13 188 blog.py show_post 69 request.url = http://127.0.0.1:5000/post/28
2018/09/16 17:42:24 3580 blog.py show_post 69 request.url = http://127.0.0.1:5000/post/28
2018/09/16 17:42:24 3580 blog.py show_post 129 comment_id = None
2018/09/16 17:42:24 16172 blog.py show_post 69 request.url = http://127.0.0.1:5000/post/28
2018/09/16 17:42:29 13844 auth.py login 17 is_authenticated = False
2018/09/16 17:42:29 13844 auth.py login 42 redirect to login.html
2018/09/16 17:42:31 4756 auth.py login 17 is_authenticated = False
2018/09/16 17:42:32 4756 auth.py login 31 login success
2018/09/16 17:42:32 14404 blog.py show_post 69 request.url = http://127.0.0.1:5000/post/28
2018/09/16 17:43:00 14348 blog.py show_post 69 request.url = http://127.0.0.1:5000/post/28
2018/09/16 17:43:00 14348 blog.py show_post 129 comment_id = None
2018/09/16 17:43:00 15904 blog.py show_post 69 request.url = http://127.0.0.1:5000/post/28
2018/09/16 17:43:11 4580 admin.py review_comment 166 request.url = http://127.0.0.1:5000/admin/comment/review/603?next=%2Fpost%2F28%3F
2018/09/16 17:43:11 15880 blog.py show_post 69 request.url = http://127.0.0.1:5000/post/28
2018/09/16 17:44:12 13296 blog.py show_post 69 request.url = http://127.0.0.1:5000/post/28
2018/09/16 17:44:15 16292 blog.py show_post 69 request.url = http://127.0.0.1:5000/post/28
2018/09/16 17:44:15 13940 blog.py show_post 69 request.url = http://127.0.0.1:5000/post/28
2018/09/16 17:44:16 16964 blog.py show_post 69 request.url = http://127.0.0.1:5000/post/28
2018/09/16 17:44:16 8756 blog.py show_post 69 request.url = http://127.0.0.1:5000/post/28
2018/09/16 17:44:18 11032 blog.py show_post 69 request.url = http://127.0.0.1:5000/post/28
2018/09/16 17:44:20 2904 blog.py show_post 69 request.url = http://127.0.0.1:5000/post/28
2018/09/16 17:44:50 9132 blog.py show_post 69 request.url = http://127.0.0.1:5000/post/28
2018/09/16 17:44:51 16400 blog.py show_post 69 request.url = http://127.0.0.1:5000/post/28
2018/09/16 17:44:52 17192 blog.py show_post 69 request.url = http://127.0.0.1:5000/post/28
2018/09/16 17:44:52 6236 blog.py show_post 69 request.url = http://127.0.0.1:5000/post/28
2018/09/16 17:44:53 6896 blog.py show_post 69 request.url = http://127.0.0.1:5000/post/28
2018/09/16 17:45:11 16084 auth.py logout 50 user logout
2018/09/16 17:45:11 16256 blog.py show_post 69 request.url = http://127.0.0.1:5000/post/28
2018/09/16 17:45:25 3228 blog.py show_post 69 request.url = http://127.0.0.1:5000/post/28
2018/09/16 17:45:42 11812 blog.py show_post 69 request.url = http://127.0.0.1:5000/post/28
2018/09/16 17:45:52 4360 blog.py show_post 69 request.url = http://127.0.0.1:5000/post/28
2018/09/16 17:45:57 8924 blog.py show_post 69 request.url = http://127.0.0.1:5000/post/28
2018/09/16 17:46:01 16528 blog.py show_post 69 request.url = http://127.0.0.1:5000/post/28
2018/09/16 17:46:06 2952 blog.py show_post 69 request.url = http://127.0.0.1:5000/post/28
2018/09/16 17:46:06 2952 blog.py show_post 129 comment_id = None
2018/09/16 17:46:06 15584 blog.py show_post 69 request.url = http://127.0.0.1:5000/post/28
2018/09/16 17:47:16 14552 blog.py show_post 69 request.url = http://127.0.0.1:5000/post/28
2018/09/16 17:47:17 16656 blog.py show_post 69 request.url = http://127.0.0.1:5000/post/28
2018/09/16 17:47:22 9852 blog.py show_post 69 request.url = http://127.0.0.1:5000/post/28
2018/09/16 17:47:37 2188 blog.py show_post 69 request.url = http://127.0.0.1:5000/post/28
2018/09/16 17:47:58 9712 blog.py show_post 69 request.url = http://127.0.0.1:5000/post/28
2018/09/16 17:48:16 12612 auth.py login 17 is_authenticated = False
2018/09/16 17:48:16 12612 auth.py login 42 redirect to login.html
2018/09/16 17:48:17 17236 auth.py login 17 is_authenticated = False
2018/09/16 17:48:17 17236 auth.py login 31 login success
2018/09/16 17:48:17 5296 blog.py show_post 69 request.url = http://127.0.0.1:5000/post/28
2018/09/16 17:48:19 3128 admin.py new_post 19 request.url = http://127.0.0.1:5000/admin/post/new
2018/09/16 17:49:51 8152 utils.py _log 32 










2018/09/16 17:49:51 8152 utils.py _log 33 now time is 2018-09-16 17:49:51.192770
2018/09/16 17:49:51 8152 utils.py _log 34 --------------------------------------------------------------------------------
2018/09/16 17:49:59 6884 admin.py new_post 19 request.url = http://127.0.0.1:5000/admin/post/new
2018/09/16 17:49:59 6884 admin.py new_post 34 publish a new post, id = 51
2018/09/16 17:49:59 12148 blog.py show_post 69 request.url = http://127.0.0.1:5000/post/51
2018/09/16 17:50:19 4400 admin.py comment_enabled 127 request.url = http://127.0.0.1:5000/admin/post/comment_enabled/51?next=%2Fpost%2F51%3F
2018/09/16 17:50:20 15456 blog.py show_post 69 request.url = http://127.0.0.1:5000/post/51
2018/09/16 17:50:21 16204 admin.py comment_enabled 127 request.url = http://127.0.0.1:5000/admin/post/comment_enabled/51?next=%2Fpost%2F51%3F
2018/09/16 17:50:21 4760 blog.py show_post 69 request.url = http://127.0.0.1:5000/post/51
2018/09/16 17:50:26 5444 admin.py manage_post 50 request.url = http://127.0.0.1:5000/admin/post/manage
2018/09/16 17:50:32 4416 admin.py delete_post 108 request.url = http://127.0.0.1:5000/admin/post/delete/51?next=%2Fadmin%2Fpost%2Fmanage%3F
2018/09/16 17:50:32 4804 admin.py manage_post 50 request.url = http://127.0.0.1:5000/admin/post/manage
2018/09/16 17:50:35 11768 admin.py new_post 19 request.url = http://127.0.0.1:5000/admin/post/new
2018/09/16 17:50:49 16016 admin.py new_post 19 request.url = http://127.0.0.1:5000/admin/post/new
2018/09/16 17:50:49 16016 admin.py new_post 34 publish a new post, id = 51
2018/09/16 17:50:49 3148 blog.py show_post 69 request.url = http://127.0.0.1:5000/post/51
2018/09/16 18:40:05 13816 blog.py show_post 69 request.url = http://127.0.0.1:5000/post/51
2018/09/16 18:40:17 17108 admin.py new_post 19 request.url = http://127.0.0.1:5000/admin/post/new
2018/09/16 18:40:19 12300 admin.py new_category 43 request.url = http://127.0.0.1:5000/admin/category/new
2018/09/16 18:40:37 2492 admin.py manage_category 65 request.url = http://127.0.0.1:5000/admin/category/manage
2018/09/16 18:52:04 14696 utils.py _log 32 










2018/09/16 18:52:04 14696 utils.py _log 33 now time is 2018-09-16 18:52:04.892044
2018/09/16 18:52:04 14696 utils.py _log 34 --------------------------------------------------------------------------------
2018/09/16 18:53:30 12000 admin.py new_post 19 request.url = http://127.0.0.1:5000/admin/post/new
2018/09/16 18:53:34 13632 admin.py manage_category 65 request.url = http://127.0.0.1:5000/admin/category/manage
2018/09/16 18:54:24 2656 admin.py manage_category 65 request.url = http://127.0.0.1:5000/admin/category/manage
2018/09/16 18:56:16 6364 admin.py manage_category 65 request.url = http://127.0.0.1:5000/admin/category/manage
2018/09/16 18:58:46 920 admin.py manage_category 65 request.url = http://127.0.0.1:5000/admin/category/manage
2018/09/16 19:02:31 10124 admin.py manage_category 65 request.url = http://127.0.0.1:5000/admin/category/manage
2018/09/16 19:02:43 15476 admin.py manage_category 65 request.url = http://127.0.0.1:5000/admin/category/manage
2018/09/16 19:03:23 9860 admin.py manage_category 65 request.url = http://127.0.0.1:5000/admin/category/manage
2018/09/16 19:03:37 9936 admin.py manage_category 65 request.url = http://127.0.0.1:5000/admin/category/manage
2018/09/16 19:04:58 13240 admin.py manage_category 65 request.url = http://127.0.0.1:5000/admin/category/manage
2018/09/16 19:05:08 1672 admin.py manage_category 65 request.url = http://127.0.0.1:5000/admin/category/manage
2018/09/16 19:05:48 13520 admin.py manage_category 65 request.url = http://127.0.0.1:5000/admin/category/manage
2018/09/16 19:12:07 12908 utils.py _log 32 










2018/09/16 19:12:07 12908 utils.py _log 33 now time is 2018-09-16 19:12:07.120086
2018/09/16 19:12:07 12908 utils.py _log 34 --------------------------------------------------------------------------------
2018/09/16 19:12:11 8484 admin.py manage_category 74 request.url = http://127.0.0.1:5000/admin/category/manage
2018/09/16 19:12:35 1412 admin.py manage_category 74 request.url = http://127.0.0.1:5000/admin/category/manage
2018/09/16 19:12:36 3980 admin.py manage_category 74 request.url = http://127.0.0.1:5000/admin/category/manage
2018/09/16 19:13:25 11116 admin.py manage_category 74 request.url = http://127.0.0.1:5000/admin/category/manage
2018/09/16 19:13:26 4060 admin.py manage_category 74 request.url = http://127.0.0.1:5000/admin/category/manage
2018/09/16 19:13:35 13300 admin.py manage_category 74 request.url = http://127.0.0.1:5000/admin/category/manage
2018/09/16 19:16:24 6928 admin.py manage_category 74 request.url = http://127.0.0.1:5000/admin/category/manage
2018/09/16 19:16:36 4384 admin.py manage_category 74 request.url = http://127.0.0.1:5000/admin/category/manage
2018/09/16 19:17:12 9132 admin.py manage_category 74 request.url = http://127.0.0.1:5000/admin/category/manage
2018/09/16 19:17:13 10848 admin.py manage_category 74 request.url = http://127.0.0.1:5000/admin/category/manage
2018/09/16 19:17:30 16948 admin.py manage_category 74 request.url = http://127.0.0.1:5000/admin/category/manage
2018/09/16 19:17:30 6884 admin.py manage_category 74 request.url = http://127.0.0.1:5000/admin/category/manage
2018/09/16 19:17:31 2604 admin.py manage_category 74 request.url = http://127.0.0.1:5000/admin/category/manage
2018/09/16 19:18:12 10412 admin.py manage_category 74 request.url = http://127.0.0.1:5000/admin/category/manage
2018/09/16 19:18:19 10148 admin.py manage_category 74 request.url = http://127.0.0.1:5000/admin/category/manage
2018/09/16 19:19:21 16036 admin.py manage_category 74 request.url = http://127.0.0.1:5000/admin/category/manage
2018/09/16 19:19:22 12880 admin.py manage_category 74 request.url = http://127.0.0.1:5000/admin/category/manage
2018/09/16 19:19:22 14000 admin.py manage_category 74 request.url = http://127.0.0.1:5000/admin/category/manage
2018/09/16 19:20:34 6976 admin.py manage_category 74 request.url = http://127.0.0.1:5000/admin/category/manage
2018/09/16 19:21:05 10960 admin.py manage_category 74 request.url = http://127.0.0.1:5000/admin/category/manage
2018/09/16 19:21:06 10992 admin.py manage_category 74 request.url = http://127.0.0.1:5000/admin/category/manage
2018/09/16 19:21:06 13176 admin.py manage_category 74 request.url = http://127.0.0.1:5000/admin/category/manage
2018/09/16 19:21:07 15744 admin.py manage_category 74 request.url = http://127.0.0.1:5000/admin/category/manage
2018/09/16 19:21:47 13368 admin.py manage_category 74 request.url = http://127.0.0.1:5000/admin/category/manage
2018/09/16 19:21:48 7568 admin.py manage_category 74 request.url = http://127.0.0.1:5000/admin/category/manage
2018/09/16 19:21:49 8924 admin.py manage_category 74 request.url = http://127.0.0.1:5000/admin/category/manage
2018/09/16 19:21:49 13848 admin.py manage_category 74 request.url = http://127.0.0.1:5000/admin/category/manage
2018/09/16 19:21:58 16792 admin.py manage_category 74 request.url = http://127.0.0.1:5000/admin/category/manage
2018/09/16 19:22:43 920 admin.py manage_category 74 request.url = http://127.0.0.1:5000/admin/category/manage
2018/09/16 19:25:20 16712 admin.py manage_category 74 request.url = http://127.0.0.1:5000/admin/category/manage
2018/09/16 19:25:29 13924 admin.py manage_category 74 request.url = http://127.0.0.1:5000/admin/category/manage
2018/09/16 19:25:40 756 admin.py manage_category 74 request.url = http://127.0.0.1:5000/admin/category/manage
2018/09/16 19:28:54 15440 admin.py manage_category 74 request.url = http://127.0.0.1:5000/admin/category/manage
2018/09/16 19:29:47 9936 admin.py manage_category 74 request.url = http://127.0.0.1:5000/admin/category/manage
2018/09/16 19:31:11 6976 admin.py manage_category 74 request.url = http://127.0.0.1:5000/admin/category/manage
2018/09/16 19:31:24 12852 admin.py manage_category 74 request.url = http://127.0.0.1:5000/admin/category/manage
2018/09/16 19:31:37 16544 admin.py manage_category 74 request.url = http://127.0.0.1:5000/admin/category/manage
2018/09/16 19:31:46 14088 admin.py manage_category 74 request.url = http://127.0.0.1:5000/admin/category/manage
2018/09/16 19:32:36 14016 admin.py manage_category 74 request.url = http://127.0.0.1:5000/admin/category/manage
2018/09/16 19:32:37 16328 admin.py manage_category 74 request.url = http://127.0.0.1:5000/admin/category/manage
2018/09/16 19:32:37 16444 admin.py manage_category 74 request.url = http://127.0.0.1:5000/admin/category/manage
2018/09/16 19:32:37 2220 admin.py manage_category 74 request.url = http://127.0.0.1:5000/admin/category/manage
2018/09/16 19:32:44 11192 admin.py manage_category 74 request.url = http://127.0.0.1:5000/admin/category/manage
2018/09/16 19:32:58 11012 admin.py manage_category 74 request.url = http://127.0.0.1:5000/admin/category/manage
2018/09/16 19:33:07 7568 admin.py manage_category 74 request.url = http://127.0.0.1:5000/admin/category/manage
2018/09/16 19:33:32 5856 admin.py manage_category 74 request.url = http://127.0.0.1:5000/admin/category/manage
2018/09/16 19:33:42 8784 admin.py new_category 43 request.url = http://127.0.0.1:5000/admin/category/new?category_name=方法&next=%2Fadmin%2Fcategory%2Fmanage%3F
2018/09/16 19:33:42 4452 admin.py manage_category 74 request.url = http://127.0.0.1:5000/admin/category/manage
2018/09/16 19:34:24 3172 admin.py manage_category 74 request.url = http://127.0.0.1:5000/admin/category/manage
2018/09/16 19:34:34 11824 admin.py new_category 43 request.url = http://127.0.0.1:5000/admin/category/new?category_name=方法&next=%2Fadmin%2Fcategory%2Fmanage%3F
2018/09/16 19:34:36 8900 admin.py manage_category 74 request.url = http://127.0.0.1:5000/admin/category/manage
2018/09/16 19:34:42 14012 admin.py new_category 43 request.url = http://127.0.0.1:5000/admin/category/new?category_name=少时诵诗书所所&next=%2Fadmin%2Fcategory%2Fmanage%3F
2018/09/16 19:34:42 920 admin.py manage_category 74 request.url = http://127.0.0.1:5000/admin/category/manage
2018/09/16 19:34:44 10676 admin.py manage_category 74 request.url = http://127.0.0.1:5000/admin/category/manage
2018/09/16 19:39:03 7320 utils.py _log 32 










2018/09/16 19:39:03 7320 utils.py _log 33 now time is 2018-09-16 19:39:03.360675
2018/09/16 19:39:03 7320 utils.py _log 34 --------------------------------------------------------------------------------
2018/09/16 19:39:06 12836 admin.py manage_category 83 request.url = http://127.0.0.1:5000/admin/category/manage
2018/09/16 19:39:07 1612 admin.py manage_category 83 request.url = http://127.0.0.1:5000/admin/category/manage
2018/09/16 19:39:07 15716 admin.py manage_category 83 request.url = http://127.0.0.1:5000/admin/category/manage
2018/09/16 19:39:08 16696 admin.py manage_category 83 request.url = http://127.0.0.1:5000/admin/category/manage
2018/09/16 19:39:08 13420 admin.py manage_category 83 request.url = http://127.0.0.1:5000/admin/category/manage
2018/09/16 19:39:08 15676 admin.py manage_category 83 request.url = http://127.0.0.1:5000/admin/category/manage
2018/09/16 19:39:14 8852 admin.py new_category 45 request.url = http://127.0.0.1:5000/admin/category/new?category_name=方法方法付付付付&next=%2Fadmin%2Fcategory%2Fmanage%3F
2018/09/16 19:39:19 6456 admin.py manage_category 83 request.url = http://127.0.0.1:5000/admin/category/manage
2018/09/16 19:40:16 15912 admin.py manage_category 83 request.url = http://127.0.0.1:5000/admin/category/manage
2018/09/16 19:40:17 16996 admin.py manage_category 83 request.url = http://127.0.0.1:5000/admin/category/manage
2018/09/16 19:40:17 10564 admin.py manage_category 83 request.url = http://127.0.0.1:5000/admin/category/manage
2018/09/16 19:40:17 10992 admin.py manage_category 83 request.url = http://127.0.0.1:5000/admin/category/manage
2018/09/16 19:40:18 1064 admin.py manage_category 83 request.url = http://127.0.0.1:5000/admin/category/manage
2018/09/16 19:40:25 16624 admin.py new_category 45 request.url = http://127.0.0.1:5000/admin/category/new?category_name=更改&next=%2Fadmin%2Fcategory%2Fmanage%3F
2018/09/16 19:40:27 6492 admin.py manage_category 83 request.url = http://127.0.0.1:5000/admin/category/manage
2018/09/16 19:40:46 16140 admin.py new_category 45 request.url = http://127.0.0.1:5000/admin/category/new?category_name=default&next=%2Fadmin%2Fcategory%2Fmanage%3F
2018/09/16 19:40:47 16608 admin.py manage_category 83 request.url = http://127.0.0.1:5000/admin/category/manage
2018/09/16 19:41:46 8076 admin.py manage_category 83 request.url = http://127.0.0.1:5000/admin/category/manage
2018/09/16 19:41:47 16192 admin.py manage_category 83 request.url = http://127.0.0.1:5000/admin/category/manage
2018/09/16 19:41:53 16960 admin.py new_category 45 request.url = http://127.0.0.1:5000/admin/category/new?category_name=更改更改&next=%2Fadmin%2Fcategory%2Fmanage%3F
2018/09/16 19:41:54 9104 admin.py manage_category 83 request.url = http://127.0.0.1:5000/admin/category/manage
2018/09/16 19:42:37 16912 utils.py _log 32 










2018/09/16 19:42:37 16912 utils.py _log 33 now time is 2018-09-16 19:42:37.468911
2018/09/16 19:42:37 16912 utils.py _log 34 --------------------------------------------------------------------------------
2018/09/16 19:42:46 8668 utils.py _log 32 










2018/09/16 19:42:46 8668 utils.py _log 33 now time is 2018-09-16 19:42:46.850382
2018/09/16 19:42:46 8668 utils.py _log 34 --------------------------------------------------------------------------------
2018/09/16 19:42:47 14984 admin.py manage_category 84 request.url = http://127.0.0.1:5000/admin/category/manage
2018/09/16 19:42:56 12000 admin.py new_category 45 request.url = http://127.0.0.1:5000/admin/category/new?category_name=default&next=%2Fadmin%2Fcategory%2Fmanage%3F
2018/09/16 19:42:56 12000 admin.py new_category 58 添加category失败: ('(sqlite3.IntegrityError) UNIQUE constraint failed: category.name',)
2018/09/16 19:42:57 10020 admin.py manage_category 84 request.url = http://127.0.0.1:5000/admin/category/manage
2018/09/16 19:43:38 10424 utils.py _log 32 










2018/09/16 19:43:38 10424 utils.py _log 33 now time is 2018-09-16 19:43:38.578664
2018/09/16 19:43:38 10424 utils.py _log 34 --------------------------------------------------------------------------------
2018/09/16 19:43:41 2220 admin.py manage_category 85 request.url = http://127.0.0.1:5000/admin/category/manage
2018/09/16 19:43:42 16608 admin.py manage_category 85 request.url = http://127.0.0.1:5000/admin/category/manage
2018/09/16 19:43:48 11192 admin.py new_category 45 request.url = http://127.0.0.1:5000/admin/category/new?category_name=ffff&next=%2Fadmin%2Fcategory%2Fmanage%3F
2018/09/16 19:43:48 11192 admin.py new_category 63 info = {"success": true}
2018/09/16 19:43:49 17288 admin.py manage_category 85 request.url = http://127.0.0.1:5000/admin/category/manage
2018/09/16 19:44:25 15696 admin.py manage_category 85 request.url = http://127.0.0.1:5000/admin/category/manage
2018/09/16 19:44:38 17404 admin.py new_category 45 request.url = http://127.0.0.1:5000/admin/category/new?category_name=default&next=%2Fadmin%2Fcategory%2Fmanage%3F
2018/09/16 19:44:38 17404 admin.py new_category 58 添加category失败: ('(sqlite3.IntegrityError) UNIQUE constraint failed: category.name',)
2018/09/16 19:44:38 17404 admin.py new_category 63 info = {"success": false, "description": "Category already exists, please input again"}
2018/09/16 19:44:51 8172 admin.py manage_category 85 request.url = http://127.0.0.1:5000/admin/category/manage
2018/09/16 19:46:06 13996 admin.py manage_category 85 request.url = http://127.0.0.1:5000/admin/category/manage
2018/09/16 19:46:10 11784 admin.py new_category 45 request.url = http://127.0.0.1:5000/admin/category/new?category_name=fffffffff&next=%2Fadmin%2Fcategory%2Fmanage%3F
2018/09/16 19:46:11 11784 admin.py new_category 63 info = {"success": true}
2018/09/16 19:46:18 15452 admin.py manage_category 85 request.url = http://127.0.0.1:5000/admin/category/manage
2018/09/16 19:46:38 12160 admin.py new_category 45 request.url = http://127.0.0.1:5000/admin/category/new?category_name=default&next=%2Fadmin%2Fcategory%2Fmanage%3F
2018/09/16 19:46:38 12160 admin.py new_category 58 添加category失败: ('(sqlite3.IntegrityError) UNIQUE constraint failed: category.name',)
2018/09/16 19:46:38 12160 admin.py new_category 63 info = {"success": false, "description": "Category already exists, please input again"}
2018/09/16 19:46:41 8728 admin.py manage_category 85 request.url = http://127.0.0.1:5000/admin/category/manage
2018/09/16 19:47:12 16592 admin.py manage_category 85 request.url = http://127.0.0.1:5000/admin/category/manage
2018/09/16 19:47:13 15204 admin.py manage_category 85 request.url = http://127.0.0.1:5000/admin/category/manage
2018/09/16 19:47:16 9936 admin.py new_category 45 request.url = http://127.0.0.1:5000/admin/category/new?category_name=f &next=%2Fadmin%2Fcategory%2Fmanage%3F
2018/09/16 19:47:16 9936 admin.py new_category 63 info = {"success": true}
2018/09/16 19:47:23 2136 admin.py new_category 45 request.url = http://127.0.0.1:5000/admin/category/new?category_name=fffffffffff&next=%2Fadmin%2Fcategory%2Fmanage%3F
2018/09/16 19:47:23 2136 admin.py new_category 63 info = {"success": true}
2018/09/16 19:47:50 12000 admin.py manage_category 85 request.url = http://127.0.0.1:5000/admin/category/manage
2018/09/16 19:48:09 15568 admin.py manage_category 85 request.url = http://127.0.0.1:5000/admin/category/manage
2018/09/16 19:48:24 14556 admin.py manage_category 85 request.url = http://127.0.0.1:5000/admin/category/manage
2018/09/16 19:48:28 13184 admin.py new_category 45 request.url = http://127.0.0.1:5000/admin/category/new?category_name=fr&next=%2Fadmin%2Fcategory%2Fmanage%3F
2018/09/16 19:48:28 13184 admin.py new_category 63 info = {"success": true}
2018/09/16 19:48:51 1360 admin.py manage_category 85 request.url = http://127.0.0.1:5000/admin/category/manage
2018/09/16 19:48:56 8900 admin.py new_category 45 request.url = http://127.0.0.1:5000/admin/category/new?category_name=ffffrrr&next=%2Fadmin%2Fcategory%2Fmanage%3F
2018/09/16 19:48:56 8900 admin.py new_category 63 info = {"success": true}
2018/09/16 19:49:48 9448 admin.py manage_category 85 request.url = http://127.0.0.1:5000/admin/category/manage
2018/09/16 19:49:53 10512 admin.py new_category 45 request.url = http://127.0.0.1:5000/admin/category/new?category_name=确认&next=%2Fadmin%2Fcategory%2Fmanage%3F
2018/09/16 19:49:53 10512 admin.py new_category 63 info = {"success": true}
2018/09/16 19:51:36 8012 admin.py manage_category 85 request.url = http://127.0.0.1:5000/admin/category/manage
2018/09/16 19:51:37 12780 admin.py manage_category 85 request.url = http://127.0.0.1:5000/admin/category/manage
2018/09/16 19:51:41 10640 admin.py new_category 45 request.url = http://127.0.0.1:5000/admin/category/new?category_name=访问&next=%2Fadmin%2Fcategory%2Fmanage%3F
2018/09/16 19:51:41 10640 admin.py new_category 63 info = {"success": true}
2018/09/16 19:52:00 13780 admin.py manage_category 85 request.url = http://127.0.0.1:5000/admin/category/manage
2018/09/16 19:52:01 3468 admin.py manage_category 85 request.url = http://127.0.0.1:5000/admin/category/manage
2018/09/16 19:52:01 16004 admin.py manage_category 85 request.url = http://127.0.0.1:5000/admin/category/manage
2018/09/16 19:52:05 15720 admin.py new_category 45 request.url = http://127.0.0.1:5000/admin/category/new?category_name=掐去去去请&next=%2Fadmin%2Fcategory%2Fmanage%3F
2018/09/16 19:52:05 15720 admin.py new_category 63 info = {"success": true}
2018/09/16 19:52:05 13904 admin.py manage_category 85 request.url = http://127.0.0.1:5000/admin/category/manage
2018/09/16 19:52:17 17388 admin.py new_category 45 request.url = http://127.0.0.1:5000/admin/category/new?category_name=default&next=%2Fadmin%2Fcategory%2Fmanage%3F
2018/09/16 19:52:17 17388 admin.py new_category 58 添加category失败: ('(sqlite3.IntegrityError) UNIQUE constraint failed: category.name',)
2018/09/16 19:52:17 17388 admin.py new_category 63 info = {"success": false, "description": "Category already exists, please input again"}
2018/09/16 19:52:32 17076 admin.py manage_category 85 request.url = http://127.0.0.1:5000/admin/category/manage
2018/09/16 19:52:37 16820 admin.py new_category 45 request.url = http://127.0.0.1:5000/admin/category/new?category_name=default&next=%2Fadmin%2Fcategory%2Fmanage%3F
2018/09/16 19:52:37 16820 admin.py new_category 58 添加category失败: ('(sqlite3.IntegrityError) UNIQUE constraint failed: category.name',)
2018/09/16 19:52:37 16820 admin.py new_category 63 info = {"success": false, "description": "Category already exists, please input again"}
2018/09/16 19:53:31 7968 utils.py _log 32 










2018/09/16 19:53:31 7968 utils.py _log 33 now time is 2018-09-16 19:53:31.195271
2018/09/16 19:53:31 7968 utils.py _log 34 --------------------------------------------------------------------------------
2018/09/16 19:53:34 2776 admin.py manage_category 86 request.url = http://127.0.0.1:5000/admin/category/manage
2018/09/16 19:53:39 14128 admin.py new_category 45 request.url = http://127.0.0.1:5000/admin/category/new?category_name=flask&next=%2Fadmin%2Fcategory%2Fmanage%3F
2018/09/16 19:53:39 14128 admin.py new_category 64 info = {"success": true, "description": "Add category success"}
2018/09/16 19:53:40 5452 admin.py manage_category 86 request.url = http://127.0.0.1:5000/admin/category/manage
2018/09/16 21:45:21 15792 utils.py _log 32 










2018/09/16 21:45:21 15792 utils.py _log 33 now time is 2018-09-16 21:45:21.516641
2018/09/16 21:45:21 15792 utils.py _log 34 --------------------------------------------------------------------------------
2018/09/16 21:45:22 128 utils.py _log 32 










2018/09/16 21:45:22 128 utils.py _log 33 now time is 2018-09-16 21:45:22.643720
2018/09/16 21:45:22 128 utils.py _log 34 --------------------------------------------------------------------------------
2018/09/16 21:45:26 16848 blog.py index 21 request.url = http://127.0.0.1:5000/
2018/09/16 21:45:34 10152 admin.py manage_category 86 request.url = http://127.0.0.1:5000/admin/category/manage
2018/09/16 21:55:34 16896 utils.py _log 32 










2018/09/16 21:55:34 16896 utils.py _log 33 now time is 2018-09-16 21:55:34.093822
2018/09/16 21:55:34 16896 utils.py _log 34 --------------------------------------------------------------------------------
2018/09/16 21:55:39 9320 admin.py manage_category 116 request.url = http://127.0.0.1:5000/admin/category/manage
2018/09/16 21:57:31 3948 admin.py manage_category 116 request.url = http://127.0.0.1:5000/admin/category/manage
2018/09/16 21:58:16 8900 admin.py manage_category 116 request.url = http://127.0.0.1:5000/admin/category/manage
2018/09/16 21:58:17 10668 admin.py manage_category 116 request.url = http://127.0.0.1:5000/admin/category/manage
2018/09/16 21:58:58 11240 admin.py manage_category 116 request.url = http://127.0.0.1:5000/admin/category/manage
2018/09/16 21:59:22 2896 admin.py manage_category 116 request.url = http://127.0.0.1:5000/admin/category/manage
2018/09/16 21:59:42 12644 admin.py manage_category 116 request.url = http://127.0.0.1:5000/admin/category/manage
2018/09/16 21:59:58 9508 admin.py manage_category 116 request.url = http://127.0.0.1:5000/admin/category/manage
2018/09/16 22:01:03 2608 admin.py manage_category 116 request.url = http://127.0.0.1:5000/admin/category/manage
2018/09/16 22:01:14 14592 admin.py manage_category 116 request.url = http://127.0.0.1:5000/admin/category/manage
2018/09/16 22:01:32 5456 admin.py manage_category 116 request.url = http://127.0.0.1:5000/admin/category/manage
2018/09/16 22:02:05 11104 admin.py manage_category 116 request.url = http://127.0.0.1:5000/admin/category/manage
2018/09/16 22:02:29 16916 admin.py manage_category 116 request.url = http://127.0.0.1:5000/admin/category/manage
2018/09/16 22:02:47 1672 admin.py manage_category 116 request.url = http://127.0.0.1:5000/admin/category/manage
2018/09/16 22:03:17 8304 admin.py manage_category 116 request.url = http://127.0.0.1:5000/admin/category/manage
2018/09/16 22:03:36 8572 admin.py manage_category 116 request.url = http://127.0.0.1:5000/admin/category/manage
2018/09/16 22:04:15 7428 admin.py manage_category 116 request.url = http://127.0.0.1:5000/admin/category/manage
2018/09/16 22:05:16 10520 admin.py manage_category 116 request.url = http://127.0.0.1:5000/admin/category/manage
2018/09/16 22:05:26 10984 admin.py edit_category 75 request.url = http://127.0.0.1:5000/admin/category/edit?category_name=or&category_id=4
2018/09/16 22:05:27 14164 admin.py manage_category 116 request.url = http://127.0.0.1:5000/admin/category/manage
2018/09/16 22:08:01 13428 utils.py _log 32 










2018/09/16 22:08:01 13428 utils.py _log 33 now time is 2018-09-16 22:08:01.006573
2018/09/16 22:08:01 13428 utils.py _log 34 --------------------------------------------------------------------------------
2018/09/16 22:16:32 16280 utils.py _log 32 










2018/09/16 22:16:32 16280 utils.py _log 33 now time is 2018-09-16 22:16:32.935840
2018/09/16 22:16:32 16280 utils.py _log 34 --------------------------------------------------------------------------------
2018/09/16 22:16:42 9872 admin.py manage_category 130 request.url = http://127.0.0.1:5000/admin/category/manage
2018/09/16 22:17:52 5504 admin.py manage_category 130 request.url = http://127.0.0.1:5000/admin/category/manage
2018/09/16 22:17:57 16916 admin.py manage_category 130 request.url = http://127.0.0.1:5000/admin/category/manage
2018/09/16 22:18:01 3536 blog.py index 21 request.url = http://127.0.0.1:5000/
2018/09/16 22:18:14 11216 blog.py index 21 request.url = http://127.0.0.1:5000/page/6
2018/09/16 22:18:17 10848 blog.py index 21 request.url = http://127.0.0.1:5000/page/5
2018/09/16 22:18:21 10324 blog.py index 21 request.url = http://127.0.0.1:5000/page/4
2018/09/16 22:18:25 15980 blog.py index 21 request.url = http://127.0.0.1:5000/page/3
2018/09/16 22:18:32 16388 blog.py index 21 request.url = http://127.0.0.1:5000/page/4
2018/09/16 22:18:34 17268 blog.py index 21 request.url = http://127.0.0.1:5000/page/2
2018/09/16 22:19:05 17256 utils.py _log 32 










2018/09/16 22:19:05 17256 utils.py _log 33 now time is 2018-09-16 22:19:05.419017
2018/09/16 22:19:05 17256 utils.py _log 34 --------------------------------------------------------------------------------
2018/09/16 22:19:19 16664 utils.py _log 32 










2018/09/16 22:19:19 16664 utils.py _log 33 now time is 2018-09-16 22:19:19.895142
2018/09/16 22:19:19 16664 utils.py _log 34 --------------------------------------------------------------------------------
2018/09/16 22:19:33 17124 utils.py _log 32 










2018/09/16 22:19:33 17124 utils.py _log 33 now time is 2018-09-16 22:19:33.425355
2018/09/16 22:19:33 17124 utils.py _log 34 --------------------------------------------------------------------------------
2018/09/16 22:19:39 17124 __init__.py init_admin 154 admin.username = admin
2018/09/16 22:19:44 1064 utils.py _log 32 










2018/09/16 22:19:44 1064 utils.py _log 33 now time is 2018-09-16 22:19:44.780174
2018/09/16 22:19:44 1064 utils.py _log 34 --------------------------------------------------------------------------------
2018/09/16 22:19:46 5552 utils.py _log 32 










2018/09/16 22:19:46 5552 utils.py _log 33 now time is 2018-09-16 22:19:46.286199
2018/09/16 22:19:46 5552 utils.py _log 34 --------------------------------------------------------------------------------
2018/09/16 22:19:52 11888 blog.py index 21 request.url = http://127.0.0.1:5000/
2018/09/16 22:20:04 17076 admin.py manage_category 130 request.url = http://127.0.0.1:5000/admin/category/manage
2018/09/16 22:20:11 6340 admin.py manage_category 130 request.url = http://127.0.0.1:5000/admin/category/manage
2018/09/16 22:20:12 5528 blog.py index 21 request.url = http://127.0.0.1:5000/
2018/09/16 22:22:05 10528 utils.py _log 32 










2018/09/16 22:22:05 10528 utils.py _log 33 now time is 2018-09-16 22:22:05.146913
2018/09/16 22:22:05 10528 utils.py _log 34 --------------------------------------------------------------------------------
2018/09/16 22:22:09 10384 blog.py index 21 request.url = http://127.0.0.1:5000/
2018/09/16 22:22:15 12108 blog.py index 21 request.url = http://127.0.0.1:5000/
2018/09/16 22:22:19 15652 blog.py index 21 request.url = http://127.0.0.1:5000/page/2
2018/09/16 22:22:24 5552 admin.py manage_category 136 request.url = http://127.0.0.1:5000/admin/category/manage
2018/09/16 22:22:27 9384 admin.py manage_category 136 request.url = http://127.0.0.1:5000/admin/category/manage
2018/09/16 22:22:30 16368 blog.py index 21 request.url = http://127.0.0.1:5000/page/2
2018/09/16 22:22:33 14020 blog.py index 21 request.url = http://127.0.0.1:5000/page/2
2018/09/16 22:23:28 16508 utils.py _log 32 










2018/09/16 22:23:28 16508 utils.py _log 33 now time is 2018-09-16 22:23:28.811751
2018/09/16 22:23:28 16508 utils.py _log 34 --------------------------------------------------------------------------------
2018/09/16 22:23:35 10692 admin.py manage_category 137 request.url = http://127.0.0.1:5000/admin/category/manage
2018/09/16 22:23:40 13824 blog.py index 21 request.url = http://127.0.0.1:5000/page/3
2018/09/16 22:23:42 15496 blog.py index 21 request.url = http://127.0.0.1:5000/page/4
2018/09/16 22:23:47 8932 admin.py manage_category 137 request.url = http://127.0.0.1:5000/admin/category/manage
2018/09/16 22:23:53 10140 admin.py manage_category 137 request.url = http://127.0.0.1:5000/admin/category/manage
2018/09/16 22:23:55 17356 blog.py index 21 request.url = http://127.0.0.1:5000/page/4
2018/09/16 22:23:58 17280 blog.py index 21 request.url = http://127.0.0.1:5000/page/4
2018/09/16 22:24:29 2896 blog.py index 21 request.url = http://127.0.0.1:5000/
2018/09/16 22:25:28 16736 utils.py _log 32 










2018/09/16 22:25:28 16736 utils.py _log 33 now time is 2018-09-16 22:25:28.896392
2018/09/16 22:25:28 16736 utils.py _log 34 --------------------------------------------------------------------------------
2018/09/16 22:25:34 14156 blog.py index 21 request.url = http://127.0.0.1:5000/page/5
2018/09/16 22:25:38 16564 blog.py index 21 request.url = http://127.0.0.1:5000/page/6
2018/09/16 22:25:50 13656 utils.py _log 32 










2018/09/16 22:25:50 13656 utils.py _log 33 now time is 2018-09-16 22:25:50.526923
2018/09/16 22:25:50 13656 utils.py _log 34 --------------------------------------------------------------------------------
2018/09/16 22:26:18 12428 utils.py _log 32 










2018/09/16 22:26:18 12428 utils.py _log 33 now time is 2018-09-16 22:26:18.423781
2018/09/16 22:26:18 12428 utils.py _log 34 --------------------------------------------------------------------------------
2018/09/16 22:26:24 12428 __init__.py init_admin 154 admin.username = admin
2018/09/16 22:26:27 12372 utils.py _log 32 










2018/09/16 22:26:27 12372 utils.py _log 33 now time is 2018-09-16 22:26:27.419448
2018/09/16 22:26:27 12372 utils.py _log 34 --------------------------------------------------------------------------------
2018/09/16 22:26:28 17316 utils.py _log 32 










2018/09/16 22:26:28 17316 utils.py _log 33 now time is 2018-09-16 22:26:28.907477
2018/09/16 22:26:28 17316 utils.py _log 34 --------------------------------------------------------------------------------
2018/09/16 22:26:33 16064 blog.py index 21 request.url = http://127.0.0.1:5000/
2018/09/16 22:26:38 2308 admin.py manage_category 138 request.url = http://127.0.0.1:5000/admin/category/manage
2018/09/16 22:26:43 13752 admin.py manage_category 138 request.url = http://127.0.0.1:5000/admin/category/manage
2018/09/16 22:26:44 8728 blog.py index 21 request.url = http://127.0.0.1:5000/
2018/09/16 22:30:09 1756 utils.py _log 32 










2018/09/16 22:30:09 1756 utils.py _log 33 now time is 2018-09-16 22:30:09.289886
2018/09/16 22:30:09 1756 utils.py _log 34 --------------------------------------------------------------------------------
2018/09/16 22:30:14 11648 admin.py manage_category 139 request.url = http://127.0.0.1:5000/admin/category/manage
2018/09/16 22:30:19 9900 blog.py index 21 request.url = http://127.0.0.1:5000/page/2
2018/09/16 22:30:22 10848 admin.py manage_category 139 request.url = http://127.0.0.1:5000/admin/category/manage
2018/09/16 22:30:26 360 admin.py delete_category 108 post = id=1,title=Affect lead house home.,category_id=6
2018/09/16 22:30:26 360 admin.py delete_category 108 post = id=15,title=Certainly employee manage reduce sign approach pressure according.,category_id=6
2018/09/16 22:30:26 360 admin.py delete_category 108 post = id=18,title=Feeling program fact understand the read mind.,category_id=6
2018/09/16 22:30:26 360 admin.py delete_category 108 post = id=25,title=Herself ground president across property guy investment.,category_id=6
2018/09/16 22:30:26 360 admin.py delete_category 108 post = id=47,title=Seven would tend wish country prepare wrong.,category_id=6
2018/09/16 22:30:26 360 admin.py delete_category 108 post = id=48,title=Cause politics first here change.,category_id=6
2018/09/16 22:30:26 360 admin.py delete_category 108 post = id=50,title=Senior join argue seven media somebody.,category_id=6
2018/09/16 22:30:26 15824 admin.py manage_category 139 request.url = http://127.0.0.1:5000/admin/category/manage
2018/09/16 22:30:31 1748 blog.py index 21 request.url = http://127.0.0.1:5000/page/2
2018/09/16 22:37:12 16976 utils.py _log 32 










2018/09/16 22:37:12 16976 utils.py _log 33 now time is 2018-09-16 22:37:12.739124
2018/09/16 22:37:12 16976 utils.py _log 34 --------------------------------------------------------------------------------
2018/09/16 22:37:27 5964 utils.py _log 32 










2018/09/16 22:37:27 5964 utils.py _log 33 now time is 2018-09-16 22:37:27.754893
2018/09/16 22:37:27 5964 utils.py _log 34 --------------------------------------------------------------------------------
2018/09/16 22:37:35 5964 __init__.py init_admin 154 admin.username = admin
2018/09/16 22:37:39 8236 utils.py _log 32 










2018/09/16 22:37:39 8236 utils.py _log 33 now time is 2018-09-16 22:37:39.722349
2018/09/16 22:37:39 8236 utils.py _log 34 --------------------------------------------------------------------------------
2018/09/16 22:37:41 13080 utils.py _log 32 










2018/09/16 22:37:41 13080 utils.py _log 33 now time is 2018-09-16 22:37:41.210389
2018/09/16 22:37:41 13080 utils.py _log 34 --------------------------------------------------------------------------------
2018/09/16 22:37:47 8444 blog.py index 21 request.url = http://127.0.0.1:5000/page/2
2018/09/16 22:37:55 5856 admin.py manage_category 139 request.url = http://127.0.0.1:5000/admin/category/manage
2018/09/16 22:39:10 2232 admin.py delete_category 108 post = id=1,title=Activity dog official national example.,category_id=8
2018/09/16 22:39:10 2232 admin.py delete_category 108 post = id=19,title=Simple century technology continue cultural kitchen.,category_id=8
2018/09/16 22:39:10 2232 admin.py delete_category 108 post = id=35,title=Air eye civil quite as bag relationship gas.,category_id=8
2018/09/16 22:39:10 11924 admin.py manage_category 139 request.url = http://127.0.0.1:5000/admin/category/manage
2018/09/16 22:42:21 12804 utils.py _log 32 










2018/09/16 22:42:21 12804 utils.py _log 33 now time is 2018-09-16 22:42:21.524073
2018/09/16 22:42:21 12804 utils.py _log 34 --------------------------------------------------------------------------------
2018/09/16 22:42:34 9488 admin.py manage_category 139 request.url = http://127.0.0.1:5000/admin/category/manage
2018/09/16 22:42:37 8880 admin.py manage_category 139 request.url = http://127.0.0.1:5000/admin/category/manage
2018/09/16 22:43:12 4892 utils.py _log 32 










2018/09/16 22:43:12 4892 utils.py _log 33 now time is 2018-09-16 22:43:12.897853
2018/09/16 22:43:12 4892 utils.py _log 34 --------------------------------------------------------------------------------
2018/09/16 22:43:20 3420 admin.py manage_category 140 request.url = http://127.0.0.1:5000/admin/category/manage
2018/09/16 22:43:27 15828 admin.py manage_category 140 request.url = http://127.0.0.1:5000/admin/category/manage
2018/09/16 22:44:40 16812 utils.py _log 32 










2018/09/16 22:44:40 16812 utils.py _log 33 now time is 2018-09-16 22:44:40.592357
2018/09/16 22:44:40 16812 utils.py _log 34 --------------------------------------------------------------------------------
2018/09/16 22:44:48 15888 admin.py manage_category 141 request.url = http://127.0.0.1:5000/admin/category/manage
2018/09/16 22:44:52 1148 admin.py delete_category 111 after update: post = id=7,title=Page loss explain.,category_id=6
2018/09/16 22:44:52 1148 admin.py delete_category 111 after update: post = id=15,title=Indeed capital bank job major purpose.,category_id=6
2018/09/16 22:44:52 1148 admin.py delete_category 111 after update: post = id=17,title=A kitchen low money throw service subject notice.,category_id=6
2018/09/16 22:44:52 1148 admin.py delete_category 111 after update: post = id=40,title=Computer knowledge clear guy.,category_id=6
2018/09/16 22:44:52 10644 admin.py manage_category 141 request.url = http://127.0.0.1:5000/admin/category/manage
2018/09/16 22:45:36 12828 utils.py _log 32 










2018/09/16 22:45:36 12828 utils.py _log 33 now time is 2018-09-16 22:45:36.392188
2018/09/16 22:45:36 12828 utils.py _log 34 --------------------------------------------------------------------------------
2018/09/16 22:45:42 11380 utils.py _log 32 










2018/09/16 22:45:42 11380 utils.py _log 33 now time is 2018-09-16 22:45:42.542606
2018/09/16 22:45:42 11380 utils.py _log 34 --------------------------------------------------------------------------------
2018/09/16 22:45:58 2308 admin.py manage_category 142 request.url = http://127.0.0.1:5000/admin/category/manage
2018/09/16 22:46:03 2652 admin.py delete_category 112 after update: post = id=9,title=But anything event while that.,category_id=7
2018/09/16 22:46:03 2652 admin.py delete_category 112 after update: post = id=30,title=Contain water contain how trade page.,category_id=7
2018/09/16 22:46:03 17032 admin.py manage_category 142 request.url = http://127.0.0.1:5000/admin/category/manage
2018/09/16 22:46:52 16168 utils.py _log 32 










2018/09/16 22:46:52 16168 utils.py _log 33 now time is 2018-09-16 22:46:52.661451
2018/09/16 22:46:52 16168 utils.py _log 34 --------------------------------------------------------------------------------
2018/09/16 22:46:55 8516 admin.py manage_category 145 request.url = http://127.0.0.1:5000/admin/category/manage
2018/09/16 22:47:01 15980 admin.py manage_category 145 request.url = http://127.0.0.1:5000/admin/category/manage
2018/09/16 22:47:04 12016 admin.py manage_category 145 request.url = http://127.0.0.1:5000/admin/category/manage
2018/09/16 22:47:07 14164 admin.py manage_category 145 request.url = http://127.0.0.1:5000/admin/category/manage
2018/09/16 22:47:10 496 admin.py manage_category 145 request.url = http://127.0.0.1:5000/admin/category/manage
2018/09/16 22:47:12 4216 admin.py manage_category 145 request.url = http://127.0.0.1:5000/admin/category/manage
2018/09/16 22:47:14 9572 blog.py index 21 request.url = http://127.0.0.1:5000/
2018/09/16 22:47:20 880 blog.py index 21 request.url = http://127.0.0.1:5000/
2018/09/16 22:47:40 8056 utils.py _log 32 










2018/09/16 22:47:40 8056 utils.py _log 33 now time is 2018-09-16 22:47:40.523253
2018/09/16 22:47:40 8056 utils.py _log 34 --------------------------------------------------------------------------------
2018/09/16 22:47:53 1508 utils.py _log 32 










2018/09/16 22:47:53 1508 utils.py _log 33 now time is 2018-09-16 22:47:53.352628
2018/09/16 22:47:53 1508 utils.py _log 34 --------------------------------------------------------------------------------
2018/09/16 22:48:00 1508 __init__.py init_admin 154 admin.username = admin
2018/09/16 22:48:06 13692 utils.py _log 32 










2018/09/16 22:48:06 13692 utils.py _log 33 now time is 2018-09-16 22:48:06.674630
2018/09/16 22:48:06 13692 utils.py _log 34 --------------------------------------------------------------------------------
2018/09/16 22:48:08 2448 utils.py _log 32 










2018/09/16 22:48:08 2448 utils.py _log 33 now time is 2018-09-16 22:48:08.176204
2018/09/16 22:48:08 2448 utils.py _log 34 --------------------------------------------------------------------------------
2018/09/16 22:48:10 15880 blog.py index 21 request.url = http://127.0.0.1:5000/
2018/09/16 22:48:16 1540 blog.py show_category 50 request.url = http://127.0.0.1:5000/category/9
2018/09/16 22:48:22 15888 blog.py index 21 request.url = http://127.0.0.1:5000/
2018/09/16 22:48:26 4360 admin.py manage_category 145 request.url = http://127.0.0.1:5000/admin/category/manage
2018/09/16 22:48:30 10308 admin.py manage_category 145 request.url = http://127.0.0.1:5000/admin/category/manage
2018/09/16 22:48:32 6780 admin.py manage_category 145 request.url = http://127.0.0.1:5000/admin/category/manage
2018/09/16 22:48:34 16956 admin.py manage_category 145 request.url = http://127.0.0.1:5000/admin/category/manage
2018/09/16 22:48:37 16880 admin.py manage_category 145 request.url = http://127.0.0.1:5000/admin/category/manage
2018/09/16 22:48:39 12880 admin.py manage_category 145 request.url = http://127.0.0.1:5000/admin/category/manage
2018/09/16 22:48:41 8672 admin.py manage_category 145 request.url = http://127.0.0.1:5000/admin/category/manage
2018/09/16 22:48:43 6764 admin.py manage_category 145 request.url = http://127.0.0.1:5000/admin/category/manage
2018/09/16 22:48:46 10244 admin.py manage_category 145 request.url = http://127.0.0.1:5000/admin/category/manage
2018/09/16 22:48:48 11152 admin.py manage_category 145 request.url = http://127.0.0.1:5000/admin/category/manage
2018/09/16 22:48:50 15684 admin.py manage_category 145 request.url = http://127.0.0.1:5000/admin/category/manage
2018/09/16 22:48:52 1192 blog.py index 21 request.url = http://127.0.0.1:5000/
2018/09/16 22:49:56 8032 utils.py _log 32 










2018/09/16 22:49:56 8032 utils.py _log 33 now time is 2018-09-16 22:49:56.283626
2018/09/16 22:49:56 8032 utils.py _log 34 --------------------------------------------------------------------------------
2018/09/16 22:50:05 7944 utils.py _log 32 










2018/09/16 22:50:05 7944 utils.py _log 33 now time is 2018-09-16 22:50:05.687236
2018/09/16 22:50:05 7944 utils.py _log 34 --------------------------------------------------------------------------------
2018/09/16 22:50:32 8932 utils.py _log 32 










2018/09/16 22:50:32 8932 utils.py _log 33 now time is 2018-09-16 22:50:32.641046
2018/09/16 22:50:32 8932 utils.py _log 34 --------------------------------------------------------------------------------
2018/09/16 22:50:40 8932 __init__.py init_admin 154 admin.username = admin
2018/09/16 22:50:44 15416 utils.py _log 32 










2018/09/16 22:50:44 15416 utils.py _log 33 now time is 2018-09-16 22:50:44.118927
2018/09/16 22:50:44 15416 utils.py _log 34 --------------------------------------------------------------------------------
2018/09/16 22:50:45 2084 utils.py _log 32 










2018/09/16 22:50:45 2084 utils.py _log 33 now time is 2018-09-16 22:50:45.616628
2018/09/16 22:50:45 2084 utils.py _log 34 --------------------------------------------------------------------------------
2018/09/16 22:50:50 12624 admin.py manage_category 138 request.url = http://127.0.0.1:5000/admin/category/manage
2018/09/16 22:50:53 16720 admin.py manage_category 138 request.url = http://127.0.0.1:5000/admin/category/manage
2018/09/16 22:50:55 3768 admin.py manage_category 138 request.url = http://127.0.0.1:5000/admin/category/manage
2018/09/16 22:50:57 1152 admin.py manage_category 138 request.url = http://127.0.0.1:5000/admin/category/manage
2018/09/16 22:50:58 9004 admin.py manage_category 138 request.url = http://127.0.0.1:5000/admin/category/manage
2018/09/16 22:51:00 7796 admin.py manage_category 138 request.url = http://127.0.0.1:5000/admin/category/manage
2018/09/16 22:51:02 15076 admin.py manage_category 138 request.url = http://127.0.0.1:5000/admin/category/manage
2018/09/16 22:51:04 8736 admin.py manage_category 138 request.url = http://127.0.0.1:5000/admin/category/manage
2018/09/16 22:51:05 10660 admin.py manage_category 138 request.url = http://127.0.0.1:5000/admin/category/manage
2018/09/16 22:51:06 2136 admin.py manage_category 138 request.url = http://127.0.0.1:5000/admin/category/manage
2018/09/16 22:51:08 11680 admin.py manage_category 138 request.url = http://127.0.0.1:5000/admin/category/manage
2018/09/16 22:51:09 2788 blog.py index 21 request.url = http://127.0.0.1:5000/
2018/09/16 22:52:03 17064 blog.py index 21 request.url = http://127.0.0.1:5000/
2018/09/16 22:52:05 14692 admin.py manage_category 138 request.url = http://127.0.0.1:5000/admin/category/manage
2018/09/16 22:52:39 13008 admin.py manage_category 138 request.url = http://127.0.0.1:5000/admin/category/manage
2018/09/16 22:52:40 2448 admin.py manage_category 138 request.url = http://127.0.0.1:5000/admin/category/manage
2018/09/16 22:52:42 12416 admin.py edit_category 75 request.url = http://127.0.0.1:5000/admin/category/edit?category_name=&category_id=1
2018/09/16 22:52:43 11788 admin.py manage_category 138 request.url = http://127.0.0.1:5000/admin/category/manage
2018/09/16 22:52:46 10392 admin.py edit_category 75 request.url = http://127.0.0.1:5000/admin/category/edit?category_name=&category_id=1
2018/09/16 22:52:47 788 admin.py manage_category 138 request.url = http://127.0.0.1:5000/admin/category/manage
2018/09/16 22:52:50 14912 admin.py edit_category 75 request.url = http://127.0.0.1:5000/admin/category/edit?category_name=&category_id=1
2018/09/16 22:52:51 4360 admin.py manage_category 138 request.url = http://127.0.0.1:5000/admin/category/manage
2018/09/16 22:55:29 8236 admin.py manage_category 138 request.url = http://127.0.0.1:5000/admin/category/manage
2018/09/16 22:56:16 13968 admin.py manage_category 138 request.url = http://127.0.0.1:5000/admin/category/manage
2018/09/16 22:56:22 8384 admin.py new_category 46 request.url = http://127.0.0.1:5000/admin/category/new?category_name=
2018/09/16 22:56:22 8384 admin.py new_category 60 添加category失败: ('(sqlite3.IntegrityError) UNIQUE constraint failed: category.name',)
2018/09/16 22:56:22 8384 admin.py new_category 65 info = {"success": false, "description": "Category already exists, please input again"}
2018/09/16 22:56:42 12108 admin.py manage_category 138 request.url = http://127.0.0.1:5000/admin/category/manage
2018/09/16 22:57:23 4872 admin.py manage_category 138 request.url = http://127.0.0.1:5000/admin/category/manage
2018/09/16 22:59:04 12936 admin.py manage_category 138 request.url = http://127.0.0.1:5000/admin/category/manage
2018/09/16 22:59:42 17344 admin.py manage_category 138 request.url = http://127.0.0.1:5000/admin/category/manage
2018/09/16 22:59:54 6748 admin.py manage_category 138 request.url = http://127.0.0.1:5000/admin/category/manage
2018/09/16 23:00:06 3944 admin.py manage_category 138 request.url = http://127.0.0.1:5000/admin/category/manage
2018/09/16 23:00:39 10620 admin.py manage_category 138 request.url = http://127.0.0.1:5000/admin/category/manage
2018/09/16 23:00:48 12360 admin.py new_category 46 request.url = http://127.0.0.1:5000/admin/category/new?category_name=flask
2018/09/16 23:00:48 12360 admin.py new_category 65 info = {"success": true, "description": "Add category success"}
2018/09/16 23:00:51 10164 admin.py manage_category 138 request.url = http://127.0.0.1:5000/admin/category/manage
2018/09/16 23:01:03 16032 admin.py manage_category 138 request.url = http://127.0.0.1:5000/admin/category/manage
2018/09/16 23:01:40 9948 utils.py _log 32 










2018/09/16 23:01:40 9948 utils.py _log 33 now time is 2018-09-16 23:01:40.060008
2018/09/16 23:01:40 9948 utils.py _log 34 --------------------------------------------------------------------------------
2018/09/16 23:01:54 8788 utils.py _log 32 










2018/09/16 23:01:54 8788 utils.py _log 33 now time is 2018-09-16 23:01:54.657693
2018/09/16 23:01:54 8788 utils.py _log 34 --------------------------------------------------------------------------------
2018/09/16 23:02:02 8788 __init__.py init_admin 154 admin.username = admin
2018/09/16 23:02:06 12020 utils.py _log 32 










2018/09/16 23:02:06 12020 utils.py _log 33 now time is 2018-09-16 23:02:06.570095
2018/09/16 23:02:06 12020 utils.py _log 34 --------------------------------------------------------------------------------
2018/09/16 23:02:08 7640 utils.py _log 32 










2018/09/16 23:02:08 7640 utils.py _log 33 now time is 2018-09-16 23:02:08.240701
2018/09/16 23:02:08 7640 utils.py _log 34 --------------------------------------------------------------------------------
2018/09/16 23:02:10 11108 admin.py manage_category 138 request.url = http://127.0.0.1:5000/admin/category/manage
2018/09/16 23:02:16 12644 admin.py manage_category 138 request.url = http://127.0.0.1:5000/admin/category/manage
2018/09/16 23:02:18 15452 admin.py manage_category 138 request.url = http://127.0.0.1:5000/admin/category/manage
2018/09/16 23:02:19 13924 admin.py manage_category 138 request.url = http://127.0.0.1:5000/admin/category/manage
2018/09/16 23:02:21 8332 admin.py manage_category 138 request.url = http://127.0.0.1:5000/admin/category/manage
2018/09/16 23:02:23 15904 admin.py manage_category 138 request.url = http://127.0.0.1:5000/admin/category/manage
2018/09/16 23:02:26 12352 admin.py edit_category 75 request.url = http://127.0.0.1:5000/admin/category/edit?category_name=else&category_id=7
2018/09/16 23:02:28 12416 admin.py manage_category 138 request.url = http://127.0.0.1:5000/admin/category/manage
2018/09/16 23:02:30 16968 admin.py manage_category 138 request.url = http://127.0.0.1:5000/admin/category/manage
2018/09/16 23:02:31 7360 admin.py manage_category 138 request.url = http://127.0.0.1:5000/admin/category/manage
2018/09/16 23:02:33 8524 admin.py manage_category 138 request.url = http://127.0.0.1:5000/admin/category/manage
2018/09/16 23:02:35 15052 admin.py manage_category 138 request.url = http://127.0.0.1:5000/admin/category/manage
2018/09/16 23:02:36 13796 admin.py manage_category 138 request.url = http://127.0.0.1:5000/admin/category/manage
2018/09/16 23:03:42 7904 utils.py _log 32 










2018/09/16 23:03:42 7904 utils.py _log 33 now time is 2018-09-16 23:03:42.672075
2018/09/16 23:03:42 7904 utils.py _log 34 --------------------------------------------------------------------------------
2018/09/16 23:03:45 12888 admin.py manage_category 142 request.url = http://127.0.0.1:5000/admin/category/manage
2018/09/16 23:03:55 16084 admin.py settings 204 request.url http://127.0.0.1:5000/admin/settings
2018/09/16 23:03:57 3944 admin.py manage_category 142 request.url = http://127.0.0.1:5000/admin/category/manage
2018/09/16 23:25:33 8788 utils.py _log 32 










2018/09/16 23:25:33 8788 utils.py _log 33 now time is 2018-09-16 23:25:33.619604
2018/09/16 23:25:33 8788 utils.py _log 34 --------------------------------------------------------------------------------
2018/09/16 23:25:35 16704 utils.py _log 32 










2018/09/16 23:25:35 16704 utils.py _log 33 now time is 2018-09-16 23:25:35.080423
2018/09/16 23:25:35 16704 utils.py _log 34 --------------------------------------------------------------------------------
2018/09/16 23:26:53 8280 admin.py manage_category 142 request.url = http://127.0.0.1:5000/admin/category/manage
2018/09/16 23:27:15 11136 blog.py index 21 request.url = http://127.0.0.1:5000/
2018/09/16 23:28:02 8680 utils.py _log 32 










2018/09/16 23:28:02 8680 utils.py _log 33 now time is 2018-09-16 23:28:02.502284
2018/09/16 23:28:02 8680 utils.py _log 34 --------------------------------------------------------------------------------
2018/09/16 23:28:31 11868 utils.py _log 32 










2018/09/16 23:28:31 11868 utils.py _log 33 now time is 2018-09-16 23:28:31.885350
2018/09/16 23:28:31 11868 utils.py _log 34 --------------------------------------------------------------------------------
2018/09/16 23:28:33 5876 utils.py _log 32 










2018/09/16 23:28:33 5876 utils.py _log 33 now time is 2018-09-16 23:28:33.326086
2018/09/16 23:28:33 5876 utils.py _log 34 --------------------------------------------------------------------------------
2018/09/16 23:28:36 8196 blog.py index 21 request.url = http://127.0.0.1:5000/
2018/09/16 23:28:39 1188 admin.py manage_category 143 request.url = http://127.0.0.1:5000/admin/category/manage
2018/09/16 23:28:41 8784 blog.py index 21 request.url = http://127.0.0.1:5000/
2018/09/16 23:28:45 17356 blog.py show_post 69 request.url = http://127.0.0.1:5000/post/49
2018/09/16 23:28:59 16408 blog.py show_post 69 request.url = http://127.0.0.1:5000/post/49
2018/09/16 23:28:59 16408 blog.py show_post 129 comment_id = None
2018/09/16 23:29:00 12892 blog.py show_post 69 request.url = http://127.0.0.1:5000/post/49
2018/09/16 23:29:08 14956 blog.py show_post 69 request.url = http://127.0.0.1:5000/post/49
2018/09/16 23:29:09 4532 blog.py show_post 69 request.url = http://127.0.0.1:5000/post/49
2018/09/16 23:29:25 13032 admin.py review_comment 253 request.url = http://127.0.0.1:5000/admin/comment/review/601?next=%2Fpost%2F49%3F
2018/09/16 23:29:25 8596 blog.py show_post 69 request.url = http://127.0.0.1:5000/post/49
2018/09/16 23:29:28 14408 blog.py show_post 69 request.url = http://127.0.0.1:5000/post/49
2018/09/16 23:31:15 15676 blog.py show_post 69 request.url = http://127.0.0.1:5000/post/49
2018/09/16 23:32:33 9616 blog.py change_theme 182 request.url = http://127.0.0.1:5000/change-theme/black_swan?next=%2Fpost%2F49%3F
2018/09/16 23:32:33 9616 blog.py change_theme 190 response = <Response 225 bytes [302 FOUND]>
2018/09/16 23:32:33 16672 blog.py show_post 69 request.url = http://127.0.0.1:5000/post/49
2018/09/17 20:40:08 18992 admin.py settings 208 request.url http://127.0.0.1:5000/admin/settings
2018/09/17 20:40:10 1116 blog.py show_post 69 request.url = http://127.0.0.1:5000/post/49
2018/09/17 20:50:11 18512 utils.py _log 32 










2018/09/17 20:50:11 18512 utils.py _log 33 now time is 2018-09-17 20:50:11.639253
2018/09/17 20:50:11 18512 utils.py _log 34 --------------------------------------------------------------------------------
2018/09/17 20:50:13 1580 utils.py _log 32 










2018/09/17 20:50:13 1580 utils.py _log 33 now time is 2018-09-17 20:50:13.150062
2018/09/17 20:50:13 1580 utils.py _log 34 --------------------------------------------------------------------------------
2018/09/17 20:53:16 2328 blog.py show_post 69 request.url = http://127.0.0.1:5000/post/49
2018/09/17 20:53:20 10520 blog.py show_post 69 request.url = http://127.0.0.1:5000/post/45555
2018/09/17 20:53:29 11140 blog.py show_category 50 request.url = http://127.0.0.1:5000/category/1
2018/09/17 20:54:37 3892 blog.py show_category 50 request.url = http://127.0.0.1:5000/category/1
2018/09/17 20:54:48 19404 blog.py show_category 50 request.url = http://127.0.0.1:5000/category/1
2018/09/17 20:55:02 19280 blog.py show_category 50 request.url = http://127.0.0.1:5000/category/1
2018/09/17 20:55:02 19124 blog.py show_category 50 request.url = http://127.0.0.1:5000/category/1
2018/09/17 20:55:13 4060 blog.py show_category 50 request.url = http://127.0.0.1:5000/category/1
2018/09/17 20:55:22 14468 blog.py show_post 69 request.url = http://127.0.0.1:5000/post/49
2018/09/17 20:55:31 17836 admin.py comment_enabled 214 request.url = http://127.0.0.1:5000/admin/post/comment_enabled/49?next=%2Fpost%2F49%3F
2018/09/17 20:55:31 15328 blog.py show_post 69 request.url = http://127.0.0.1:5000/post/49
2018/09/17 20:55:32 17112 admin.py comment_enabled 214 request.url = http://127.0.0.1:5000/admin/post/comment_enabled/49?next=%2Fpost%2F49%3F
2018/09/17 20:55:32 19252 blog.py show_post 69 request.url = http://127.0.0.1:5000/post/49
2018/09/17 20:57:02 16164 blog.py show_post 69 request.url = http://127.0.0.1:5000/post/49
2018/09/17 20:57:14 16756 blog.py show_post 69 request.url = http://127.0.0.1:5000/post/49
2018/09/17 20:58:30 19164 blog.py show_post 69 request.url = http://127.0.0.1:5000/post/49
2018/09/17 20:58:34 16916 blog.py show_post 69 request.url = http://127.0.0.1:5000/post/49
2018/09/17 20:59:10 16164 blog.py show_post 69 request.url = http://127.0.0.1:5000/post/49
2018/09/17 20:59:11 15416 blog.py show_post 69 request.url = http://127.0.0.1:5000/post/49
2018/09/17 20:59:11 3920 blog.py show_post 69 request.url = http://127.0.0.1:5000/post/49
2018/09/17 21:00:03 5932 blog.py show_post 69 request.url = http://127.0.0.1:5000/post/49
2018/09/17 21:00:07 5836 blog.py show_post 69 request.url = http://127.0.0.1:5000/post/49
2018/09/17 21:00:08 18632 blog.py show_post 69 request.url = http://127.0.0.1:5000/post/49
2018/09/17 21:00:09 536 blog.py show_post 69 request.url = http://127.0.0.1:5000/post/49
2018/09/17 21:00:11 18012 blog.py show_post 69 request.url = http://127.0.0.1:5000/post/49
2018/09/17 21:00:15 6004 blog.py show_post 69 request.url = http://127.0.0.1:5000/post/49
2018/09/17 21:00:15 7516 blog.py show_post 69 request.url = http://127.0.0.1:5000/post/49
2018/09/17 21:01:52 4804 blog.py show_post 69 request.url = http://127.0.0.1:5000/post/49
2018/09/17 21:02:06 13980 blog.py show_post 69 request.url = http://127.0.0.1:5000/post/49
2018/09/17 21:02:38 16472 blog.py show_post 69 request.url = http://127.0.0.1:5000/post/49
2018/09/17 21:02:39 13848 blog.py show_post 69 request.url = http://127.0.0.1:5000/post/49
2018/09/17 21:02:40 10792 blog.py show_post 69 request.url = http://127.0.0.1:5000/post/49
2018/09/17 21:05:32 15128 blog.py show_post 69 request.url = http://127.0.0.1:5000/post/49
2018/09/17 21:05:33 16984 utils.py _log 32 










2018/09/17 21:05:33 16984 utils.py _log 33 now time is 2018-09-17 21:05:33.480186
2018/09/17 21:05:33 16984 utils.py _log 34 --------------------------------------------------------------------------------
2018/09/17 21:05:34 11680 blog.py show_post 69 request.url = http://127.0.0.1:5000/post/49
2018/09/17 21:05:38 14684 blog.py show_post 69 request.url = http://127.0.0.1:5000/post/49?post_id=49&type=get&url=url_for('admin.comment_enabled'%2C_external%3DTrue)
2018/09/17 21:05:41 3428 blog.py show_post 69 request.url = http://127.0.0.1:5000/post/49
2018/09/17 21:05:54 18720 blog.py show_post 69 request.url = http://127.0.0.1:5000/post/49
2018/09/17 21:06:47 6340 blog.py show_post 69 request.url = http://127.0.0.1:5000/post/49
2018/09/17 21:06:49 3576 blog.py show_post 69 request.url = http://127.0.0.1:5000/post/49
2018/09/17 21:06:53 18480 blog.py show_post 69 request.url = http://127.0.0.1:5000/post/49?post_id=49&type=get&url=http%3A%2F%2F127.0.0.1%3A5000%2Fadmin%2Fpost%2Fcomment_enabled%2F
2018/09/17 21:06:55 4260 blog.py show_post 69 request.url = http://127.0.0.1:5000/post/49
2018/09/17 21:07:19 3020 blog.py show_post 69 request.url = http://127.0.0.1:5000/post/49
2018/09/17 21:07:27 18164 blog.py show_post 69 request.url = http://127.0.0.1:5000/post/49?post_id=49&type=get&url=http%3A%2F%2F127.0.0.1%3A5000%2Fadmin%2Fpost%2Fcomment_enabled%2F
2018/09/17 21:08:14 12836 blog.py show_post 69 request.url = http://127.0.0.1:5000/post/49
2018/09/17 21:08:21 1604 blog.py show_post 69 request.url = http://127.0.0.1:5000/post/49?post_id=49&url=http%3A%2F%2F127.0.0.1%3A5000%2Fadmin%2Fpost%2Fcomment_enabled%2F
2018/09/17 21:10:31 19132 blog.py show_post 69 request.url = http://127.0.0.1:5000/post/49
2018/09/17 21:10:33 18024 blog.py show_post 69 request.url = http://127.0.0.1:5000/post/49
2018/09/17 21:10:35 19444 admin.py comment_enabled 214 request.url = http://127.0.0.1:5000/admin/post/comment_enabled/?post_id=49
2018/09/17 21:10:35 17424 blog.py show_post 69 request.url = http://127.0.0.1:5000/post/49
2018/09/17 21:10:42 19272 blog.py show_post 69 request.url = http://127.0.0.1:5000/post/49
2018/09/17 21:10:44 16264 blog.py show_post 69 request.url = http://127.0.0.1:5000/post/49
2018/09/17 21:10:52 17704 admin.py comment_enabled 214 request.url = http://127.0.0.1:5000/admin/post/comment_enabled/?post_id=49
2018/09/17 21:10:52 18628 blog.py show_post 69 request.url = http://127.0.0.1:5000/post/49
2018/09/17 21:12:12 13096 utils.py _log 32 










2018/09/17 21:12:12 13096 utils.py _log 33 now time is 2018-09-17 21:12:12.308691
2018/09/17 21:12:12 13096 utils.py _log 34 --------------------------------------------------------------------------------
2018/09/17 21:15:08 10572 utils.py _log 32 










2018/09/17 21:15:08 10572 utils.py _log 33 now time is 2018-09-17 21:15:08.039294
2018/09/17 21:15:08 10572 utils.py _log 34 --------------------------------------------------------------------------------
2018/09/17 21:15:17 5836 blog.py show_post 69 request.url = http://127.0.0.1:5000/post/49
2018/09/17 21:15:25 16388 admin.py comment_enabled 214 request.url = http://127.0.0.1:5000/admin/post/comment_enabled/?post_id=49
2018/09/17 21:15:25 18080 blog.py show_post 69 request.url = http://127.0.0.1:5000/post/49
2018/09/17 21:18:54 15760 utils.py _log 32 










2018/09/17 21:18:54 15760 utils.py _log 33 now time is 2018-09-17 21:18:54.166044
2018/09/17 21:18:54 15760 utils.py _log 34 --------------------------------------------------------------------------------
2018/09/17 21:18:55 8904 blog.py show_post 69 request.url = http://127.0.0.1:5000/post/6666
2018/09/17 21:19:13 2600 blog.py show_category 50 request.url = http://127.0.0.1:5000/category/1
2018/09/17 21:22:28 9832 blog.py show_category 50 request.url = http://127.0.0.1:5000/category/1
2018/09/17 21:24:16 16616 blog.py show_category 50 request.url = http://127.0.0.1:5000/category/1
2018/09/17 21:24:41 9996 blog.py show_category 50 request.url = http://127.0.0.1:5000/category/1
2018/09/17 21:25:11 15984 blog.py show_category 50 request.url = http://127.0.0.1:5000/category/1
2018/09/17 21:26:43 16068 blog.py show_category 50 request.url = http://127.0.0.1:5000/category/1
2018/09/17 21:26:43 17056 blog.py show_category 50 request.url = http://127.0.0.1:5000/category/1
2018/09/17 21:27:05 17624 blog.py show_category 50 request.url = http://127.0.0.1:5000/category/1
2018/09/17 21:27:08 16788 blog.py change_theme 182 request.url = http://127.0.0.1:5000/change-theme/perfect_blue?next=%2Fcategory%2F1%3F
2018/09/17 21:27:08 16788 blog.py change_theme 190 response = <Response 231 bytes [302 FOUND]>
2018/09/17 21:27:08 17144 blog.py show_category 50 request.url = http://127.0.0.1:5000/category/1
2018/09/17 21:27:10 17924 blog.py change_theme 182 request.url = http://127.0.0.1:5000/change-theme/black_swan?next=%2Fcategory%2F1%3F
2018/09/17 21:27:10 17924 blog.py change_theme 190 response = <Response 231 bytes [302 FOUND]>
2018/09/17 21:27:10 12352 blog.py show_category 50 request.url = http://127.0.0.1:5000/category/1
2018/09/17 21:27:14 14096 blog.py change_theme 182 request.url = http://127.0.0.1:5000/change-theme/perfect_blue?next=%2Fcategory%2F1%3F
2018/09/17 21:27:14 14096 blog.py change_theme 190 response = <Response 231 bytes [302 FOUND]>
2018/09/17 21:27:14 18096 blog.py show_category 50 request.url = http://127.0.0.1:5000/category/1
2018/09/17 21:27:15 240 blog.py change_theme 182 request.url = http://127.0.0.1:5000/change-theme/black_swan?next=%2Fcategory%2F1%3F
2018/09/17 21:27:15 240 blog.py change_theme 190 response = <Response 231 bytes [302 FOUND]>
2018/09/17 21:27:15 12464 blog.py show_category 50 request.url = http://127.0.0.1:5000/category/1
2018/09/17 21:27:27 13228 blog.py show_category 50 request.url = http://127.0.0.1:5000/category/1
2018/09/17 21:27:30 15440 blog.py change_theme 182 request.url = http://127.0.0.1:5000/change-theme/perfect_blue?next=%2Fcategory%2F1%3F
2018/09/17 21:27:30 15440 blog.py change_theme 190 response = <Response 231 bytes [302 FOUND]>
2018/09/17 21:27:30 13144 blog.py show_category 50 request.url = http://127.0.0.1:5000/category/1
2018/09/17 21:27:31 13148 blog.py change_theme 182 request.url = http://127.0.0.1:5000/change-theme/black_swan?next=%2Fcategory%2F1%3F
2018/09/17 21:27:31 13148 blog.py change_theme 190 response = <Response 231 bytes [302 FOUND]>
2018/09/17 21:27:31 15192 blog.py show_category 50 request.url = http://127.0.0.1:5000/category/1
2018/09/17 21:27:32 16080 blog.py change_theme 182 request.url = http://127.0.0.1:5000/change-theme/perfect_blue?next=%2Fcategory%2F1%3F
2018/09/17 21:27:32 16080 blog.py change_theme 190 response = <Response 231 bytes [302 FOUND]>
2018/09/17 21:27:32 7896 blog.py show_category 50 request.url = http://127.0.0.1:5000/category/1
2018/09/17 21:27:33 10492 blog.py change_theme 182 request.url = http://127.0.0.1:5000/change-theme/black_swan?next=%2Fcategory%2F1%3F
2018/09/17 21:27:33 10492 blog.py change_theme 190 response = <Response 231 bytes [302 FOUND]>
2018/09/17 21:27:33 15932 blog.py show_category 50 request.url = http://127.0.0.1:5000/category/1
2018/09/17 21:34:36 11028 blog.py change_theme 182 request.url = http://127.0.0.1:5000/change-theme/black_swan?next=%2Fcategory%2F1%3F
2018/09/17 21:34:36 11028 blog.py change_theme 190 response = <Response 231 bytes [302 FOUND]>
2018/09/17 21:34:36 17260 blog.py show_category 50 request.url = http://127.0.0.1:5000/category/1
2018/09/17 21:34:38 17656 blog.py change_theme 182 request.url = http://127.0.0.1:5000/change-theme/perfect_blue?next=%2Fcategory%2F1%3F
2018/09/17 21:34:38 17656 blog.py change_theme 190 response = <Response 231 bytes [302 FOUND]>
2018/09/17 21:34:38 15824 blog.py show_category 50 request.url = http://127.0.0.1:5000/category/1
2018/09/17 21:34:41 8572 blog.py change_theme 182 request.url = http://127.0.0.1:5000/change-theme/black_swan?next=%2Fcategory%2F1%3F
2018/09/17 21:34:41 8572 blog.py change_theme 190 response = <Response 231 bytes [302 FOUND]>
2018/09/17 21:34:41 11636 blog.py show_category 50 request.url = http://127.0.0.1:5000/category/1
2018/09/17 21:34:43 17064 blog.py change_theme 182 request.url = http://127.0.0.1:5000/change-theme/perfect_blue?next=%2Fcategory%2F1%3F
2018/09/17 21:34:43 17064 blog.py change_theme 190 response = <Response 231 bytes [302 FOUND]>
2018/09/17 21:34:43 18404 blog.py show_category 50 request.url = http://127.0.0.1:5000/category/1
2018/09/17 21:34:44 8564 blog.py change_theme 182 request.url = http://127.0.0.1:5000/change-theme/black_swan?next=%2Fcategory%2F1%3F
2018/09/17 21:34:44 8564 blog.py change_theme 190 response = <Response 231 bytes [302 FOUND]>
2018/09/17 21:34:44 13688 blog.py show_category 50 request.url = http://127.0.0.1:5000/category/1
2018/09/17 21:34:45 7792 blog.py change_theme 182 request.url = http://127.0.0.1:5000/change-theme/perfect_blue?next=%2Fcategory%2F1%3F
2018/09/17 21:34:45 7792 blog.py change_theme 190 response = <Response 231 bytes [302 FOUND]>
2018/09/17 21:34:45 18084 blog.py show_category 50 request.url = http://127.0.0.1:5000/category/1
2018/09/17 21:34:46 2728 blog.py change_theme 182 request.url = http://127.0.0.1:5000/change-theme/black_swan?next=%2Fcategory%2F1%3F
2018/09/17 21:34:46 2728 blog.py change_theme 190 response = <Response 231 bytes [302 FOUND]>
2018/09/17 21:34:46 18516 blog.py show_category 50 request.url = http://127.0.0.1:5000/category/1
2018/09/17 21:34:48 17784 blog.py change_theme 182 request.url = http://127.0.0.1:5000/change-theme/perfect_blue?next=%2Fcategory%2F1%3F
2018/09/17 21:34:48 17784 blog.py change_theme 190 response = <Response 231 bytes [302 FOUND]>
2018/09/17 21:34:48 2396 blog.py show_category 50 request.url = http://127.0.0.1:5000/category/1
2018/09/17 21:34:49 15092 blog.py change_theme 182 request.url = http://127.0.0.1:5000/change-theme/black_swan?next=%2Fcategory%2F1%3F
2018/09/17 21:34:49 15092 blog.py change_theme 190 response = <Response 231 bytes [302 FOUND]>
2018/09/17 21:34:49 14868 blog.py show_category 50 request.url = http://127.0.0.1:5000/category/1
2018/09/17 21:34:50 11488 blog.py change_theme 182 request.url = http://127.0.0.1:5000/change-theme/perfect_blue?next=%2Fcategory%2F1%3F
2018/09/17 21:34:50 11488 blog.py change_theme 190 response = <Response 231 bytes [302 FOUND]>
2018/09/17 21:34:50 11108 blog.py show_category 50 request.url = http://127.0.0.1:5000/category/1
2018/09/17 21:34:51 16188 blog.py change_theme 182 request.url = http://127.0.0.1:5000/change-theme/black_swan?next=%2Fcategory%2F1%3F
2018/09/17 21:34:51 16188 blog.py change_theme 190 response = <Response 231 bytes [302 FOUND]>
2018/09/17 21:34:51 13024 blog.py show_category 50 request.url = http://127.0.0.1:5000/category/1
2018/09/17 21:34:53 15276 blog.py change_theme 182 request.url = http://127.0.0.1:5000/change-theme/perfect_blue?next=%2Fcategory%2F1%3F
2018/09/17 21:34:53 15276 blog.py change_theme 190 response = <Response 231 bytes [302 FOUND]>
2018/09/17 21:34:53 6536 blog.py show_category 50 request.url = http://127.0.0.1:5000/category/1
2018/09/17 21:34:54 8224 blog.py change_theme 182 request.url = http://127.0.0.1:5000/change-theme/black_swan?next=%2Fcategory%2F1%3F
2018/09/17 21:34:54 8224 blog.py change_theme 190 response = <Response 231 bytes [302 FOUND]>
2018/09/17 21:34:54 17756 blog.py show_category 50 request.url = http://127.0.0.1:5000/category/1
2018/09/17 21:34:55 14564 blog.py change_theme 182 request.url = http://127.0.0.1:5000/change-theme/perfect_blue?next=%2Fcategory%2F1%3F
2018/09/17 21:34:55 14564 blog.py change_theme 190 response = <Response 231 bytes [302 FOUND]>
2018/09/17 21:34:55 10736 blog.py show_category 50 request.url = http://127.0.0.1:5000/category/1
2018/09/17 21:34:56 9300 blog.py change_theme 182 request.url = http://127.0.0.1:5000/change-theme/perfect_blue?next=%2Fcategory%2F1%3F
2018/09/17 21:34:56 9300 blog.py change_theme 190 response = <Response 231 bytes [302 FOUND]>
2018/09/17 21:34:56 15984 blog.py show_category 50 request.url = http://127.0.0.1:5000/category/1
2018/09/17 21:34:57 19356 blog.py change_theme 182 request.url = http://127.0.0.1:5000/change-theme/black_swan?next=%2Fcategory%2F1%3F
2018/09/17 21:34:57 19356 blog.py change_theme 190 response = <Response 231 bytes [302 FOUND]>
2018/09/17 21:34:57 18968 blog.py show_category 50 request.url = http://127.0.0.1:5000/category/1
2018/09/17 21:34:58 12944 blog.py change_theme 182 request.url = http://127.0.0.1:5000/change-theme/perfect_blue?next=%2Fcategory%2F1%3F
2018/09/17 21:34:58 12944 blog.py change_theme 190 response = <Response 231 bytes [302 FOUND]>
2018/09/17 21:34:59 8056 blog.py show_category 50 request.url = http://127.0.0.1:5000/category/1
2018/09/17 21:35:00 13928 blog.py change_theme 182 request.url = http://127.0.0.1:5000/change-theme/black_swan?next=%2Fcategory%2F1%3F
2018/09/17 21:35:00 13928 blog.py change_theme 190 response = <Response 231 bytes [302 FOUND]>
2018/09/17 21:35:00 15964 blog.py show_category 50 request.url = http://127.0.0.1:5000/category/1
2018/09/17 21:37:21 19188 blog.py show_post 69 request.url = http://127.0.0.1:5000/post/49
2018/09/17 21:37:49 16684 blog.py show_post 69 request.url = http://127.0.0.1:5000/post/49
2018/09/17 21:37:51 17084 blog.py change_theme 182 request.url = http://127.0.0.1:5000/change-theme/black_swan?next=%2Fpost%2F49%3F
2018/09/17 21:37:51 17084 blog.py change_theme 190 response = <Response 225 bytes [302 FOUND]>
2018/09/17 21:37:51 13336 blog.py show_post 69 request.url = http://127.0.0.1:5000/post/49
2018/09/17 21:39:11 19056 blog.py show_post 69 request.url = http://127.0.0.1:5000/post/49
2018/09/17 21:39:33 8728 blog.py show_post 69 request.url = http://127.0.0.1:5000/post/49
2018/09/17 21:39:54 3968 blog.py show_post 69 request.url = http://127.0.0.1:5000/post/49
2018/09/17 21:40:21 5848 blog.py show_post 69 request.url = http://127.0.0.1:5000/post/49
2018/09/17 21:40:22 3832 blog.py show_post 69 request.url = http://127.0.0.1:5000/post/49
2018/09/17 21:40:22 15776 blog.py show_post 69 request.url = http://127.0.0.1:5000/post/49
2018/09/17 21:40:27 17728 blog.py change_theme 182 request.url = http://127.0.0.1:5000/change-theme/perfect_blue?next=%2Fpost%2F49%3F
2018/09/17 21:40:27 17728 blog.py change_theme 190 response = <Response 225 bytes [302 FOUND]>
2018/09/17 21:40:27 11480 blog.py show_post 69 request.url = http://127.0.0.1:5000/post/49
2018/09/17 21:40:45 11108 blog.py show_post 69 request.url = http://127.0.0.1:5000/post/49
2018/09/17 21:40:54 4804 blog.py show_post 69 request.url = http://127.0.0.1:5000/post/49
2018/09/17 21:41:22 9672 blog.py show_post 69 request.url = http://127.0.0.1:5000/post/49
2018/09/17 21:41:39 10108 blog.py show_post 69 request.url = http://127.0.0.1:5000/post/49
2018/09/17 21:42:33 8956 blog.py show_post 69 request.url = http://127.0.0.1:5000/post/49
2018/09/17 21:42:52 6808 blog.py show_post 69 request.url = http://127.0.0.1:5000/post/49
2018/09/17 21:42:56 17516 auth.py login 17 is_authenticated = False
2018/09/17 21:42:56 17516 auth.py login 42 redirect to login.html
2018/09/17 21:43:37 8788 auth.py login 17 is_authenticated = False
2018/09/17 21:43:37 8788 auth.py login 42 redirect to login.html
2018/09/17 21:44:08 6976 auth.py login 17 is_authenticated = False
2018/09/17 21:44:08 6976 auth.py login 42 redirect to login.html
2018/09/17 21:44:35 12416 auth.py login 17 is_authenticated = False
2018/09/17 21:44:35 12416 auth.py login 42 redirect to login.html
2018/09/17 21:44:37 14660 auth.py login 17 is_authenticated = False
2018/09/17 21:44:37 14660 auth.py login 42 redirect to login.html
2018/09/17 21:44:40 15288 blog.py index 21 request.url = http://127.0.0.1:5000/
2018/09/17 21:44:45 10792 auth.py login 17 is_authenticated = False
2018/09/17 21:44:45 10792 auth.py login 42 redirect to login.html
2018/09/17 21:44:56 14000 auth.py login 17 is_authenticated = False
2018/09/17 21:44:56 14000 auth.py login 42 redirect to login.html
2018/09/17 21:44:59 4580 blog.py index 21 request.url = http://127.0.0.1:5000/
2018/09/17 21:45:02 13916 auth.py login 17 is_authenticated = False
2018/09/17 21:45:02 13916 auth.py login 42 redirect to login.html
2018/09/17 21:46:05 5848 blog.py show_category 50 request.url = http://127.0.0.1:5000/category/1
2018/09/17 21:46:17 16244 blog.py show_category 50 request.url = http://127.0.0.1:5000/category/1
2018/09/17 21:46:34 15964 admin.py new_post 21 request.url = http://127.0.0.1:5000/admin/post/new
2018/09/17 21:46:39 17696 admin.py manage_post 127 request.url = http://127.0.0.1:5000/admin/post/manage
2018/09/17 21:47:30 9220 admin.py manage_post 127 request.url = http://127.0.0.1:5000/admin/post/manage
2018/09/17 21:47:33 12552 admin.py manage_post 127 request.url = http://127.0.0.1:5000/admin/post/manage
2018/09/17 21:47:36 6232 admin.py manage_category 143 request.url = http://127.0.0.1:5000/admin/category/manage
2018/09/17 21:47:39 17988 admin.py manage_post 127 request.url = http://127.0.0.1:5000/admin/post/manage
2018/09/17 21:47:41 16644 admin.py manage_category 143 request.url = http://127.0.0.1:5000/admin/category/manage
2018/09/17 21:47:42 8048 blog.py index 21 request.url = http://127.0.0.1:5000/
2018/09/17 21:47:44 16560 blog.py about 44 request.url = http://127.0.0.1:5000/about
2018/09/17 21:47:45 4620 blog.py index 21 request.url = http://127.0.0.1:5000/
2018/09/17 21:47:46 14900 blog.py index 21 request.url = http://127.0.0.1:5000/
2018/09/17 21:47:46 12760 blog.py index 21 request.url = http://127.0.0.1:5000/
2018/09/17 21:47:48 17860 blog.py index 21 request.url = http://127.0.0.1:5000/
2018/09/17 21:48:20 18124 blog.py index 21 request.url = http://127.0.0.1:5000/
2018/09/17 21:48:23 10028 auth.py logout 50 user logout
2018/09/17 21:48:23 15076 blog.py index 21 request.url = http://127.0.0.1:5000/
2018/09/17 21:48:33 8860 auth.py login 17 is_authenticated = False
2018/09/17 21:48:33 8860 auth.py login 42 redirect to login.html
2018/09/17 21:48:37 17616 auth.py login 17 is_authenticated = False
2018/09/17 21:48:37 17616 auth.py login 31 login success
2018/09/17 21:48:37 2200 auth.py login 17 is_authenticated = True
2018/09/17 21:48:37 16520 blog.py index 21 request.url = http://127.0.0.1:5000/
2018/09/17 21:48:47 3952 blog.py index 21 request.url = http://127.0.0.1:5000/
2018/09/17 21:49:00 6864 blog.py index 21 request.url = http://127.0.0.1:5000/
2018/09/17 21:50:09 6976 blog.py index 21 request.url = http://127.0.0.1:5000/
2018/09/17 21:50:10 7816 blog.py index 21 request.url = http://127.0.0.1:5000/
2018/09/17 21:50:11 15472 blog.py about 44 request.url = http://127.0.0.1:5000/about
2018/09/17 21:50:17 10640 blog.py index 21 request.url = http://127.0.0.1:5000/
2018/09/17 21:50:19 15028 blog.py index 21 request.url = http://127.0.0.1:5000/
2018/09/17 21:50:20 15184 blog.py index 21 request.url = http://127.0.0.1:5000/
2018/09/17 21:50:59 6692 blog.py show_post 69 request.url = http://127.0.0.1:5000/post/49
2018/09/17 21:51:00 8236 admin.py comment_enabled 214 request.url = http://127.0.0.1:5000/admin/post/comment_enabled/?post_id=49
2018/09/17 21:51:01 18340 blog.py show_post 69 request.url = http://127.0.0.1:5000/post/49
2018/09/17 21:51:09 9932 blog.py index 21 request.url = http://127.0.0.1:5000/
2018/09/17 21:51:11 18512 blog.py show_post 69 request.url = http://127.0.0.1:5000/post/5
2018/09/17 21:51:23 7132 blog.py show_post 69 request.url = http://127.0.0.1:5000/post/5
2018/09/17 21:51:23 7132 blog.py show_post 129 comment_id = None
2018/09/17 21:51:24 7944 blog.py show_post 69 request.url = http://127.0.0.1:5000/post/5
2018/09/17 21:51:32 16724 blog.py show_post 69 request.url = http://127.0.0.1:5000/post/49
2018/09/17 21:51:39 10576 blog.py index 21 request.url = http://127.0.0.1:5000/
2018/09/17 21:53:37 12884 blog.py index 21 request.url = http://127.0.0.1:5000/
2018/09/17 21:53:46 18984 admin.py manage_post 127 request.url = http://127.0.0.1:5000/admin/post/manage
2018/09/17 21:53:48 12300 admin.py manage_category 143 request.url = http://127.0.0.1:5000/admin/category/manage
2018/09/17 22:53:39 8744 auth.py logout 50 user logout
2018/09/17 22:53:52 2604 blog.py index 21 request.url = http://127.0.0.1:5000/
2018/09/17 22:53:53 10560 auth.py login 17 is_authenticated = False
2018/09/17 22:53:53 10560 auth.py login 42 redirect to login.html
2018/09/17 22:53:55 13424 auth.py login 17 is_authenticated = False
2018/09/17 22:53:55 13424 auth.py login 31 login success
2018/09/17 22:53:55 16868 auth.py login 17 is_authenticated = True
2018/09/17 22:53:55 19128 blog.py index 21 request.url = http://127.0.0.1:5000/
2018/09/17 22:53:57 14408 auth.py logout 50 user logout
2018/09/17 22:53:57 11772 blog.py index 21 request.url = http://127.0.0.1:5000/
2018/09/17 22:53:59 13892 auth.py login 17 is_authenticated = False
2018/09/17 22:53:59 13892 auth.py login 42 redirect to login.html
2018/09/17 22:54:00 16084 auth.py login 17 is_authenticated = False
2018/09/17 22:54:00 16084 auth.py login 31 login success
2018/09/17 22:54:00 18684 auth.py login 17 is_authenticated = True
2018/09/17 22:54:00 10600 blog.py index 21 request.url = http://127.0.0.1:5000/
2018/09/17 22:54:02 19308 admin.py manage_post 127 request.url = http://127.0.0.1:5000/admin/post/manage
2018/09/17 22:54:03 17948 admin.py manage_category 143 request.url = http://127.0.0.1:5000/admin/category/manage
2018/09/17 22:54:06 2472 auth.py logout 50 user logout
2018/09/17 22:54:10 14908 blog.py index 21 request.url = http://127.0.0.1:5000/
2018/09/17 22:55:02 19028 utils.py _log 32 










2018/09/17 22:55:02 19028 utils.py _log 33 now time is 2018-09-17 22:55:02.354539
2018/09/17 22:55:02 19028 utils.py _log 34 --------------------------------------------------------------------------------
2018/09/17 22:55:10 17412 auth.py login 17 is_authenticated = False
2018/09/17 22:55:10 17412 auth.py login 42 redirect to login.html
2018/09/17 22:55:12 8036 auth.py login 17 is_authenticated = False
2018/09/17 22:55:12 8036 auth.py login 31 login success
2018/09/17 22:55:12 8956 auth.py login 17 is_authenticated = True
2018/09/17 22:55:12 19384 blog.py index 21 request.url = http://127.0.0.1:5000/
2018/09/17 22:55:15 18844 admin.py manage_post 127 request.url = http://127.0.0.1:5000/admin/post/manage
2018/09/17 22:55:17 18084 auth.py logout 50 user logout
2018/09/17 22:55:26 8076 blog.py index 21 request.url = http://127.0.0.1:5000/
2018/09/17 22:56:04 16576 auth.py login 17 is_authenticated = False
2018/09/17 22:56:04 16576 auth.py login 42 redirect to login.html
2018/09/17 22:56:08 6240 auth.py login 17 is_authenticated = False
2018/09/17 22:56:08 6240 auth.py login 31 login success
2018/09/17 22:56:08 11648 auth.py login 17 is_authenticated = True
2018/09/17 22:56:08 12472 blog.py index 21 request.url = http://127.0.0.1:5000/
2018/09/17 22:56:10 13080 admin.py manage_post 127 request.url = http://127.0.0.1:5000/admin/post/manage
2018/09/17 22:56:11 15912 auth.py logout 50 user logout
2018/09/17 22:56:34 13236 utils.py _log 32 










2018/09/17 22:56:34 13236 utils.py _log 33 now time is 2018-09-17 22:56:34.061783
2018/09/17 22:56:34 13236 utils.py _log 34 --------------------------------------------------------------------------------
2018/09/17 22:56:39 17936 auth.py login 17 is_authenticated = False
2018/09/17 22:56:39 17936 auth.py login 42 redirect to login.html
2018/09/17 22:56:42 6816 auth.py login 17 is_authenticated = False
2018/09/17 22:56:42 6816 auth.py login 31 login success
2018/09/17 22:56:42 15848 auth.py login 17 is_authenticated = True
2018/09/17 22:56:42 11720 blog.py index 21 request.url = http://127.0.0.1:5000/
2018/09/17 22:56:45 16792 admin.py manage_post 127 request.url = http://127.0.0.1:5000/admin/post/manage
2018/09/17 22:56:48 15188 auth.py logout 50 user logout
2018/09/17 22:56:48 11864 blog.py index 21 request.url = http://127.0.0.1:5000/
2018/09/17 22:56:52 2748 blog.py show_category 50 request.url = http://127.0.0.1:5000/category/1
2018/09/17 22:56:57 9468 blog.py show_category 50 request.url = http://127.0.0.1:5000/category/1?page=2
2018/09/17 22:57:00 15620 blog.py show_category 50 request.url = http://127.0.0.1:5000/category/1?page=5
2018/09/17 22:57:03 16508 blog.py change_theme 182 request.url = http://127.0.0.1:5000/change-theme/perfect_blue?next=%2Fcategory%2F1%3Fpage%3D5
2018/09/17 22:57:03 16508 blog.py change_theme 190 response = <Response 243 bytes [302 FOUND]>
2018/09/17 22:57:03 16996 blog.py show_category 50 request.url = http://127.0.0.1:5000/category/1?page=5
2018/09/17 22:57:09 8228 blog.py index 21 request.url = http://127.0.0.1:5000/
2018/09/17 22:57:18 17620 blog.py show_category 50 request.url = http://127.0.0.1:5000/category/1
2018/09/17 22:57:21 18452 blog.py index 21 request.url = http://127.0.0.1:5000/
2018/09/17 22:57:24 12864 blog.py show_post 69 request.url = http://127.0.0.1:5000/post/46
2018/09/17 22:57:31 16164 blog.py reply_comment 160 request.url = http://127.0.0.1:5000/reply/comment/461
2018/09/17 22:57:31 16164 blog.py reply_comment 175 redirect.url = <Response 317 bytes [302 FOUND]>
2018/09/17 22:57:31 5876 blog.py show_post 69 request.url = http://127.0.0.1:5000/post/46?reply=461&author=Mark+Marquez
2018/09/17 22:57:42 18100 blog.py show_post 69 request.url = http://127.0.0.1:5000/post/46?reply=461&author=Mark+Marquez
2018/09/17 22:57:42 18100 blog.py show_post 129 comment_id = 461
2018/09/17 22:57:42 18100 blog.py show_post 133 replied_comment.id = 461
2018/09/17 22:57:42 18556 blog.py show_post 69 request.url = http://127.0.0.1:5000/post/46
2018/09/17 22:57:50 18340 auth.py login 17 is_authenticated = False
2018/09/17 22:57:50 18340 auth.py login 42 redirect to login.html
2018/09/17 22:57:51 9320 auth.py login 17 is_authenticated = False
2018/09/17 22:57:52 9320 auth.py login 31 login success
2018/09/17 22:57:52 16724 auth.py login 17 is_authenticated = True
2018/09/17 22:57:52 15608 blog.py index 21 request.url = http://127.0.0.1:5000/
2018/09/17 22:57:55 15196 blog.py show_post 69 request.url = http://127.0.0.1:5000/post/45
2018/09/17 22:58:00 2740 blog.py index 21 request.url = http://127.0.0.1:5000/
2018/09/17 22:58:02 17272 blog.py show_post 69 request.url = http://127.0.0.1:5000/post/29
2018/09/17 22:58:28 19176 auth.py logout 50 user logout
2018/09/17 22:58:28 1524 blog.py index 21 request.url = http://127.0.0.1:5000/
2018/09/17 22:58:32 10932 blog.py show_post 69 request.url = http://127.0.0.1:5000/post/49
2018/09/17 22:58:35 6784 auth.py login 17 is_authenticated = False
2018/09/17 22:58:35 6784 auth.py login 42 redirect to login.html
2018/09/17 22:58:36 2300 auth.py login 17 is_authenticated = False
2018/09/17 22:58:37 2300 auth.py login 31 login success
2018/09/17 22:58:37 16732 auth.py login 17 is_authenticated = True
2018/09/17 22:58:37 10852 blog.py index 21 request.url = http://127.0.0.1:5000/
2018/09/17 22:58:42 1656 blog.py show_post 69 request.url = http://127.0.0.1:5000/post/49
2018/09/17 22:59:35 2632 blog.py show_post 69 request.url = http://127.0.0.1:5000/post/49
2018/09/17 22:59:36 13208 blog.py show_post 69 request.url = http://127.0.0.1:5000/post/49
2018/09/17 22:59:39 13148 auth.py logout 50 user logout
2018/09/17 22:59:39 15460 blog.py index 21 request.url = http://127.0.0.1:5000/
2018/09/17 23:00:04 19424 blog.py index 21 request.url = http://127.0.0.1:5000/
2018/09/17 23:12:23 17844 blog.py index 21 request.url = http://127.0.0.1:5000/
2018/09/17 23:15:38 17580 utils.py _log 32 










2018/09/17 23:15:38 17580 utils.py _log 33 now time is 2018-09-17 23:15:38.754188
2018/09/17 23:15:38 17580 utils.py _log 34 --------------------------------------------------------------------------------
2018/09/17 23:15:44 18292 blog.py index 21 request.url = http://127.0.0.1:5000/
2018/09/17 23:16:03 2604 auth.py login 17 is_authenticated = False
2018/09/17 23:16:03 2604 auth.py login 42 redirect to login.html
2018/09/17 23:16:10 3968 auth.py login 17 is_authenticated = False
2018/09/17 23:16:10 3968 auth.py login 31 login success
2018/09/17 23:16:10 808 auth.py login 17 is_authenticated = True
2018/09/17 23:16:10 1756 blog.py index 21 request.url = http://127.0.0.1:5000/
2018/09/17 23:16:48 14116 utils.py _log 32 










2018/09/17 23:16:48 14116 utils.py _log 33 now time is 2018-09-17 23:16:48.869668
2018/09/17 23:16:48 14116 utils.py _log 34 --------------------------------------------------------------------------------
2018/09/17 23:16:52 13140 auth.py login 17 is_authenticated = False
2018/09/17 23:16:52 13140 auth.py login 42 redirect to login.html
2018/09/17 23:16:57 12892 blog.py index 21 request.url = http://127.0.0.1:5000/
2018/09/17 23:17:48 18600 auth.py login 17 is_authenticated = False
2018/09/17 23:17:48 18600 auth.py login 42 redirect to login.html
2018/09/17 23:17:52 8164 blog.py index 21 request.url = http://127.0.0.1:5000/
2018/09/17 23:17:56 1456 admin.py manage_comments 155 request.urlhttp://127.0.0.1:5000/admin/manage_comment
2018/09/17 23:18:15 17356 auth.py login 17 is_authenticated = False
2018/09/17 23:18:15 17356 auth.py login 42 redirect to login.html
2018/09/17 23:18:18 3028 admin.py manage_comments 155 request.urlhttp://127.0.0.1:5000/admin/manage_comment
2018/09/17 23:22:51 3508 utils.py _log 32 










2018/09/17 23:22:51 3508 utils.py _log 33 now time is 2018-09-17 23:22:51.429276
2018/09/17 23:22:51 3508 utils.py _log 34 --------------------------------------------------------------------------------
2018/09/17 23:23:01 15716 admin.py manage_comments 227 request.urlhttp://127.0.0.1:5000/admin/comment/manage
2018/09/17 23:23:31 13956 admin.py manage_comments 227 request.urlhttp://127.0.0.1:5000/admin/comment/manage
2018/09/17 23:23:34 896 admin.py manage_comments 227 request.urlhttp://127.0.0.1:5000/admin/comment/manage?filter=unread
2018/09/17 23:23:35 1716 admin.py manage_comments 227 request.urlhttp://127.0.0.1:5000/admin/comment/manage?filter=admin
2018/09/17 23:23:36 13852 admin.py manage_comments 227 request.urlhttp://127.0.0.1:5000/admin/comment/manage?filter=unread
2018/09/17 23:23:37 13224 admin.py manage_comments 227 request.urlhttp://127.0.0.1:5000/admin/comment/manage?filter=all
2018/09/17 23:23:38 11648 admin.py manage_comments 227 request.urlhttp://127.0.0.1:5000/admin/comment/manage?filter=unread
2018/09/17 23:23:40 6700 admin.py manage_comments 227 request.urlhttp://127.0.0.1:5000/admin/comment/manage?filter=all
2018/09/17 23:23:41 2032 admin.py manage_comments 227 request.urlhttp://127.0.0.1:5000/admin/comment/manage?filter=unread
2018/09/17 23:23:41 14236 admin.py manage_comments 227 request.urlhttp://127.0.0.1:5000/admin/comment/manage?filter=admin
2018/09/17 23:23:47 12540 admin.py manage_comments 227 request.urlhttp://127.0.0.1:5000/admin/comment/manage?filter=unread
2018/09/17 23:23:48 9452 admin.py manage_comments 227 request.urlhttp://127.0.0.1:5000/admin/comment/manage?filter=all
2018/09/17 23:25:19 18280 utils.py _log 32 










2018/09/17 23:25:19 18280 utils.py _log 33 now time is 2018-09-17 23:25:19.723960
2018/09/17 23:25:19 18280 utils.py _log 34 --------------------------------------------------------------------------------
2018/09/17 23:29:25 17788 utils.py _log 32 










2018/09/17 23:29:25 17788 utils.py _log 33 now time is 2018-09-17 23:29:25.394260
2018/09/17 23:29:25 17788 utils.py _log 34 --------------------------------------------------------------------------------
2018/09/17 23:29:25 17788 admin.py manage_comments 227 request.urlhttp://127.0.0.1:5000/admin/comment/manage?filter=all
2018/09/17 23:29:38 12836 utils.py _log 32 










2018/09/17 23:29:38 12836 utils.py _log 33 now time is 2018-09-17 23:29:38.590753
2018/09/17 23:29:38 12836 utils.py _log 34 --------------------------------------------------------------------------------
2018/09/17 23:29:48 10528 admin.py manage_comments 227 request.urlhttp://127.0.0.1:5000/admin/comment/manage?filter=all
2018/09/17 23:29:50 6232 admin.py manage_comments 227 request.urlhttp://127.0.0.1:5000/admin/comment/manage?filter=unread
2018/09/17 23:29:51 18972 admin.py manage_comments 227 request.urlhttp://127.0.0.1:5000/admin/comment/manage?filter=all
2018/09/17 23:30:13 15468 admin.py manage_comments 227 request.urlhttp://127.0.0.1:5000/admin/comment/manage?filter=all
2018/09/17 23:31:11 13188 admin.py manage_comments 227 request.urlhttp://127.0.0.1:5000/admin/comment/manage?filter=all
2018/09/17 23:32:25 16100 admin.py manage_comments 227 request.urlhttp://127.0.0.1:5000/admin/comment/manage?filter=all
2018/09/17 23:32:56 15528 admin.py manage_comments 227 request.urlhttp://127.0.0.1:5000/admin/comment/manage?filter=all
2018/09/17 23:33:40 7840 admin.py manage_comments 227 request.urlhttp://127.0.0.1:5000/admin/comment/manage?filter=unread
2018/09/17 23:35:15 17536 admin.py manage_comments 227 request.urlhttp://127.0.0.1:5000/admin/comment/manage?filter=unread
2018/09/17 23:36:26 14848 admin.py manage_comments 227 request.urlhttp://127.0.0.1:5000/admin/comment/manage?filter=unread
2018/09/17 23:37:13 7516 blog.py show_post 69 request.url = http://127.0.0.1:5000/post/46
2018/09/17 23:37:55 16520 admin.py comment_enabled 202 request.url = http://127.0.0.1:5000/admin/post/comment_enabled/?post_id=46
2018/09/17 23:37:55 12592 blog.py show_post 69 request.url = http://127.0.0.1:5000/post/46
2018/09/17 23:38:24 16000 admin.py comment_enabled 202 request.url = http://127.0.0.1:5000/admin/post/comment_enabled/?post_id=46
2018/09/17 23:38:24 10996 blog.py show_post 69 request.url = http://127.0.0.1:5000/post/46
2018/09/17 23:40:02 15064 blog.py about 44 request.url = http://127.0.0.1:5000/about
2018/09/17 23:43:03 1704 blog.py about 44 request.url = http://127.0.0.1:5000/about
2018/09/17 23:44:06 12900 blog.py about 44 request.url = http://127.0.0.1:5000/about
2018/09/17 23:45:56 12568 blog.py about 44 request.url = http://127.0.0.1:5000/about
2018/09/17 23:46:21 10772 blog.py show_category 50 request.url = http://127.0.0.1:5000/category/1
2018/09/17 23:46:28 18016 auth.py login 17 is_authenticated = False
2018/09/17 23:46:28 18016 auth.py login 31 login success
2018/09/17 23:46:28 11804 auth.py login 17 is_authenticated = True
2018/09/17 23:46:28 16884 blog.py index 21 request.url = http://127.0.0.1:5000/
2018/09/17 23:47:27 8724 blog.py index 21 request.url = http://127.0.0.1:5000/
2018/09/17 23:49:32 10092 admin.py manage_categories 102 request.url = http://127.0.0.1:5000/admin/category/manage
2018/09/17 23:50:40 17924 admin.py manage_categories 102 request.url = http://127.0.0.1:5000/admin/category/manage
2018/09/17 23:51:30 15212 admin.py new_category 21 request.url = http://127.0.0.1:5000/admin/category/new?category_name=Flask
2018/09/17 23:51:30 15212 admin.py new_category 40 info = {"success": true, "description": "Add category success"}
2018/09/17 23:51:32 7512 admin.py manage_categories 102 request.url = http://127.0.0.1:5000/admin/category/manage
2018/09/17 23:52:54 10536 admin.py manage_categories 102 request.url = http://127.0.0.1:5000/admin/category/manage
2018/09/18 00:07:00 10292 utils.py _log 32 










2018/09/18 00:07:00 10292 utils.py _log 33 now time is 2018-09-18 00:07:00.271670
2018/09/18 00:07:00 10292 utils.py _log 34 --------------------------------------------------------------------------------
2018/09/18 00:07:01 772 utils.py _log 32 










2018/09/18 00:07:01 772 utils.py _log 33 now time is 2018-09-18 00:07:01.694105
2018/09/18 00:07:01 772 utils.py _log 34 --------------------------------------------------------------------------------
2018/09/18 00:07:02 11708 blog.py index 21 request.url = http://127.0.0.1:5000/
2018/09/18 00:07:29 19236 blog.py index 21 request.url = http://127.0.0.1:5000/
2018/09/18 20:12:48 10600 admin.py manage_comments 227 request.urlhttp://127.0.0.1:5000/admin/comment/manage
2018/09/18 20:13:07 16168 admin.py manage_comments 227 request.urlhttp://127.0.0.1:5000/admin/comment/manage?page=41
2018/09/18 20:13:17 2240 admin.py manage_comments 227 request.urlhttp://127.0.0.1:5000/admin/comment/manage?page=39
2018/09/18 20:13:21 15752 admin.py manage_comments 227 request.urlhttp://127.0.0.1:5000/admin/comment/manage?page=1
2018/09/18 20:13:25 16388 admin.py manage_comments 227 request.urlhttp://127.0.0.1:5000/admin/comment/manage?page=41
2018/09/18 20:13:28 4768 admin.py manage_comments 227 request.urlhttp://127.0.0.1:5000/admin/comment/manage?page=1
2018/09/18 20:13:35 16300 blog.py index 21 request.url = http://127.0.0.1:5000/
2018/09/18 20:13:36 708 blog.py about 44 request.url = http://127.0.0.1:5000/about
2018/09/18 20:13:41 13928 blog.py change_theme 182 request.url = http://127.0.0.1:5000/change-theme/perfect_blue?next=%2Fabout%3F
2018/09/18 20:13:41 13928 blog.py change_theme 190 response = <Response 221 bytes [302 FOUND]>
2018/09/18 20:13:41 17052 blog.py about 44 request.url = http://127.0.0.1:5000/about
2018/09/18 20:13:42 9368 blog.py change_theme 182 request.url = http://127.0.0.1:5000/change-theme/black_swan?next=%2Fabout%3F
2018/09/18 20:13:42 9368 blog.py change_theme 190 response = <Response 221 bytes [302 FOUND]>
2018/09/18 20:13:42 13948 blog.py about 44 request.url = http://127.0.0.1:5000/about
2018/09/18 20:13:44 17648 blog.py index 21 request.url = http://127.0.0.1:5000/
2018/09/18 20:38:50 3172 utils.py _log 33 










2018/09/18 20:38:50 3172 utils.py _log 34 now time is 2018-09-18 20:38:50.924174
2018/09/18 20:38:50 3172 utils.py _log 35 --------------------------------------------------------------------------------
2018/09/18 20:41:02 676 blog.py index 21 request.url = http://127.0.0.1:5000/
2018/09/18 20:41:09 15396 admin.py manage_posts 140 request.url = http://127.0.0.1:5000/admin/post/manage
2018/09/18 20:41:28 16632 admin.py manage_comments 228 request.urlhttp://127.0.0.1:5000/admin/comment/manage
2018/09/18 20:41:44 16352 admin.py manage_posts 140 request.url = http://127.0.0.1:5000/admin/post/manage
2018/09/18 20:42:00 6236 utils.py _log 33 










2018/09/18 20:42:00 6236 utils.py _log 34 now time is 2018-09-18 20:42:00.359576
2018/09/18 20:42:00 6236 utils.py _log 35 --------------------------------------------------------------------------------
2018/09/18 20:42:07 10668 admin.py manage_posts 140 request.url = http://127.0.0.1:5000/admin/post/manage
2018/09/18 20:44:11 15020 utils.py _log 34 










2018/09/18 20:44:11 15020 utils.py _log 35 now time is 2018-09-18 20:44:11.334122
2018/09/18 20:44:11 15020 utils.py _log 36 --------------------------------------------------------------------------------
2018/09/18 20:44:38 5516 utils.py _log 34 










2018/09/18 20:44:38 5516 utils.py _log 35 now time is 2018-09-18 20:44:38.952326
2018/09/18 20:44:38 5516 utils.py _log 36 --------------------------------------------------------------------------------
2018/09/18 20:44:44 6180 admin.py manage_posts 140 request.url = http://127.0.0.1:5000/admin/post/manage
2018/09/18 20:44:49 18220 admin.py manage_posts 140 request.url = http://127.0.0.1:5000/admin/post/manage
2018/09/18 20:44:54 19416 admin.py new_post 115 request.url = http://127.0.0.1:5000/admin/post/new
2018/09/18 20:45:19 18424 utils.py _log 34 










2018/09/18 20:45:19 18424 utils.py _log 35 now time is 2018-09-18 20:45:19.339070
2018/09/18 20:45:19 18424 utils.py _log 36 --------------------------------------------------------------------------------
2018/09/18 20:45:29 2200 admin.py manage_posts 140 request.url = http://127.0.0.1:5000/admin/post/manage
2018/09/18 20:45:34 2296 admin.py new_post 115 request.url = http://127.0.0.1:5000/admin/post/new
2018/09/18 20:46:54 16328 blog.py index 21 request.url = http://127.0.0.1:5000/
2018/09/18 20:46:57 1904 admin.py manage_posts 140 request.url = http://127.0.0.1:5000/admin/post/manage
2018/09/18 20:47:00 17744 admin.py new_post 115 request.url = http://127.0.0.1:5000/admin/post/new
2018/09/18 20:47:15 12828 auth.py logout 50 user logout
2018/09/18 20:47:15 17728 blog.py index 21 request.url = http://127.0.0.1:5000/
2018/09/18 20:47:18 15412 auth.py login 17 is_authenticated = False
2018/09/18 20:47:18 15412 auth.py login 42 redirect to login.html
2018/09/18 20:47:28 10644 auth.py login 17 is_authenticated = False
2018/09/18 20:47:28 10644 auth.py login 31 login success
2018/09/18 20:47:28 5504 auth.py login 17 is_authenticated = True
2018/09/18 20:47:28 15020 blog.py index 21 request.url = http://127.0.0.1:5000/
2018/09/18 20:47:56 2788 utils.py _log 34 










2018/09/18 20:47:56 2788 utils.py _log 35 now time is 2018-09-18 20:47:56.483863
2018/09/18 20:47:56 2788 utils.py _log 36 --------------------------------------------------------------------------------
2018/09/18 20:48:05 13716 blog.py index 21 request.url = http://127.0.0.1:5000/
2018/09/18 20:48:08 10640 admin.py manage_posts 140 request.url = http://127.0.0.1:5000/admin/post/manage
2018/09/18 20:48:09 17996 admin.py manage_posts 140 request.url = http://127.0.0.1:5000/admin/post/manage
2018/09/18 20:48:10 8320 admin.py manage_posts 140 request.url = http://127.0.0.1:5000/admin/post/manage
2018/09/18 20:48:11 8672 admin.py manage_posts 140 request.url = http://127.0.0.1:5000/admin/post/manage
2018/09/18 20:48:12 2300 admin.py manage_posts 140 request.url = http://127.0.0.1:5000/admin/post/manage
2018/09/18 20:48:13 17164 admin.py manage_posts 140 request.url = http://127.0.0.1:5000/admin/post/manage
2018/09/18 20:49:14 6964 utils.py _log 34 










2018/09/18 20:49:14 6964 utils.py _log 35 now time is 2018-09-18 20:49:14.704086
2018/09/18 20:49:14 6964 utils.py _log 36 --------------------------------------------------------------------------------
2018/09/18 20:49:27 5336 admin.py manage_posts 140 request.url = http://127.0.0.1:5000/admin/post/manage
2018/09/18 20:49:28 8816 admin.py manage_posts 140 request.url = http://127.0.0.1:5000/admin/post/manage
2018/09/18 20:49:38 5848 admin.py manage_posts 140 request.url = http://127.0.0.1:5000/admin/post/manage
2018/09/18 20:49:43 8968 admin.py manage_categories 102 request.url = http://127.0.0.1:5000/admin/category/manage
2018/09/18 20:49:48 2380 admin.py manage_categories 102 request.url = http://127.0.0.1:5000/admin/category/manage
2018/09/18 20:49:50 18296 admin.py manage_comments 228 request.urlhttp://127.0.0.1:5000/admin/comment/manage
2018/09/18 20:49:54 9184 admin.py manage_posts 140 request.url = http://127.0.0.1:5000/admin/post/manage
2018/09/18 20:49:55 19040 admin.py manage_posts 140 request.url = http://127.0.0.1:5000/admin/post/manage
2018/09/18 20:49:58 14504 admin.py edit_post 156 request.url = http://127.0.0.1:5000/admin/post/edit/49
2018/09/18 20:50:00 11952 admin.py manage_posts 140 request.url = http://127.0.0.1:5000/admin/post/manage
2018/09/18 20:50:42 5224 utils.py _log 34 










2018/09/18 20:50:42 5224 utils.py _log 35 now time is 2018-09-18 20:50:42.659632
2018/09/18 20:50:42 5224 utils.py _log 36 --------------------------------------------------------------------------------
2018/09/18 20:51:06 15096 utils.py _log 34 










2018/09/18 20:51:06 15096 utils.py _log 35 now time is 2018-09-18 20:51:06.112898
2018/09/18 20:51:06 15096 utils.py _log 36 --------------------------------------------------------------------------------
2018/09/18 20:51:16 3928 utils.py _log 34 










2018/09/18 20:51:16 3928 utils.py _log 35 now time is 2018-09-18 20:51:16.043562
2018/09/18 20:51:16 3928 utils.py _log 36 --------------------------------------------------------------------------------
2018/09/18 21:00:26 6896 utils.py _log 34 










2018/09/18 21:00:26 6896 utils.py _log 35 now time is 2018-09-18 21:00:26.033381
2018/09/18 21:00:26 6896 utils.py _log 36 --------------------------------------------------------------------------------
2018/09/18 21:00:51 17304 utils.py _log 34 










2018/09/18 21:00:51 17304 utils.py _log 35 now time is 2018-09-18 21:00:51.022141
2018/09/18 21:00:51 17304 utils.py _log 36 --------------------------------------------------------------------------------
2018/09/18 21:01:01 17304 __init__.py admin 162 admin.username = admin
2018/09/18 21:02:05 17368 utils.py _log 34 










2018/09/18 21:02:05 17368 utils.py _log 35 now time is 2018-09-18 21:02:05.579016
2018/09/18 21:02:05 17368 utils.py _log 36 --------------------------------------------------------------------------------
2018/09/18 21:02:16 17368 __init__.py admin 162 admin.username = admin
2018/09/18 21:02:55 18268 utils.py _log 34 










2018/09/18 21:02:55 18268 utils.py _log 35 now time is 2018-09-18 21:02:55.296423
2018/09/18 21:02:55 18268 utils.py _log 36 --------------------------------------------------------------------------------
2018/09/18 21:02:56 6976 utils.py _log 34 










2018/09/18 21:02:56 6976 utils.py _log 35 now time is 2018-09-18 21:02:56.769404
2018/09/18 21:02:56 6976 utils.py _log 36 --------------------------------------------------------------------------------
2018/09/18 21:02:59 16128 blog.py index 21 request.url = http://127.0.0.1:5000/
2018/09/18 21:03:02 4760 auth.py logout 50 user logout
2018/09/18 21:03:02 16972 blog.py index 21 request.url = http://127.0.0.1:5000/
2018/09/18 21:03:03 17108 auth.py login 17 is_authenticated = False
2018/09/18 21:03:03 17108 auth.py login 42 redirect to login.html
2018/09/18 21:03:07 17956 auth.py login 17 is_authenticated = False
2018/09/18 21:03:07 17956 auth.py login 31 login success
2018/09/18 21:03:07 10628 auth.py login 17 is_authenticated = True
2018/09/18 21:03:07 16096 blog.py index 21 request.url = http://127.0.0.1:5000/
2018/09/18 21:03:11 11256 admin.py manage_posts 140 request.url = http://127.0.0.1:5000/admin/post/manage
2018/09/18 21:03:13 16924 admin.py manage_posts 140 request.url = http://127.0.0.1:5000/admin/post/manage
2018/09/18 21:03:19 15816 auth.py logout 50 user logout
2018/09/18 21:03:19 14676 blog.py index 21 request.url = http://127.0.0.1:5000/
2018/09/18 21:03:20 18400 auth.py login 17 is_authenticated = False
2018/09/18 21:03:20 18400 auth.py login 42 redirect to login.html
2018/09/18 21:03:22 8156 auth.py login 17 is_authenticated = False
2018/09/18 21:03:22 8156 auth.py login 36 login fail
2018/09/18 21:03:22 8156 auth.py login 37 admin = username=admin001,name=ChenTao
2018/09/18 21:03:22 8156 auth.py login 38 username is right ? admin,admin001
2018/09/18 21:03:22 8156 auth.py login 39 password is right ? True
2018/09/18 21:03:22 8156 auth.py login 42 redirect to login.html
2018/09/18 21:03:26 18540 auth.py login 17 is_authenticated = False
2018/09/18 21:03:26 18540 auth.py login 36 login fail
2018/09/18 21:03:26 18540 auth.py login 37 admin = username=admin001,name=ChenTao
2018/09/18 21:03:26 18540 auth.py login 38 username is right ? admin,admin001
2018/09/18 21:03:26 18540 auth.py login 39 password is right ? True
2018/09/18 21:03:26 18540 auth.py login 42 redirect to login.html
2018/09/18 21:03:27 19400 auth.py login 17 is_authenticated = False
2018/09/18 21:03:27 19400 auth.py login 36 login fail
2018/09/18 21:03:27 19400 auth.py login 37 admin = username=admin001,name=ChenTao
2018/09/18 21:03:27 19400 auth.py login 38 username is right ? admin,admin001
2018/09/18 21:03:27 19400 auth.py login 39 password is right ? True
2018/09/18 21:03:27 19400 auth.py login 42 redirect to login.html
2018/09/18 21:03:46 10752 auth.py login 17 is_authenticated = False
2018/09/18 21:03:46 10752 auth.py login 36 login fail
2018/09/18 21:03:46 10752 auth.py login 37 admin = username=admin001,name=ChenTao
2018/09/18 21:03:46 10752 auth.py login 38 username is right ? admin,admin001
2018/09/18 21:03:46 10752 auth.py login 39 password is right ? True
2018/09/18 21:03:46 10752 auth.py login 42 redirect to login.html
2018/09/18 21:04:26 9840 utils.py _log 34 










2018/09/18 21:04:26 9840 utils.py _log 35 now time is 2018-09-18 21:04:26.306672
2018/09/18 21:04:26 9840 utils.py _log 36 --------------------------------------------------------------------------------
2018/09/18 21:04:37 3956 utils.py _log 34 










2018/09/18 21:04:37 3956 utils.py _log 35 now time is 2018-09-18 21:04:37.531942
2018/09/18 21:04:37 3956 utils.py _log 36 --------------------------------------------------------------------------------
2018/09/18 21:04:45 3956 __init__.py admin 162 admin.username = admin
2018/09/18 21:05:05 18384 utils.py _log 34 










2018/09/18 21:05:05 18384 utils.py _log 35 now time is 2018-09-18 21:05:05.210819
2018/09/18 21:05:05 18384 utils.py _log 36 --------------------------------------------------------------------------------
2018/09/18 21:05:06 15456 utils.py _log 34 










2018/09/18 21:05:06 15456 utils.py _log 35 now time is 2018-09-18 21:05:06.687727
2018/09/18 21:05:06 15456 utils.py _log 36 --------------------------------------------------------------------------------
2018/09/18 21:05:09 12616 auth.py login 17 is_authenticated = False
2018/09/18 21:05:09 12616 auth.py login 42 redirect to login.html
2018/09/18 21:05:11 14864 auth.py login 17 is_authenticated = False
2018/09/18 21:05:11 14864 auth.py login 36 login fail
2018/09/18 21:05:11 14864 auth.py login 37 admin = username=admin001,name=ChenTao
2018/09/18 21:05:11 14864 auth.py login 38 username is right ? admin,admin001
2018/09/18 21:05:11 14864 auth.py login 39 password is right ? True
2018/09/18 21:05:11 14864 auth.py login 42 redirect to login.html
2018/09/18 21:05:16 8904 auth.py login 17 is_authenticated = False
2018/09/18 21:05:16 8904 auth.py login 31 login success
2018/09/18 21:05:16 12352 auth.py login 17 is_authenticated = True
2018/09/18 21:05:16 2248 blog.py index 21 request.url = http://127.0.0.1:5000/
2018/09/18 21:06:16 5584 utils.py _log 34 










2018/09/18 21:06:16 5584 utils.py _log 35 now time is 2018-09-18 21:06:16.278590
2018/09/18 21:06:16 5584 utils.py _log 36 --------------------------------------------------------------------------------
2018/09/18 21:06:20 11244 utils.py _log 34 










2018/09/18 21:06:20 11244 utils.py _log 35 now time is 2018-09-18 21:06:20.194512
2018/09/18 21:06:20 11244 utils.py _log 36 --------------------------------------------------------------------------------
2018/09/18 21:06:23 15992 auth.py logout 49 user logout
2018/09/18 21:06:23 15480 blog.py index 21 request.url = http://127.0.0.1:5000/
2018/09/18 21:06:25 13220 auth.py login 17 is_authenticated = False
2018/09/18 21:06:25 13220 auth.py login 41 redirect to login.html
2018/09/18 21:06:27 4968 auth.py login 17 is_authenticated = False
2018/09/18 21:06:38 1432 utils.py _log 34 










2018/09/18 21:06:38 1432 utils.py _log 35 now time is 2018-09-18 21:06:38.609888
2018/09/18 21:06:38 1432 utils.py _log 36 --------------------------------------------------------------------------------
2018/09/18 21:10:36 16276 auth.py login 17 is_authenticated = False
2018/09/18 21:10:36 16276 auth.py login 41 redirect to login.html
2018/09/18 21:10:38 9268 auth.py login 17 is_authenticated = False
2018/09/18 21:10:38 9268 auth.py login 30 login success
2018/09/18 21:10:38 3676 auth.py login 17 is_authenticated = True
2018/09/18 21:10:38 18392 blog.py index 21 request.url = http://127.0.0.1:5000/
2018/09/18 21:10:42 16476 admin.py manage_posts 140 request.url = http://127.0.0.1:5000/admin/post/manage
2018/09/18 21:10:43 16072 admin.py new_post 115 request.url = http://127.0.0.1:5000/admin/post/new
2018/09/18 21:10:45 16852 auth.py logout 49 user logout
2018/09/18 21:10:45 8872 blog.py index 21 request.url = http://127.0.0.1:5000/
2018/09/18 21:10:45 17748 auth.py login 17 is_authenticated = False
2018/09/18 21:10:45 17748 auth.py login 41 redirect to login.html
2018/09/18 21:10:49 9988 auth.py login 17 is_authenticated = False
2018/09/18 21:10:49 9988 auth.py login 30 login success
2018/09/18 21:10:49 15212 auth.py login 17 is_authenticated = True
2018/09/18 21:10:49 2152 blog.py index 21 request.url = http://127.0.0.1:5000/
2018/09/18 21:10:53 17672 admin.py manage_posts 140 request.url = http://127.0.0.1:5000/admin/post/manage
2018/09/18 21:10:54 3928 admin.py manage_posts 140 request.url = http://127.0.0.1:5000/admin/post/manage
2018/09/18 21:17:01 14648 utils.py _log 34 










2018/09/18 21:17:01 14648 utils.py _log 35 now time is 2018-09-18 21:17:01.757516
2018/09/18 21:17:01 14648 utils.py _log 36 --------------------------------------------------------------------------------
2018/09/18 21:17:08 18468 blog.py index 21 request.url = http://127.0.0.1:5000/
2018/09/18 21:17:10 18340 blog.py show_post 69 request.url = http://127.0.0.1:5000/post/49
2018/09/18 21:17:11 6004 admin.py comment_enabled 208 request.url = http://127.0.0.1:5000/admin/post/comment_enabled/?post_id=49
2018/09/18 21:17:11 1264 blog.py show_post 69 request.url = http://127.0.0.1:5000/post/49
2018/09/18 21:17:26 224 utils.py _log 34 










2018/09/18 21:17:26 224 utils.py _log 35 now time is 2018-09-18 21:17:26.447194
2018/09/18 21:17:26 224 utils.py _log 36 --------------------------------------------------------------------------------
2018/09/18 21:17:44 2572 utils.py _log 34 










2018/09/18 21:17:44 2572 utils.py _log 35 now time is 2018-09-18 21:17:44.374288
2018/09/18 21:17:44 2572 utils.py _log 36 --------------------------------------------------------------------------------
2018/09/18 21:17:47 17524 blog.py show_post 69 request.url = http://127.0.0.1:5000/post/49
2018/09/18 21:17:48 13080 blog.py show_post 69 request.url = http://127.0.0.1:5000/post/49
2018/09/18 21:17:55 708 blog.py show_post 69 request.url = http://127.0.0.1:5000/post/49
2018/09/18 21:17:56 16536 blog.py show_post 69 request.url = http://127.0.0.1:5000/post/49
2018/09/18 21:17:57 10668 blog.py show_post 69 request.url = http://127.0.0.1:5000/post/49
2018/09/18 21:18:01 5504 blog.py show_post 69 request.url = http://127.0.0.1:5000/post/49
2018/09/18 21:18:04 16804 blog.py show_post 69 request.url = http://127.0.0.1:5000/post/49
2018/09/18 21:18:11 7768 blog.py index 21 request.url = http://127.0.0.1:5000/
2018/09/18 21:18:11 904 blog.py show_post 69 request.url = http://127.0.0.1:5000/post/49
2018/09/18 21:18:18 18816 blog.py show_post 69 request.url = http://127.0.0.1:5000/post/49
2018/09/18 21:18:23 18416 blog.py index 21 request.url = http://127.0.0.1:5000/
2018/09/18 21:18:24 19312 blog.py show_post 69 request.url = http://127.0.0.1:5000/post/1
2018/09/18 21:18:29 8640 blog.py show_post 69 request.url = http://127.0.0.1:5000/post/1
2018/09/18 21:18:34 17620 auth.py logout 49 user logout
2018/09/18 21:18:34 14220 blog.py index 21 request.url = http://127.0.0.1:5000/
2018/09/18 21:18:36 10288 auth.py login 17 is_authenticated = False
2018/09/18 21:18:36 10288 auth.py login 41 redirect to login.html
2018/09/18 21:18:37 5876 auth.py login 17 is_authenticated = False
2018/09/18 21:18:37 5876 auth.py login 30 login success
2018/09/18 21:18:37 10908 auth.py login 17 is_authenticated = True
2018/09/18 21:18:37 10272 blog.py index 21 request.url = http://127.0.0.1:5000/
2018/09/18 21:18:39 17684 blog.py show_post 69 request.url = http://127.0.0.1:5000/post/49
2018/09/18 21:18:43 18232 admin.py comment_enabled 209 request.url = http://127.0.0.1:5000/admin/post/comment_enabled/?post_id=49
2018/09/18 21:18:43 1760 blog.py show_post 69 request.url = http://127.0.0.1:5000/post/49
2018/09/18 21:18:48 17868 admin.py comment_enabled 209 request.url = http://127.0.0.1:5000/admin/post/comment_enabled/?post_id=49
2018/09/18 21:18:48 17780 blog.py show_post 69 request.url = http://127.0.0.1:5000/post/49
2018/09/18 21:18:53 15488 auth.py logout 49 user logout
2018/09/18 21:18:53 10936 blog.py index 21 request.url = http://127.0.0.1:5000/
2018/09/18 21:18:54 15028 auth.py login 17 is_authenticated = False
2018/09/18 21:18:54 15028 auth.py login 41 redirect to login.html
2018/09/18 21:18:58 2424 auth.py login 17 is_authenticated = False
2018/09/18 21:18:58 2424 auth.py login 30 login success
2018/09/18 21:18:58 15752 auth.py login 17 is_authenticated = True
2018/09/18 21:18:58 11680 blog.py index 21 request.url = http://127.0.0.1:5000/
2018/09/18 21:19:00 18680 blog.py show_post 69 request.url = http://127.0.0.1:5000/post/49
2018/09/18 21:19:06 11696 blog.py show_post 69 request.url = http://127.0.0.1:5000/post/49
2018/09/18 21:19:22 12360 admin.py manage_posts 143 request.url = http://127.0.0.1:5000/admin/post/manage
2018/09/18 21:19:23 15964 admin.py manage_posts 143 request.url = http://127.0.0.1:5000/admin/post/manage
2018/09/18 21:19:30 15408 admin.py manage_posts 143 request.url = http://127.0.0.1:5000/admin/post/manage
2018/09/18 21:19:33 14988 admin.py manage_posts 143 request.url = http://127.0.0.1:5000/admin/post/manage
2018/09/18 21:19:38 14844 blog.py index 21 request.url = http://127.0.0.1:5000/
2018/09/18 21:20:09 4060 auth.py logout 49 user logout
2018/09/18 21:20:09 5252 blog.py index 21 request.url = http://127.0.0.1:5000/
2018/09/18 21:20:10 5376 auth.py login 17 is_authenticated = False
2018/09/18 21:20:10 5376 auth.py login 41 redirect to login.html
2018/09/18 21:20:14 12344 auth.py login 17 is_authenticated = False
2018/09/18 21:20:14 12344 auth.py login 30 login success
2018/09/18 21:20:14 2972 auth.py login 17 is_authenticated = True
2018/09/18 21:20:14 5928 blog.py index 21 request.url = http://127.0.0.1:5000/
2018/09/18 21:20:17 3832 blog.py show_post 69 request.url = http://127.0.0.1:5000/post/49
2018/09/18 21:20:22 9964 blog.py show_post 69 request.url = http://127.0.0.1:5000/post/49
2018/09/18 21:21:20 13888 utils.py _log 34 










2018/09/18 21:21:20 13888 utils.py _log 35 now time is 2018-09-18 21:21:20.796955
2018/09/18 21:21:20 13888 utils.py _log 36 --------------------------------------------------------------------------------
2018/09/18 21:21:41 16972 blog.py show_post 69 request.url = http://127.0.0.1:5000/post/49
2018/09/18 21:23:06 18340 utils.py _log 34 










2018/09/18 21:23:06 18340 utils.py _log 35 now time is 2018-09-18 21:23:06.474526
2018/09/18 21:23:06 18340 utils.py _log 36 --------------------------------------------------------------------------------
2018/09/18 21:23:14 15196 blog.py show_post 69 request.url = http://127.0.0.1:5000/post/49
2018/09/18 21:24:01 18248 utils.py _log 34 










2018/09/18 21:24:01 18248 utils.py _log 35 now time is 2018-09-18 21:24:01.351132
2018/09/18 21:24:01 18248 utils.py _log 36 --------------------------------------------------------------------------------
2018/09/18 21:24:27 1536 admin.py manage_categories 105 request.url = http://127.0.0.1:5000/admin/category/manage
2018/09/18 21:24:34 18628 admin.py manage_categories 105 request.url = http://127.0.0.1:5000/admin/category/manage
2018/09/18 21:24:43 17536 admin.py manage_categories 105 request.url = http://127.0.0.1:5000/admin/category/manage
2018/09/18 21:27:08 11704 utils.py _log 34 










2018/09/18 21:27:08 11704 utils.py _log 35 now time is 2018-09-18 21:27:08.957417
2018/09/18 21:27:08 11704 utils.py _log 36 --------------------------------------------------------------------------------
2018/09/18 21:27:14 10604 admin.py manage_categories 105 request.url = http://127.0.0.1:5000/admin/category/manage
2018/09/18 21:27:19 13136 admin.py manage_categories 105 request.url = http://127.0.0.1:5000/admin/category/manage
2018/09/18 21:27:48 16128 utils.py _log 34 










2018/09/18 21:27:48 16128 utils.py _log 35 now time is 2018-09-18 21:27:48.732063
2018/09/18 21:27:48 16128 utils.py _log 36 --------------------------------------------------------------------------------
2018/09/18 21:29:03 17624 utils.py _log 34 










2018/09/18 21:29:03 17624 utils.py _log 35 now time is 2018-09-18 21:29:03.100560
2018/09/18 21:29:03 17624 utils.py _log 36 --------------------------------------------------------------------------------
2018/09/18 21:30:53 9320 utils.py _log 34 










2018/09/18 21:30:53 9320 utils.py _log 35 now time is 2018-09-18 21:30:53.434888
2018/09/18 21:30:53 9320 utils.py _log 36 --------------------------------------------------------------------------------
2018/09/18 21:30:53 9320 utils.py stint_login_user 67 func.__name__ = new_category
2018/09/18 21:30:53 9320 utils.py stint_login_user 67 func.__name__ = edit_category
2018/09/18 21:30:53 9320 utils.py stint_login_user 67 func.__name__ = delete_category
2018/09/18 21:30:53 9320 utils.py stint_login_user 67 func.__name__ = new_post
2018/09/18 21:30:53 9320 utils.py stint_login_user 67 func.__name__ = edit_post
2018/09/18 21:30:53 9320 utils.py stint_login_user 67 func.__name__ = delete_post
2018/09/18 21:30:53 9320 utils.py stint_login_user 67 func.__name__ = comment_enabled
2018/09/18 21:30:53 9320 utils.py stint_login_user 67 func.__name__ = delete_comment
2018/09/18 21:30:53 9320 utils.py stint_login_user 67 func.__name__ = review_comment
2018/09/18 21:33:40 19432 utils.py _log 34 










2018/09/18 21:33:40 19432 utils.py _log 35 now time is 2018-09-18 21:33:40.019354
2018/09/18 21:33:40 19432 utils.py _log 36 --------------------------------------------------------------------------------
2018/09/18 21:33:40 19432 utils.py stint_login_user 67 func.__name__ = new_category
2018/09/18 21:33:40 19432 utils.py stint_login_user 67 func.__name__ = edit_category
2018/09/18 21:33:40 19432 utils.py stint_login_user 67 func.__name__ = delete_category
2018/09/18 21:33:40 19432 utils.py stint_login_user 67 func.__name__ = new_post
2018/09/18 21:33:40 19432 utils.py stint_login_user 67 func.__name__ = edit_post
2018/09/18 21:33:40 19432 utils.py stint_login_user 67 func.__name__ = delete_post
2018/09/18 21:33:40 19432 utils.py stint_login_user 67 func.__name__ = comment_enabled
2018/09/18 21:33:40 19432 utils.py stint_login_user 67 func.__name__ = delete_comment
2018/09/18 21:33:40 19432 utils.py stint_login_user 67 func.__name__ = review_comment
2018/09/18 21:38:33 1760 utils.py _log 34 










2018/09/18 21:38:33 1760 utils.py _log 35 now time is 2018-09-18 21:38:33.501111
2018/09/18 21:38:33 1760 utils.py _log 36 --------------------------------------------------------------------------------
2018/09/18 21:38:33 1760 utils.py stint_login_user 67 func.__name__ = new_category
2018/09/18 21:38:33 1760 utils.py stint_login_user 67 func.__name__ = edit_category
2018/09/18 21:38:33 1760 utils.py stint_login_user 67 func.__name__ = delete_category
2018/09/18 21:38:33 1760 utils.py stint_login_user 67 func.__name__ = new_post
2018/09/18 21:38:33 1760 utils.py stint_login_user 67 func.__name__ = edit_post
2018/09/18 21:38:33 1760 utils.py stint_login_user 67 func.__name__ = delete_post
2018/09/18 21:38:33 1760 utils.py stint_login_user 67 func.__name__ = comment_enabled
2018/09/18 21:38:33 1760 utils.py stint_login_user 67 func.__name__ = delete_comment
2018/09/18 21:38:33 1760 utils.py stint_login_user 67 func.__name__ = review_comment
2018/09/18 21:40:28 4264 utils.py _log 34 










2018/09/18 21:40:28 4264 utils.py _log 35 now time is 2018-09-18 21:40:28.146007
2018/09/18 21:40:28 4264 utils.py _log 36 --------------------------------------------------------------------------------
2018/09/18 21:40:28 4264 utils.py stint_login_user 67 func.__name__ = new_category
2018/09/18 21:40:28 4264 utils.py stint_login_user 67 func.__name__ = edit_category
2018/09/18 21:40:28 4264 utils.py stint_login_user 67 func.__name__ = delete_category
2018/09/18 21:40:28 4264 utils.py stint_login_user 67 func.__name__ = new_post
2018/09/18 21:40:28 4264 utils.py stint_login_user 67 func.__name__ = edit_post
2018/09/18 21:40:28 4264 utils.py stint_login_user 67 func.__name__ = delete_post
2018/09/18 21:40:28 4264 utils.py stint_login_user 67 func.__name__ = comment_enabled
2018/09/18 21:40:28 4264 utils.py stint_login_user 67 func.__name__ = delete_comment
2018/09/18 21:40:28 4264 utils.py stint_login_user 67 func.__name__ = review_comment
2018/09/18 21:40:51 14032 utils.py _log 34 










2018/09/18 21:40:51 14032 utils.py _log 35 now time is 2018-09-18 21:40:51.551216
2018/09/18 21:40:51 14032 utils.py _log 36 --------------------------------------------------------------------------------
2018/09/18 21:40:51 14032 utils.py stint_login_user 67 func.__name__ = new_category
2018/09/18 21:40:51 14032 utils.py stint_login_user 67 func.__name__ = edit_category
2018/09/18 21:40:51 14032 utils.py stint_login_user 67 func.__name__ = delete_category
2018/09/18 21:40:51 14032 utils.py stint_login_user 67 func.__name__ = new_post
2018/09/18 21:40:51 14032 utils.py stint_login_user 67 func.__name__ = edit_post
2018/09/18 21:40:51 14032 utils.py stint_login_user 67 func.__name__ = delete_post
2018/09/18 21:40:51 14032 utils.py stint_login_user 67 func.__name__ = comment_enabled
2018/09/18 21:40:51 14032 utils.py stint_login_user 67 func.__name__ = delete_comment
2018/09/18 21:40:51 14032 utils.py stint_login_user 67 func.__name__ = review_comment
2018/09/18 21:41:11 4640 utils.py _log 34 










2018/09/18 21:41:11 4640 utils.py _log 35 now time is 2018-09-18 21:41:11.693241
2018/09/18 21:41:11 4640 utils.py _log 36 --------------------------------------------------------------------------------
2018/09/18 21:41:11 4640 utils.py stint_login_user 67 func.__name__ = new_category
2018/09/18 21:41:11 4640 utils.py stint_login_user 67 func.__name__ = edit_category
2018/09/18 21:41:11 4640 utils.py stint_login_user 67 func.__name__ = delete_category
2018/09/18 21:41:11 4640 utils.py stint_login_user 67 func.__name__ = new_post
2018/09/18 21:41:11 4640 utils.py stint_login_user 67 func.__name__ = edit_post
2018/09/18 21:41:11 4640 utils.py stint_login_user 67 func.__name__ = delete_post
2018/09/18 21:41:11 4640 utils.py stint_login_user 67 func.__name__ = comment_enabled
2018/09/18 21:41:11 4640 utils.py stint_login_user 67 func.__name__ = delete_comment
2018/09/18 21:41:11 4640 utils.py stint_login_user 67 func.__name__ = review_comment
2018/09/18 21:41:19 16904 utils.py _log 34 










2018/09/18 21:41:19 16904 utils.py _log 35 now time is 2018-09-18 21:41:19.892136
2018/09/18 21:41:19 16904 utils.py _log 36 --------------------------------------------------------------------------------
2018/09/18 21:41:19 16904 utils.py stint_login_user 67 func.__name__ = new_category
2018/09/18 21:41:19 16904 utils.py stint_login_user 67 func.__name__ = edit_category
2018/09/18 21:41:19 16904 utils.py stint_login_user 67 func.__name__ = delete_category
2018/09/18 21:41:19 16904 utils.py stint_login_user 67 func.__name__ = new_post
2018/09/18 21:41:19 16904 utils.py stint_login_user 67 func.__name__ = edit_post
2018/09/18 21:41:19 16904 utils.py stint_login_user 67 func.__name__ = delete_post
2018/09/18 21:41:19 16904 utils.py stint_login_user 67 func.__name__ = comment_enabled
2018/09/18 21:41:19 16904 utils.py stint_login_user 67 func.__name__ = delete_comment
2018/09/18 21:41:19 16904 utils.py stint_login_user 67 func.__name__ = review_comment
2018/09/18 21:41:24 19344 blog.py index 21 request.url = http://127.0.0.1:5000/
2018/09/18 21:42:04 1468 blog.py index 21 request.url = http://127.0.0.1:5000/
2018/09/18 21:42:26 3896 blog.py index 21 request.url = http://127.0.0.1:5000/
2018/09/18 21:42:35 4784 admin.py manage_comments 234 request.urlhttp://127.0.0.1:5000/admin/comment/manage
2018/09/18 21:42:51 4776 utils.py _log 34 










2018/09/18 21:42:51 4776 utils.py _log 35 now time is 2018-09-18 21:42:51.828872
2018/09/18 21:42:51 4776 utils.py _log 36 --------------------------------------------------------------------------------
2018/09/18 21:42:51 4776 utils.py stint_login_user 67 func.__name__ = new_category
2018/09/18 21:42:51 4776 utils.py stint_login_user 67 func.__name__ = edit_category
2018/09/18 21:42:51 4776 utils.py stint_login_user 67 func.__name__ = delete_category
2018/09/18 21:42:51 4776 utils.py stint_login_user 67 func.__name__ = new_post
2018/09/18 21:42:51 4776 utils.py stint_login_user 67 func.__name__ = edit_post
2018/09/18 21:42:51 4776 utils.py stint_login_user 67 func.__name__ = delete_post
2018/09/18 21:42:51 4776 utils.py stint_login_user 67 func.__name__ = comment_enabled
2018/09/18 21:42:51 4776 utils.py stint_login_user 67 func.__name__ = delete_comment
2018/09/18 21:42:51 4776 utils.py stint_login_user 67 func.__name__ = review_comment
2018/09/18 21:42:52 17952 admin.py manage_comments 234 request.urlhttp://127.0.0.1:5000/admin/comment/manage
2018/09/18 21:42:57 8832 auth.py logout 49 user logout
2018/09/18 21:42:57 8064 blog.py index 21 request.url = http://127.0.0.1:5000/
2018/09/18 21:42:59 7152 blog.py show_post 69 request.url = http://127.0.0.1:5000/post/49
2018/09/18 21:43:04 10448 blog.py index 21 request.url = http://127.0.0.1:5000/
2018/09/18 21:43:05 6896 blog.py show_post 69 request.url = http://127.0.0.1:5000/post/29
2018/09/18 21:43:30 3308 blog.py show_post 69 request.url = http://127.0.0.1:5000/post/29
2018/09/18 21:43:30 3308 blog.py show_post 129 comment_id = None
2018/09/18 21:43:31 360 blog.py show_post 69 request.url = http://127.0.0.1:5000/post/29
2018/09/18 21:44:12 18668 admin.py manage_comments 234 request.urlhttp://127.0.0.1:5000/admin/comment/manage
2018/09/18 21:44:19 516 blog.py show_post 69 request.url = http://127.0.0.1:5000/post/29
2018/09/18 21:44:26 19216 admin.py manage_comments 234 request.urlhttp://127.0.0.1:5000/admin/comment/manage
2018/09/18 21:44:46 5380 admin.py manage_comments 234 request.urlhttp://127.0.0.1:5000/admin/comment/manage?filter=unread
2018/09/18 21:44:48 12712 admin.py manage_comments 234 request.urlhttp://127.0.0.1:5000/admin/comment/manage?filter=all
2018/09/18 21:44:49 16760 admin.py manage_comments 234 request.urlhttp://127.0.0.1:5000/admin/comment/manage?filter=unread
2018/09/18 21:44:50 14868 admin.py manage_comments 234 request.urlhttp://127.0.0.1:5000/admin/comment/manage?filter=all
2018/09/18 21:44:51 16528 admin.py manage_comments 234 request.urlhttp://127.0.0.1:5000/admin/comment/manage?filter=unread
2018/09/18 21:44:53 15392 admin.py manage_comments 234 request.urlhttp://127.0.0.1:5000/admin/comment/manage?filter=all
2018/09/18 21:46:18 12584 blog.py index 21 request.url = http://127.0.0.1:5000/
2018/09/18 21:46:22 4820 blog.py about 44 request.url = http://127.0.0.1:5000/about
2018/09/18 21:48:05 8052 blog.py about 44 request.url = http://127.0.0.1:5000/about
2018/09/18 21:48:20 15568 blog.py about 44 request.url = http://127.0.0.1:5000/about
2018/09/18 21:48:28 16532 blog.py about 44 request.url = http://127.0.0.1:5000/about
2018/09/18 21:48:49 18000 blog.py index 21 request.url = http://127.0.0.1:5000/
2018/09/18 21:48:50 3128 blog.py about 44 request.url = http://127.0.0.1:5000/about
2018/09/18 21:48:51 16128 blog.py index 21 request.url = http://127.0.0.1:5000/
2018/09/18 21:48:54 17696 admin.py manage_comments 234 request.urlhttp://127.0.0.1:5000/admin/comment/manage
2018/09/18 21:48:55 9920 admin.py manage_posts 143 request.url = http://127.0.0.1:5000/admin/post/manage
2018/09/18 21:48:56 4524 admin.py manage_categories 105 request.url = http://127.0.0.1:5000/admin/category/manage
2018/09/18 21:49:09 4640 utils.py wrapper 71 current_user.username = admin001
2018/09/18 21:49:09 17540 admin.py manage_categories 105 request.url = http://127.0.0.1:5000/admin/category/manage
2018/09/18 21:49:19 17452 admin.py manage_posts 143 request.url = http://127.0.0.1:5000/admin/post/manage
2018/09/18 21:49:21 12400 utils.py wrapper 71 current_user.username = admin001
2018/09/18 21:49:21 5204 admin.py manage_posts 143 request.url = http://127.0.0.1:5000/admin/post/manage
2018/09/18 21:49:24 5492 admin.py manage_comments 234 request.urlhttp://127.0.0.1:5000/admin/comment/manage
2018/09/18 21:49:27 18516 admin.py manage_comments 234 request.urlhttp://127.0.0.1:5000/admin/comment/manage
2018/09/18 21:49:28 19092 blog.py show_post 69 request.url = http://127.0.0.1:5000/post/45
2018/09/18 21:49:38 9852 blog.py show_post 69 request.url = http://127.0.0.1:5000/post/45
2018/09/18 21:49:49 19236 blog.py show_post 69 request.url = http://127.0.0.1:5000/post/45
2018/09/18 21:50:23 16144 admin.py manage_comments 234 request.urlhttp://127.0.0.1:5000/admin/comment/manage
2018/09/18 21:50:38 3980 admin.py manage_comments 234 request.urlhttp://127.0.0.1:5000/admin/comment/manage?filter=unread
2018/09/18 21:50:39 7356 admin.py manage_comments 234 request.urlhttp://127.0.0.1:5000/admin/comment/manage?filter=all
2018/09/18 21:50:39 19388 admin.py manage_comments 234 request.urlhttp://127.0.0.1:5000/admin/comment/manage?filter=unread
2018/09/18 21:50:40 16228 admin.py manage_comments 234 request.urlhttp://127.0.0.1:5000/admin/comment/manage?filter=all
2018/09/18 21:50:52 3852 blog.py show_post 69 request.url = http://127.0.0.1:5000/post/45
2018/09/18 21:50:55 16528 blog.py show_post 69 request.url = http://127.0.0.1:5000/post/14
2018/09/18 21:50:58 15392 blog.py show_post 69 request.url = http://127.0.0.1:5000/post/32
2018/09/18 21:51:01 8996 blog.py show_post 69 request.url = http://127.0.0.1:5000/post/37
2018/09/18 21:51:04 16084 admin.py manage_comments 234 request.urlhttp://127.0.0.1:5000/admin/comment/manage?filter=all&page=3
2018/09/18 21:52:48 4784 utils.py _log 34 










2018/09/18 21:52:48 4784 utils.py _log 35 now time is 2018-09-18 21:52:48.926156
2018/09/18 21:52:48 4784 utils.py _log 36 --------------------------------------------------------------------------------
2018/09/18 21:52:48 4784 utils.py stint_login_user 67 func.__name__ = new_category
2018/09/18 21:52:48 4784 utils.py stint_login_user 67 func.__name__ = edit_category
2018/09/18 21:52:48 4784 utils.py stint_login_user 67 func.__name__ = delete_category
2018/09/18 21:52:48 4784 utils.py stint_login_user 67 func.__name__ = new_post
2018/09/18 21:52:48 4784 utils.py stint_login_user 67 func.__name__ = edit_post
2018/09/18 21:52:48 4784 utils.py stint_login_user 67 func.__name__ = delete_post
2018/09/18 21:52:48 4784 utils.py stint_login_user 67 func.__name__ = comment_enabled
2018/09/18 21:52:48 4784 utils.py stint_login_user 67 func.__name__ = delete_comment
2018/09/18 21:52:48 4784 utils.py stint_login_user 67 func.__name__ = review_comment
2018/09/18 21:52:58 9328 utils.py _log 34 










2018/09/18 21:52:58 9328 utils.py _log 35 now time is 2018-09-18 21:52:58.595389
2018/09/18 21:52:58 9328 utils.py _log 36 --------------------------------------------------------------------------------
2018/09/18 21:52:58 9328 utils.py stint_login_user 67 func.__name__ = new_category
2018/09/18 21:52:58 9328 utils.py stint_login_user 67 func.__name__ = edit_category
2018/09/18 21:52:58 9328 utils.py stint_login_user 67 func.__name__ = delete_category
2018/09/18 21:52:58 9328 utils.py stint_login_user 67 func.__name__ = new_post
2018/09/18 21:52:58 9328 utils.py stint_login_user 67 func.__name__ = edit_post
2018/09/18 21:52:58 9328 utils.py stint_login_user 67 func.__name__ = delete_post
2018/09/18 21:52:58 9328 utils.py stint_login_user 67 func.__name__ = comment_enabled
2018/09/18 21:52:58 9328 utils.py stint_login_user 67 func.__name__ = delete_comment
2018/09/18 21:52:58 9328 utils.py stint_login_user 67 func.__name__ = review_comment
2018/09/18 21:53:13 12956 utils.py _log 34 










2018/09/18 21:53:13 12956 utils.py _log 35 now time is 2018-09-18 21:53:13.995865
2018/09/18 21:53:13 12956 utils.py _log 36 --------------------------------------------------------------------------------
2018/09/18 21:53:14 12956 utils.py stint_login_user 67 func.__name__ = new_category
2018/09/18 21:53:14 12956 utils.py stint_login_user 67 func.__name__ = edit_category
2018/09/18 21:53:14 12956 utils.py stint_login_user 67 func.__name__ = delete_category
2018/09/18 21:53:14 12956 utils.py stint_login_user 67 func.__name__ = new_post
2018/09/18 21:53:14 12956 utils.py stint_login_user 67 func.__name__ = edit_post
2018/09/18 21:53:14 12956 utils.py stint_login_user 67 func.__name__ = delete_post
2018/09/18 21:53:14 12956 utils.py stint_login_user 67 func.__name__ = comment_enabled
2018/09/18 21:53:14 12956 utils.py stint_login_user 67 func.__name__ = delete_comment
2018/09/18 21:53:14 12956 utils.py stint_login_user 67 func.__name__ = review_comment
2018/09/18 21:53:15 11492 utils.py _log 34 










2018/09/18 21:53:15 11492 utils.py _log 35 now time is 2018-09-18 21:53:15.456536
2018/09/18 21:53:15 11492 utils.py _log 36 --------------------------------------------------------------------------------
2018/09/18 21:53:15 11492 utils.py stint_login_user 67 func.__name__ = new_category
2018/09/18 21:53:15 11492 utils.py stint_login_user 67 func.__name__ = edit_category
2018/09/18 21:53:15 11492 utils.py stint_login_user 67 func.__name__ = delete_category
2018/09/18 21:53:15 11492 utils.py stint_login_user 67 func.__name__ = new_post
2018/09/18 21:53:15 11492 utils.py stint_login_user 67 func.__name__ = edit_post
2018/09/18 21:53:15 11492 utils.py stint_login_user 67 func.__name__ = delete_post
2018/09/18 21:53:15 11492 utils.py stint_login_user 67 func.__name__ = comment_enabled
2018/09/18 21:53:15 11492 utils.py stint_login_user 67 func.__name__ = delete_comment
2018/09/18 21:53:15 11492 utils.py stint_login_user 67 func.__name__ = review_comment
2018/09/18 21:53:22 7340 admin.py manage_comments 234 request.urlhttp://127.0.0.1:5000/admin/comment/manage?filter=all&page=3
2018/09/18 21:53:58 10568 utils.py _log 34 










2018/09/18 21:53:58 10568 utils.py _log 35 now time is 2018-09-18 21:53:58.666903
2018/09/18 21:53:58 10568 utils.py _log 36 --------------------------------------------------------------------------------
2018/09/18 21:53:58 10568 utils.py stint_login_user 67 func.__name__ = new_category
2018/09/18 21:53:58 10568 utils.py stint_login_user 67 func.__name__ = edit_category
2018/09/18 21:53:58 10568 utils.py stint_login_user 67 func.__name__ = delete_category
2018/09/18 21:53:58 10568 utils.py stint_login_user 67 func.__name__ = new_post
2018/09/18 21:53:58 10568 utils.py stint_login_user 67 func.__name__ = edit_post
2018/09/18 21:53:58 10568 utils.py stint_login_user 67 func.__name__ = delete_post
2018/09/18 21:53:58 10568 utils.py stint_login_user 67 func.__name__ = comment_enabled
2018/09/18 21:53:58 10568 utils.py stint_login_user 67 func.__name__ = delete_comment
2018/09/18 21:53:58 10568 utils.py stint_login_user 67 func.__name__ = review_comment
2018/09/18 21:58:00 4676 utils.py _log 34 










2018/09/18 21:58:00 4676 utils.py _log 35 now time is 2018-09-18 21:58:00.948211
2018/09/18 21:58:00 4676 utils.py _log 36 --------------------------------------------------------------------------------
2018/09/18 21:58:00 4676 utils.py stint_login_user 67 func.__name__ = new_category
2018/09/18 21:58:00 4676 utils.py stint_login_user 67 func.__name__ = edit_category
2018/09/18 21:58:00 4676 utils.py stint_login_user 67 func.__name__ = delete_category
2018/09/18 21:58:00 4676 utils.py stint_login_user 67 func.__name__ = new_post
2018/09/18 21:58:00 4676 utils.py stint_login_user 67 func.__name__ = edit_post
2018/09/18 21:58:00 4676 utils.py stint_login_user 67 func.__name__ = delete_post
2018/09/18 21:58:00 4676 utils.py stint_login_user 67 func.__name__ = comment_enabled
2018/09/18 21:58:00 4676 utils.py stint_login_user 67 func.__name__ = delete_comment
2018/09/18 21:58:00 4676 utils.py stint_login_user 67 func.__name__ = review_comment
2018/09/18 21:58:02 260 utils.py _log 34 










2018/09/18 21:58:02 260 utils.py _log 35 now time is 2018-09-18 21:58:02.397870
2018/09/18 21:58:02 260 utils.py _log 36 --------------------------------------------------------------------------------
2018/09/18 21:58:02 260 utils.py stint_login_user 67 func.__name__ = new_category
2018/09/18 21:58:02 260 utils.py stint_login_user 67 func.__name__ = edit_category
2018/09/18 21:58:02 260 utils.py stint_login_user 67 func.__name__ = delete_category
2018/09/18 21:58:02 260 utils.py stint_login_user 67 func.__name__ = new_post
2018/09/18 21:58:02 260 utils.py stint_login_user 67 func.__name__ = edit_post
2018/09/18 21:58:02 260 utils.py stint_login_user 67 func.__name__ = delete_post
2018/09/18 21:58:02 260 utils.py stint_login_user 67 func.__name__ = comment_enabled
2018/09/18 21:58:02 260 utils.py stint_login_user 67 func.__name__ = delete_comment
2018/09/18 21:58:02 260 utils.py stint_login_user 67 func.__name__ = review_comment
2018/09/18 21:58:25 18968 blog.py index 21 request.url = http://127.0.0.1:5000/
2018/09/18 21:58:26 6928 auth.py login 17 is_authenticated = False
2018/09/18 21:58:26 6928 auth.py login 41 redirect to login.html
2018/09/18 21:58:28 9856 auth.py login 17 is_authenticated = False
2018/09/18 21:58:28 9856 auth.py login 26 admin.username = admin
2018/09/18 21:58:28 9856 auth.py login 31 login success
2018/09/18 21:58:28 10044 auth.py login 17 is_authenticated = True
2018/09/18 21:58:28 2860 blog.py index 21 request.url = http://127.0.0.1:5000/
2018/09/18 21:58:31 16100 auth.py logout 49 user logout
2018/09/18 21:58:31 18600 blog.py index 21 request.url = http://127.0.0.1:5000/
2018/09/18 21:58:32 18392 auth.py login 17 is_authenticated = False
2018/09/18 21:58:32 18392 auth.py login 41 redirect to login.html
2018/09/18 21:58:35 3308 auth.py login 17 is_authenticated = False
2018/09/18 21:58:35 3308 auth.py login 26 admin.username = admin001
2018/09/18 21:58:36 3308 auth.py login 31 login success
2018/09/18 21:58:36 6844 auth.py login 17 is_authenticated = True
2018/09/18 21:58:36 14500 blog.py index 21 request.url = http://127.0.0.1:5000/
2018/09/18 21:58:43 13580 utils.py _log 34 










2018/09/18 21:58:43 13580 utils.py _log 35 now time is 2018-09-18 21:58:43.895233
2018/09/18 21:58:43 13580 utils.py _log 36 --------------------------------------------------------------------------------
2018/09/18 21:58:43 13580 utils.py stint_login_user 67 func.__name__ = new_category
2018/09/18 21:58:43 13580 utils.py stint_login_user 67 func.__name__ = edit_category
2018/09/18 21:58:43 13580 utils.py stint_login_user 67 func.__name__ = delete_category
2018/09/18 21:58:43 13580 utils.py stint_login_user 67 func.__name__ = new_post
2018/09/18 21:58:43 13580 utils.py stint_login_user 67 func.__name__ = edit_post
2018/09/18 21:58:43 13580 utils.py stint_login_user 67 func.__name__ = delete_post
2018/09/18 21:58:43 13580 utils.py stint_login_user 67 func.__name__ = comment_enabled
2018/09/18 21:58:43 13580 utils.py stint_login_user 67 func.__name__ = delete_comment
2018/09/18 21:58:43 13580 utils.py stint_login_user 67 func.__name__ = review_comment
2018/09/18 21:58:45 18712 utils.py _log 34 










2018/09/18 21:58:45 18712 utils.py _log 35 now time is 2018-09-18 21:58:45.408009
2018/09/18 21:58:45 18712 utils.py _log 36 --------------------------------------------------------------------------------
2018/09/18 21:58:45 18712 utils.py stint_login_user 67 func.__name__ = new_category
2018/09/18 21:58:45 18712 utils.py stint_login_user 67 func.__name__ = edit_category
2018/09/18 21:58:45 18712 utils.py stint_login_user 67 func.__name__ = delete_category
2018/09/18 21:58:45 18712 utils.py stint_login_user 67 func.__name__ = new_post
2018/09/18 21:58:45 18712 utils.py stint_login_user 67 func.__name__ = edit_post
2018/09/18 21:58:45 18712 utils.py stint_login_user 67 func.__name__ = delete_post
2018/09/18 21:58:45 18712 utils.py stint_login_user 67 func.__name__ = comment_enabled
2018/09/18 21:58:45 18712 utils.py stint_login_user 67 func.__name__ = delete_comment
2018/09/18 21:58:45 18712 utils.py stint_login_user 67 func.__name__ = review_comment
2018/09/18 21:58:48 7840 blog.py index 21 request.url = http://127.0.0.1:5000/
2018/09/18 21:58:50 3700 auth.py login 17 is_authenticated = False
2018/09/18 21:58:50 3700 auth.py login 41 redirect to login.html
2018/09/18 21:58:52 19376 auth.py login 17 is_authenticated = False
2018/09/18 21:58:52 19376 auth.py login 26 admin.username = admin
2018/09/18 21:58:52 19376 auth.py login 31 login success
2018/09/18 21:58:52 1272 auth.py login 17 is_authenticated = True
2018/09/18 21:58:52 12324 blog.py index 21 request.url = http://127.0.0.1:5000/
2018/09/18 22:01:50 16348 utils.py _log 34 










2018/09/18 22:01:50 16348 utils.py _log 35 now time is 2018-09-18 22:01:50.705432
2018/09/18 22:01:50 16348 utils.py _log 36 --------------------------------------------------------------------------------
2018/09/18 22:01:50 16348 utils.py stint_login_user 67 func.__name__ = new_category
2018/09/18 22:01:50 16348 utils.py stint_login_user 67 func.__name__ = edit_category
2018/09/18 22:01:50 16348 utils.py stint_login_user 67 func.__name__ = delete_category
2018/09/18 22:01:50 16348 utils.py stint_login_user 67 func.__name__ = new_post
2018/09/18 22:01:50 16348 utils.py stint_login_user 67 func.__name__ = edit_post
2018/09/18 22:01:50 16348 utils.py stint_login_user 67 func.__name__ = delete_post
2018/09/18 22:01:50 16348 utils.py stint_login_user 67 func.__name__ = comment_enabled
2018/09/18 22:01:50 16348 utils.py stint_login_user 67 func.__name__ = delete_comment
2018/09/18 22:01:50 16348 utils.py stint_login_user 67 func.__name__ = review_comment
2018/09/18 22:01:58 5380 utils.py _log 34 










2018/09/18 22:01:58 5380 utils.py _log 35 now time is 2018-09-18 22:01:58.379323
2018/09/18 22:01:58 5380 utils.py _log 36 --------------------------------------------------------------------------------
2018/09/18 22:01:58 5380 utils.py stint_login_user 67 func.__name__ = new_category
2018/09/18 22:01:58 5380 utils.py stint_login_user 67 func.__name__ = edit_category
2018/09/18 22:01:58 5380 utils.py stint_login_user 67 func.__name__ = delete_category
2018/09/18 22:01:58 5380 utils.py stint_login_user 67 func.__name__ = new_post
2018/09/18 22:01:58 5380 utils.py stint_login_user 67 func.__name__ = edit_post
2018/09/18 22:01:58 5380 utils.py stint_login_user 67 func.__name__ = delete_post
2018/09/18 22:01:58 5380 utils.py stint_login_user 67 func.__name__ = comment_enabled
2018/09/18 22:01:58 5380 utils.py stint_login_user 67 func.__name__ = delete_comment
2018/09/18 22:01:58 5380 utils.py stint_login_user 67 func.__name__ = review_comment
2018/09/18 22:02:32 14316 utils.py _log 34 










2018/09/18 22:02:32 14316 utils.py _log 35 now time is 2018-09-18 22:02:32.600697
2018/09/18 22:02:32 14316 utils.py _log 36 --------------------------------------------------------------------------------
2018/09/18 22:02:32 14316 utils.py stint_login_user 67 func.__name__ = new_category
2018/09/18 22:02:32 14316 utils.py stint_login_user 67 func.__name__ = edit_category
2018/09/18 22:02:32 14316 utils.py stint_login_user 67 func.__name__ = delete_category
2018/09/18 22:02:32 14316 utils.py stint_login_user 67 func.__name__ = new_post
2018/09/18 22:02:32 14316 utils.py stint_login_user 67 func.__name__ = edit_post
2018/09/18 22:02:32 14316 utils.py stint_login_user 67 func.__name__ = delete_post
2018/09/18 22:02:32 14316 utils.py stint_login_user 67 func.__name__ = comment_enabled
2018/09/18 22:02:32 14316 utils.py stint_login_user 67 func.__name__ = delete_comment
2018/09/18 22:02:32 14316 utils.py stint_login_user 67 func.__name__ = review_comment
2018/09/18 22:02:56 14220 utils.py _log 34 










2018/09/18 22:02:56 14220 utils.py _log 35 now time is 2018-09-18 22:02:56.960603
2018/09/18 22:02:56 14220 utils.py _log 36 --------------------------------------------------------------------------------
2018/09/18 22:02:56 14220 utils.py stint_login_user 67 func.__name__ = new_category
2018/09/18 22:02:56 14220 utils.py stint_login_user 67 func.__name__ = edit_category
2018/09/18 22:02:56 14220 utils.py stint_login_user 67 func.__name__ = delete_category
2018/09/18 22:02:56 14220 utils.py stint_login_user 67 func.__name__ = new_post
2018/09/18 22:02:56 14220 utils.py stint_login_user 67 func.__name__ = edit_post
2018/09/18 22:02:56 14220 utils.py stint_login_user 67 func.__name__ = delete_post
2018/09/18 22:02:56 14220 utils.py stint_login_user 67 func.__name__ = comment_enabled
2018/09/18 22:02:56 14220 utils.py stint_login_user 67 func.__name__ = delete_comment
2018/09/18 22:02:56 14220 utils.py stint_login_user 67 func.__name__ = review_comment
2018/09/18 22:02:58 9904 utils.py _log 34 










2018/09/18 22:02:58 9904 utils.py _log 35 now time is 2018-09-18 22:02:58.381341
2018/09/18 22:02:58 9904 utils.py _log 36 --------------------------------------------------------------------------------
2018/09/18 22:02:58 9904 utils.py stint_login_user 67 func.__name__ = new_category
2018/09/18 22:02:58 9904 utils.py stint_login_user 67 func.__name__ = edit_category
2018/09/18 22:02:58 9904 utils.py stint_login_user 67 func.__name__ = delete_category
2018/09/18 22:02:58 9904 utils.py stint_login_user 67 func.__name__ = new_post
2018/09/18 22:02:58 9904 utils.py stint_login_user 67 func.__name__ = edit_post
2018/09/18 22:02:58 9904 utils.py stint_login_user 67 func.__name__ = delete_post
2018/09/18 22:02:58 9904 utils.py stint_login_user 67 func.__name__ = comment_enabled
2018/09/18 22:02:58 9904 utils.py stint_login_user 67 func.__name__ = delete_comment
2018/09/18 22:02:58 9904 utils.py stint_login_user 67 func.__name__ = review_comment
2018/09/18 22:03:02 10200 blog.py index 21 request.url = http://127.0.0.1:5000/
2018/09/18 22:03:04 14664 auth.py login 17 is_authenticated = False
2018/09/18 22:03:04 14664 auth.py login 41 redirect to login.html
2018/09/18 22:03:05 11008 auth.py login 17 is_authenticated = False
2018/09/18 22:03:05 11008 auth.py login 26 admin.username = admin
2018/09/18 22:03:05 11008 auth.py login 41 redirect to login.html
2018/09/18 22:03:11 18272 auth.py login 17 is_authenticated = False
2018/09/18 22:03:11 18272 auth.py login 26 admin.username = admin001
2018/09/18 22:03:11 18272 auth.py login 41 redirect to login.html
2018/09/18 22:03:17 16332 auth.py login 17 is_authenticated = False
2018/09/18 22:03:17 16332 auth.py login 26 admin.username = admin001
2018/09/18 22:03:17 16332 auth.py login 41 redirect to login.html
2018/09/18 22:03:29 13816 utils.py _log 34 










2018/09/18 22:03:29 13816 utils.py _log 35 now time is 2018-09-18 22:03:29.125772
2018/09/18 22:03:29 13816 utils.py _log 36 --------------------------------------------------------------------------------
2018/09/18 22:03:29 13816 utils.py stint_login_user 67 func.__name__ = new_category
2018/09/18 22:03:29 13816 utils.py stint_login_user 67 func.__name__ = edit_category
2018/09/18 22:03:29 13816 utils.py stint_login_user 67 func.__name__ = delete_category
2018/09/18 22:03:29 13816 utils.py stint_login_user 67 func.__name__ = new_post
2018/09/18 22:03:29 13816 utils.py stint_login_user 67 func.__name__ = edit_post
2018/09/18 22:03:29 13816 utils.py stint_login_user 67 func.__name__ = delete_post
2018/09/18 22:03:29 13816 utils.py stint_login_user 67 func.__name__ = comment_enabled
2018/09/18 22:03:29 13816 utils.py stint_login_user 67 func.__name__ = delete_comment
2018/09/18 22:03:29 13816 utils.py stint_login_user 67 func.__name__ = review_comment
2018/09/18 22:03:36 13816 __init__.py admin 166 admin.username = admin
2018/09/18 22:03:47 2032 utils.py _log 34 










2018/09/18 22:03:47 2032 utils.py _log 35 now time is 2018-09-18 22:03:47.695076
2018/09/18 22:03:47 2032 utils.py _log 36 --------------------------------------------------------------------------------
2018/09/18 22:03:47 2032 utils.py stint_login_user 67 func.__name__ = new_category
2018/09/18 22:03:47 2032 utils.py stint_login_user 67 func.__name__ = edit_category
2018/09/18 22:03:47 2032 utils.py stint_login_user 67 func.__name__ = delete_category
2018/09/18 22:03:47 2032 utils.py stint_login_user 67 func.__name__ = new_post
2018/09/18 22:03:47 2032 utils.py stint_login_user 67 func.__name__ = edit_post
2018/09/18 22:03:47 2032 utils.py stint_login_user 67 func.__name__ = delete_post
2018/09/18 22:03:47 2032 utils.py stint_login_user 67 func.__name__ = comment_enabled
2018/09/18 22:03:47 2032 utils.py stint_login_user 67 func.__name__ = delete_comment
2018/09/18 22:03:47 2032 utils.py stint_login_user 67 func.__name__ = review_comment
2018/09/18 22:03:49 7152 utils.py _log 34 










2018/09/18 22:03:49 7152 utils.py _log 35 now time is 2018-09-18 22:03:49.168164
2018/09/18 22:03:49 7152 utils.py _log 36 --------------------------------------------------------------------------------
2018/09/18 22:03:49 7152 utils.py stint_login_user 67 func.__name__ = new_category
2018/09/18 22:03:49 7152 utils.py stint_login_user 67 func.__name__ = edit_category
2018/09/18 22:03:49 7152 utils.py stint_login_user 67 func.__name__ = delete_category
2018/09/18 22:03:49 7152 utils.py stint_login_user 67 func.__name__ = new_post
2018/09/18 22:03:49 7152 utils.py stint_login_user 67 func.__name__ = edit_post
2018/09/18 22:03:49 7152 utils.py stint_login_user 67 func.__name__ = delete_post
2018/09/18 22:03:49 7152 utils.py stint_login_user 67 func.__name__ = comment_enabled
2018/09/18 22:03:49 7152 utils.py stint_login_user 67 func.__name__ = delete_comment
2018/09/18 22:03:49 7152 utils.py stint_login_user 67 func.__name__ = review_comment
2018/09/18 22:03:52 16856 auth.py login 17 is_authenticated = False
2018/09/18 22:03:52 16856 auth.py login 41 redirect to login.html
2018/09/18 22:03:53 1524 auth.py login 17 is_authenticated = False
2018/09/18 22:03:53 1524 auth.py login 26 admin.username = admin
2018/09/18 22:03:54 1524 auth.py login 31 login success
2018/09/18 22:03:54 2904 auth.py login 17 is_authenticated = True
2018/09/18 22:03:54 12040 blog.py index 21 request.url = http://127.0.0.1:5000/
2018/09/18 22:04:00 12360 admin.py manage_posts 143 request.url = http://127.0.0.1:5000/admin/post/manage
2018/09/18 22:06:00 8228 utils.py _log 34 










2018/09/18 22:06:00 8228 utils.py _log 35 now time is 2018-09-18 22:06:00.088468
2018/09/18 22:06:00 8228 utils.py _log 36 --------------------------------------------------------------------------------
2018/09/18 22:06:00 8228 utils.py stint_login_user 67 func.__name__ = new_category
2018/09/18 22:06:00 8228 utils.py stint_login_user 67 func.__name__ = edit_category
2018/09/18 22:06:00 8228 utils.py stint_login_user 67 func.__name__ = delete_category
2018/09/18 22:06:00 8228 utils.py stint_login_user 67 func.__name__ = new_post
2018/09/18 22:06:00 8228 utils.py stint_login_user 67 func.__name__ = edit_post
2018/09/18 22:06:00 8228 utils.py stint_login_user 67 func.__name__ = delete_post
2018/09/18 22:06:00 8228 utils.py stint_login_user 67 func.__name__ = comment_enabled
2018/09/18 22:06:00 8228 utils.py stint_login_user 67 func.__name__ = delete_comment
2018/09/18 22:06:00 8228 utils.py stint_login_user 67 func.__name__ = review_comment
2018/09/19 00:01:45 18264 utils.py _log 35 










2018/09/19 00:01:45 18264 utils.py _log 36 now time is 2018-09-19 00:01:45.710840
2018/09/19 00:01:45 18264 utils.py _log 37 --------------------------------------------------------------------------------
2018/09/19 00:11:39 14696 utils.py _log 36 










2018/09/19 00:11:39 14696 utils.py _log 37 now time is 2018-09-19 00:11:39.374375
2018/09/19 00:11:39 14696 utils.py _log 38 --------------------------------------------------------------------------------
2018/09/19 00:39:29 1524 utils.py _log 36 










2018/09/19 00:39:29 1524 utils.py _log 37 now time is 2018-09-19 00:39:29.930995
2018/09/19 00:39:29 1524 utils.py _log 38 --------------------------------------------------------------------------------
2018/09/19 00:39:31 3924 utils.py _log 36 










2018/09/19 00:39:31 3924 utils.py _log 37 now time is 2018-09-19 00:39:31.263295
2018/09/19 00:39:31 3924 utils.py _log 38 --------------------------------------------------------------------------------
2018/09/19 00:39:44 19376 utils.py _log 36 










2018/09/19 00:39:44 19376 utils.py _log 37 now time is 2018-09-19 00:39:44.588228
2018/09/19 00:39:44 19376 utils.py _log 38 --------------------------------------------------------------------------------
2018/09/19 00:41:08 17900 utils.py _log 36 










2018/09/19 00:41:08 17900 utils.py _log 37 now time is 2018-09-19 00:41:08.821973
2018/09/19 00:41:08 17900 utils.py _log 38 --------------------------------------------------------------------------------
2018/09/19 00:41:10 4676 utils.py _log 36 










2018/09/19 00:41:10 4676 utils.py _log 37 now time is 2018-09-19 00:41:10.162526
2018/09/19 00:41:10 4676 utils.py _log 38 --------------------------------------------------------------------------------
2018/09/19 00:41:57 17820 utils.py _log 36 










2018/09/19 00:41:57 17820 utils.py _log 37 now time is 2018-09-19 00:41:57.483897
2018/09/19 00:41:57 17820 utils.py _log 38 --------------------------------------------------------------------------------
2018/09/19 00:41:57 17820 utils.py stint_login_user 69 func.__name__ = new_category
2018/09/19 00:41:57 17820 utils.py stint_login_user 69 func.__name__ = edit_category
2018/09/19 00:41:57 17820 utils.py stint_login_user 69 func.__name__ = delete_category
2018/09/19 00:41:57 17820 utils.py stint_login_user 69 func.__name__ = new_post
2018/09/19 00:41:57 17820 utils.py stint_login_user 69 func.__name__ = edit_post
2018/09/19 00:41:57 17820 utils.py stint_login_user 69 func.__name__ = delete_post
2018/09/19 00:41:57 17820 utils.py stint_login_user 69 func.__name__ = comment_enabled
2018/09/19 00:41:57 17820 utils.py stint_login_user 69 func.__name__ = delete_comment
2018/09/19 00:41:57 17820 utils.py stint_login_user 69 func.__name__ = review_comment
2018/09/19 00:41:58 16256 utils.py _log 36 










2018/09/19 00:41:58 16256 utils.py _log 37 now time is 2018-09-19 00:41:58.893622
2018/09/19 00:41:58 16256 utils.py _log 38 --------------------------------------------------------------------------------
2018/09/19 00:41:58 16256 utils.py stint_login_user 69 func.__name__ = new_category
2018/09/19 00:41:58 16256 utils.py stint_login_user 69 func.__name__ = edit_category
2018/09/19 00:41:58 16256 utils.py stint_login_user 69 func.__name__ = delete_category
2018/09/19 00:41:58 16256 utils.py stint_login_user 69 func.__name__ = new_post
2018/09/19 00:41:58 16256 utils.py stint_login_user 69 func.__name__ = edit_post
2018/09/19 00:41:58 16256 utils.py stint_login_user 69 func.__name__ = delete_post
2018/09/19 00:41:58 16256 utils.py stint_login_user 69 func.__name__ = comment_enabled
2018/09/19 00:41:58 16256 utils.py stint_login_user 69 func.__name__ = delete_comment
2018/09/19 00:41:58 16256 utils.py stint_login_user 69 func.__name__ = review_comment
2018/09/19 00:42:03 14164 blog.py index 22 request.url = http://127.0.0.1:5000/
2018/09/19 00:42:08 9416 blog.py show_post 70 request.url = http://127.0.0.1:5000/post/20
2018/09/19 00:42:08 9416 utils.py get_posts_from_cache 115 get_posts_from_cache, post.id = 20
2018/09/19 00:43:57 13236 utils.py _log 36 










2018/09/19 00:43:57 13236 utils.py _log 37 now time is 2018-09-19 00:43:57.006695
2018/09/19 00:43:57 13236 utils.py _log 38 --------------------------------------------------------------------------------
2018/09/19 00:43:57 13236 utils.py stint_login_user 69 func.__name__ = new_category
2018/09/19 00:43:57 13236 utils.py stint_login_user 69 func.__name__ = edit_category
2018/09/19 00:43:57 13236 utils.py stint_login_user 69 func.__name__ = delete_category
2018/09/19 00:43:57 13236 utils.py stint_login_user 69 func.__name__ = new_post
2018/09/19 00:43:57 13236 utils.py stint_login_user 69 func.__name__ = edit_post
2018/09/19 00:43:57 13236 utils.py stint_login_user 69 func.__name__ = delete_post
2018/09/19 00:43:57 13236 utils.py stint_login_user 69 func.__name__ = comment_enabled
2018/09/19 00:43:57 13236 utils.py stint_login_user 69 func.__name__ = delete_comment
2018/09/19 00:43:57 13236 utils.py stint_login_user 69 func.__name__ = review_comment
2018/09/19 00:43:58 14984 utils.py _log 36 










2018/09/19 00:43:58 14984 utils.py _log 37 now time is 2018-09-19 00:43:58.498441
2018/09/19 00:43:58 14984 utils.py _log 38 --------------------------------------------------------------------------------
2018/09/19 00:43:58 14984 utils.py stint_login_user 69 func.__name__ = new_category
2018/09/19 00:43:58 14984 utils.py stint_login_user 69 func.__name__ = edit_category
2018/09/19 00:43:58 14984 utils.py stint_login_user 69 func.__name__ = delete_category
2018/09/19 00:43:58 14984 utils.py stint_login_user 69 func.__name__ = new_post
2018/09/19 00:43:58 14984 utils.py stint_login_user 69 func.__name__ = edit_post
2018/09/19 00:43:58 14984 utils.py stint_login_user 69 func.__name__ = delete_post
2018/09/19 00:43:58 14984 utils.py stint_login_user 69 func.__name__ = comment_enabled
2018/09/19 00:43:58 14984 utils.py stint_login_user 69 func.__name__ = delete_comment
2018/09/19 00:43:58 14984 utils.py stint_login_user 69 func.__name__ = review_comment
2018/09/19 00:44:04 19204 blog.py index 22 request.url = http://127.0.0.1:5000/
2018/09/19 00:44:12 12040 blog.py show_post 70 request.url = http://127.0.0.1:5000/post/20
2018/09/19 00:44:12 12040 utils.py get_posts_from_cache 115 get_posts_from_cache, post.id = 20
2018/09/19 00:44:13 12040 utils.py cache_posts 99 cache_posts, post.id = 20
2018/09/19 00:44:32 19284 blog.py show_post 70 request.url = http://127.0.0.1:5000/post/20
2018/09/19 00:44:32 19284 utils.py get_posts_from_cache 115 get_posts_from_cache, post.id = 20
2018/09/19 00:46:12 2660 utils.py _log 36 










2018/09/19 00:46:12 2660 utils.py _log 37 now time is 2018-09-19 00:46:12.703868
2018/09/19 00:46:12 2660 utils.py _log 38 --------------------------------------------------------------------------------
2018/09/19 00:46:12 2660 utils.py stint_login_user 69 func.__name__ = new_category
2018/09/19 00:46:12 2660 utils.py stint_login_user 69 func.__name__ = edit_category
2018/09/19 00:46:12 2660 utils.py stint_login_user 69 func.__name__ = delete_category
2018/09/19 00:46:12 2660 utils.py stint_login_user 69 func.__name__ = new_post
2018/09/19 00:46:12 2660 utils.py stint_login_user 69 func.__name__ = edit_post
2018/09/19 00:46:12 2660 utils.py stint_login_user 69 func.__name__ = delete_post
2018/09/19 00:46:12 2660 utils.py stint_login_user 69 func.__name__ = comment_enabled
2018/09/19 00:46:12 2660 utils.py stint_login_user 69 func.__name__ = delete_comment
2018/09/19 00:46:12 2660 utils.py stint_login_user 69 func.__name__ = review_comment
2018/09/19 00:46:19 7788 blog.py show_post 70 request.url = http://127.0.0.1:5000/post/20
2018/09/19 00:46:19 7788 utils.py get_posts_from_cache 115 get_posts_from_cache, post.id = 20
2018/09/19 00:51:54 12008 utils.py _log 36 










2018/09/19 00:51:54 12008 utils.py _log 37 now time is 2018-09-19 00:51:54.921191
2018/09/19 00:51:54 12008 utils.py _log 38 --------------------------------------------------------------------------------
2018/09/19 00:51:54 12008 utils.py stint_login_user 69 func.__name__ = new_category
2018/09/19 00:51:54 12008 utils.py stint_login_user 69 func.__name__ = edit_category
2018/09/19 00:51:54 12008 utils.py stint_login_user 69 func.__name__ = delete_category
2018/09/19 00:51:54 12008 utils.py stint_login_user 69 func.__name__ = new_post
2018/09/19 00:51:54 12008 utils.py stint_login_user 69 func.__name__ = edit_post
2018/09/19 00:51:54 12008 utils.py stint_login_user 69 func.__name__ = delete_post
2018/09/19 00:51:54 12008 utils.py stint_login_user 69 func.__name__ = comment_enabled
2018/09/19 00:51:54 12008 utils.py stint_login_user 69 func.__name__ = delete_comment
2018/09/19 00:51:54 12008 utils.py stint_login_user 69 func.__name__ = review_comment
2018/09/19 00:52:44 3752 utils.py _log 36 










2018/09/19 00:52:44 3752 utils.py _log 37 now time is 2018-09-19 00:52:44.443065
2018/09/19 00:52:44 3752 utils.py _log 38 --------------------------------------------------------------------------------
2018/09/19 00:52:44 3752 utils.py stint_login_user 69 func.__name__ = new_category
2018/09/19 00:52:44 3752 utils.py stint_login_user 69 func.__name__ = edit_category
2018/09/19 00:52:44 3752 utils.py stint_login_user 69 func.__name__ = delete_category
2018/09/19 00:52:44 3752 utils.py stint_login_user 69 func.__name__ = new_post
2018/09/19 00:52:44 3752 utils.py stint_login_user 69 func.__name__ = edit_post
2018/09/19 00:52:44 3752 utils.py stint_login_user 69 func.__name__ = delete_post
2018/09/19 00:52:44 3752 utils.py stint_login_user 69 func.__name__ = comment_enabled
2018/09/19 00:52:44 3752 utils.py stint_login_user 69 func.__name__ = delete_comment
2018/09/19 00:52:44 3752 utils.py stint_login_user 69 func.__name__ = review_comment
2018/09/19 00:53:17 15468 utils.py _log 36 










2018/09/19 00:53:17 15468 utils.py _log 37 now time is 2018-09-19 00:53:17.506426
2018/09/19 00:53:17 15468 utils.py _log 38 --------------------------------------------------------------------------------
2018/09/19 00:53:17 15468 utils.py stint_login_user 69 func.__name__ = new_category
2018/09/19 00:53:17 15468 utils.py stint_login_user 69 func.__name__ = edit_category
2018/09/19 00:53:17 15468 utils.py stint_login_user 69 func.__name__ = delete_category
2018/09/19 00:53:17 15468 utils.py stint_login_user 69 func.__name__ = new_post
2018/09/19 00:53:17 15468 utils.py stint_login_user 69 func.__name__ = edit_post
2018/09/19 00:53:17 15468 utils.py stint_login_user 69 func.__name__ = delete_post
2018/09/19 00:53:17 15468 utils.py stint_login_user 69 func.__name__ = comment_enabled
2018/09/19 00:53:17 15468 utils.py stint_login_user 69 func.__name__ = delete_comment
2018/09/19 00:53:17 15468 utils.py stint_login_user 69 func.__name__ = review_comment
2018/09/19 00:53:19 15412 utils.py _log 36 










2018/09/19 00:53:19 15412 utils.py _log 37 now time is 2018-09-19 00:53:19.261939
2018/09/19 00:53:19 15412 utils.py _log 38 --------------------------------------------------------------------------------
2018/09/19 00:53:19 15412 utils.py stint_login_user 69 func.__name__ = new_category
2018/09/19 00:53:19 15412 utils.py stint_login_user 69 func.__name__ = edit_category
2018/09/19 00:53:19 15412 utils.py stint_login_user 69 func.__name__ = delete_category
2018/09/19 00:53:19 15412 utils.py stint_login_user 69 func.__name__ = new_post
2018/09/19 00:53:19 15412 utils.py stint_login_user 69 func.__name__ = edit_post
2018/09/19 00:53:19 15412 utils.py stint_login_user 69 func.__name__ = delete_post
2018/09/19 00:53:19 15412 utils.py stint_login_user 69 func.__name__ = comment_enabled
2018/09/19 00:53:19 15412 utils.py stint_login_user 69 func.__name__ = delete_comment
2018/09/19 00:53:19 15412 utils.py stint_login_user 69 func.__name__ = review_comment
2018/09/19 00:53:22 13080 blog.py show_post 71 request.url = http://127.0.0.1:5000/post/20
2018/09/19 00:53:22 13080 utils.py get_posts_from_cache 115 get_posts_from_cache, post.id = 20
2018/09/19 00:56:01 15988 utils.py _log 36 










2018/09/19 00:56:01 15988 utils.py _log 37 now time is 2018-09-19 00:56:01.083837
2018/09/19 00:56:01 15988 utils.py _log 38 --------------------------------------------------------------------------------
2018/09/19 00:56:01 15988 utils.py stint_login_user 69 func.__name__ = new_category
2018/09/19 00:56:01 15988 utils.py stint_login_user 69 func.__name__ = edit_category
2018/09/19 00:56:01 15988 utils.py stint_login_user 69 func.__name__ = delete_category
2018/09/19 00:56:01 15988 utils.py stint_login_user 69 func.__name__ = new_post
2018/09/19 00:56:01 15988 utils.py stint_login_user 69 func.__name__ = edit_post
2018/09/19 00:56:01 15988 utils.py stint_login_user 69 func.__name__ = delete_post
2018/09/19 00:56:01 15988 utils.py stint_login_user 69 func.__name__ = comment_enabled
2018/09/19 00:56:01 15988 utils.py stint_login_user 69 func.__name__ = delete_comment
2018/09/19 00:56:01 15988 utils.py stint_login_user 69 func.__name__ = review_comment
2018/09/19 00:56:04 16528 blog.py show_post 71 request.url = http://127.0.0.1:5000/post/20
2018/09/19 00:56:08 18744 blog.py index 23 request.url = http://127.0.0.1:5000/
2018/09/19 00:56:09 4360 blog.py show_post 71 request.url = http://127.0.0.1:5000/post/20
2018/09/19 00:56:10 10320 blog.py index 23 request.url = http://127.0.0.1:5000/
2018/09/19 00:56:12 19236 blog.py show_post 71 request.url = http://127.0.0.1:5000/post/32
2018/09/19 00:56:13 8944 blog.py index 23 request.url = http://127.0.0.1:5000/
2018/09/19 00:56:14 11372 blog.py show_post 71 request.url = http://127.0.0.1:5000/post/2
2018/09/19 00:56:15 16124 blog.py index 23 request.url = http://127.0.0.1:5000/
2018/09/19 00:56:17 2880 blog.py show_post 71 request.url = http://127.0.0.1:5000/post/2
2018/09/19 00:58:11 5252 utils.py _log 36 










2018/09/19 00:58:11 5252 utils.py _log 37 now time is 2018-09-19 00:58:11.754309
2018/09/19 00:58:11 5252 utils.py _log 38 --------------------------------------------------------------------------------
2018/09/19 00:58:11 5252 utils.py stint_login_user 69 func.__name__ = new_category
2018/09/19 00:58:11 5252 utils.py stint_login_user 69 func.__name__ = edit_category
2018/09/19 00:58:11 5252 utils.py stint_login_user 69 func.__name__ = delete_category
2018/09/19 00:58:11 5252 utils.py stint_login_user 69 func.__name__ = new_post
2018/09/19 00:58:11 5252 utils.py stint_login_user 69 func.__name__ = edit_post
2018/09/19 00:58:11 5252 utils.py stint_login_user 69 func.__name__ = delete_post
2018/09/19 00:58:11 5252 utils.py stint_login_user 69 func.__name__ = comment_enabled
2018/09/19 00:58:11 5252 utils.py stint_login_user 69 func.__name__ = delete_comment
2018/09/19 00:58:11 5252 utils.py stint_login_user 69 func.__name__ = review_comment
2018/09/19 01:01:41 16964 utils.py _log 36 










2018/09/19 01:01:41 16964 utils.py _log 37 now time is 2018-09-19 01:01:41.728305
2018/09/19 01:01:41 16964 utils.py _log 38 --------------------------------------------------------------------------------
2018/09/19 01:01:41 16964 utils.py stint_login_user 69 func.__name__ = new_category
2018/09/19 01:01:41 16964 utils.py stint_login_user 69 func.__name__ = edit_category
2018/09/19 01:01:41 16964 utils.py stint_login_user 69 func.__name__ = delete_category
2018/09/19 01:01:41 16964 utils.py stint_login_user 69 func.__name__ = new_post
2018/09/19 01:01:41 16964 utils.py stint_login_user 69 func.__name__ = edit_post
2018/09/19 01:01:41 16964 utils.py stint_login_user 69 func.__name__ = delete_post
2018/09/19 01:01:41 16964 utils.py stint_login_user 69 func.__name__ = comment_enabled
2018/09/19 01:01:41 16964 utils.py stint_login_user 69 func.__name__ = delete_comment
2018/09/19 01:01:41 16964 utils.py stint_login_user 69 func.__name__ = review_comment
2018/09/19 01:01:52 1324 utils.py _log 36 










2018/09/19 01:01:52 1324 utils.py _log 37 now time is 2018-09-19 01:01:52.221588
2018/09/19 01:01:52 1324 utils.py _log 38 --------------------------------------------------------------------------------
2018/09/19 01:01:52 1324 utils.py stint_login_user 69 func.__name__ = new_category
2018/09/19 01:01:52 1324 utils.py stint_login_user 69 func.__name__ = edit_category
2018/09/19 01:01:52 1324 utils.py stint_login_user 69 func.__name__ = delete_category
2018/09/19 01:01:52 1324 utils.py stint_login_user 69 func.__name__ = new_post
2018/09/19 01:01:52 1324 utils.py stint_login_user 69 func.__name__ = edit_post
2018/09/19 01:01:52 1324 utils.py stint_login_user 69 func.__name__ = delete_post
2018/09/19 01:01:52 1324 utils.py stint_login_user 69 func.__name__ = comment_enabled
2018/09/19 01:01:52 1324 utils.py stint_login_user 69 func.__name__ = delete_comment
2018/09/19 01:01:52 1324 utils.py stint_login_user 69 func.__name__ = review_comment
2018/09/19 01:01:57 9920 utils.py _log 36 










2018/09/19 01:01:57 9920 utils.py _log 37 now time is 2018-09-19 01:01:57.362479
2018/09/19 01:01:57 9920 utils.py _log 38 --------------------------------------------------------------------------------
2018/09/19 01:01:57 9920 utils.py stint_login_user 69 func.__name__ = new_category
2018/09/19 01:01:57 9920 utils.py stint_login_user 69 func.__name__ = edit_category
2018/09/19 01:01:57 9920 utils.py stint_login_user 69 func.__name__ = delete_category
2018/09/19 01:01:57 9920 utils.py stint_login_user 69 func.__name__ = new_post
2018/09/19 01:01:57 9920 utils.py stint_login_user 69 func.__name__ = edit_post
2018/09/19 01:01:57 9920 utils.py stint_login_user 69 func.__name__ = delete_post
2018/09/19 01:01:57 9920 utils.py stint_login_user 69 func.__name__ = comment_enabled
2018/09/19 01:01:57 9920 utils.py stint_login_user 69 func.__name__ = delete_comment
2018/09/19 01:01:57 9920 utils.py stint_login_user 69 func.__name__ = review_comment
2018/09/19 01:02:00 15336 utils.py _log 36 










2018/09/19 01:02:00 15336 utils.py _log 37 now time is 2018-09-19 01:02:00.396813
2018/09/19 01:02:00 15336 utils.py _log 38 --------------------------------------------------------------------------------
2018/09/19 01:02:00 15336 utils.py stint_login_user 69 func.__name__ = new_category
2018/09/19 01:02:00 15336 utils.py stint_login_user 69 func.__name__ = edit_category
2018/09/19 01:02:00 15336 utils.py stint_login_user 69 func.__name__ = delete_category
2018/09/19 01:02:00 15336 utils.py stint_login_user 69 func.__name__ = new_post
2018/09/19 01:02:00 15336 utils.py stint_login_user 69 func.__name__ = edit_post
2018/09/19 01:02:00 15336 utils.py stint_login_user 69 func.__name__ = delete_post
2018/09/19 01:02:00 15336 utils.py stint_login_user 69 func.__name__ = comment_enabled
2018/09/19 01:02:00 15336 utils.py stint_login_user 69 func.__name__ = delete_comment
2018/09/19 01:02:00 15336 utils.py stint_login_user 69 func.__name__ = review_comment
2018/09/19 01:02:03 18520 utils.py _log 36 










2018/09/19 01:02:03 18520 utils.py _log 37 now time is 2018-09-19 01:02:03.258604
2018/09/19 01:02:03 18520 utils.py _log 38 --------------------------------------------------------------------------------
2018/09/19 01:02:03 18520 utils.py stint_login_user 69 func.__name__ = new_category
2018/09/19 01:02:03 18520 utils.py stint_login_user 69 func.__name__ = edit_category
2018/09/19 01:02:03 18520 utils.py stint_login_user 69 func.__name__ = delete_category
2018/09/19 01:02:03 18520 utils.py stint_login_user 69 func.__name__ = new_post
2018/09/19 01:02:03 18520 utils.py stint_login_user 69 func.__name__ = edit_post
2018/09/19 01:02:03 18520 utils.py stint_login_user 69 func.__name__ = delete_post
2018/09/19 01:02:03 18520 utils.py stint_login_user 69 func.__name__ = comment_enabled
2018/09/19 01:02:03 18520 utils.py stint_login_user 69 func.__name__ = delete_comment
2018/09/19 01:02:03 18520 utils.py stint_login_user 69 func.__name__ = review_comment
2018/09/19 01:02:12 17004 utils.py _log 36 










2018/09/19 01:02:12 17004 utils.py _log 37 now time is 2018-09-19 01:02:12.644119
2018/09/19 01:02:12 17004 utils.py _log 38 --------------------------------------------------------------------------------
2018/09/19 01:02:12 17004 utils.py stint_login_user 69 func.__name__ = new_category
2018/09/19 01:02:12 17004 utils.py stint_login_user 69 func.__name__ = edit_category
2018/09/19 01:02:12 17004 utils.py stint_login_user 69 func.__name__ = delete_category
2018/09/19 01:02:12 17004 utils.py stint_login_user 69 func.__name__ = new_post
2018/09/19 01:02:12 17004 utils.py stint_login_user 69 func.__name__ = edit_post
2018/09/19 01:02:12 17004 utils.py stint_login_user 69 func.__name__ = delete_post
2018/09/19 01:02:12 17004 utils.py stint_login_user 69 func.__name__ = comment_enabled
2018/09/19 01:02:12 17004 utils.py stint_login_user 69 func.__name__ = delete_comment
2018/09/19 01:02:12 17004 utils.py stint_login_user 69 func.__name__ = review_comment
2018/09/19 01:02:40 4992 utils.py _log 36 










2018/09/19 01:02:40 4992 utils.py _log 37 now time is 2018-09-19 01:02:40.553161
2018/09/19 01:02:40 4992 utils.py _log 38 --------------------------------------------------------------------------------
2018/09/19 01:02:40 4992 utils.py stint_login_user 69 func.__name__ = new_category
2018/09/19 01:02:40 4992 utils.py stint_login_user 69 func.__name__ = edit_category
2018/09/19 01:02:40 4992 utils.py stint_login_user 69 func.__name__ = delete_category
2018/09/19 01:02:40 4992 utils.py stint_login_user 69 func.__name__ = new_post
2018/09/19 01:02:40 4992 utils.py stint_login_user 69 func.__name__ = edit_post
2018/09/19 01:02:40 4992 utils.py stint_login_user 69 func.__name__ = delete_post
2018/09/19 01:02:40 4992 utils.py stint_login_user 69 func.__name__ = comment_enabled
2018/09/19 01:02:40 4992 utils.py stint_login_user 69 func.__name__ = delete_comment
2018/09/19 01:02:40 4992 utils.py stint_login_user 69 func.__name__ = review_comment
2018/09/19 01:02:44 16964 blog.py show_post 71 request.url = http://127.0.0.1:5000/post/2
2018/09/19 01:02:44 16964 utils.py get_posts_from_cache 115 get_posts_from_cache, post.id = 2
2018/09/19 01:02:58 18568 utils.py _log 36 










2018/09/19 01:02:58 18568 utils.py _log 37 now time is 2018-09-19 01:02:58.563172
2018/09/19 01:02:58 18568 utils.py _log 38 --------------------------------------------------------------------------------
2018/09/19 01:02:58 18568 utils.py stint_login_user 69 func.__name__ = new_category
2018/09/19 01:02:58 18568 utils.py stint_login_user 69 func.__name__ = edit_category
2018/09/19 01:02:58 18568 utils.py stint_login_user 69 func.__name__ = delete_category
2018/09/19 01:02:58 18568 utils.py stint_login_user 69 func.__name__ = new_post
2018/09/19 01:02:58 18568 utils.py stint_login_user 69 func.__name__ = edit_post
2018/09/19 01:02:58 18568 utils.py stint_login_user 69 func.__name__ = delete_post
2018/09/19 01:02:58 18568 utils.py stint_login_user 69 func.__name__ = comment_enabled
2018/09/19 01:02:58 18568 utils.py stint_login_user 69 func.__name__ = delete_comment
2018/09/19 01:02:58 18568 utils.py stint_login_user 69 func.__name__ = review_comment
2018/09/19 01:03:01 1264 blog.py show_post 71 request.url = http://127.0.0.1:5000/post/2
2018/09/19 01:03:01 1264 utils.py get_posts_from_cache 115 get_posts_from_cache, post.id = 2
2018/09/19 01:11:49 6328 utils.py _log 36 










2018/09/19 01:11:49 6328 utils.py _log 37 now time is 2018-09-19 01:11:49.029318
2018/09/19 01:11:49 6328 utils.py _log 38 --------------------------------------------------------------------------------
2018/09/19 01:11:49 6328 utils.py stint_login_user 69 func.__name__ = new_category
2018/09/19 01:11:49 6328 utils.py stint_login_user 69 func.__name__ = edit_category
2018/09/19 01:11:49 6328 utils.py stint_login_user 69 func.__name__ = delete_category
2018/09/19 01:11:49 6328 utils.py stint_login_user 69 func.__name__ = new_post
2018/09/19 01:11:49 6328 utils.py stint_login_user 69 func.__name__ = edit_post
2018/09/19 01:11:49 6328 utils.py stint_login_user 69 func.__name__ = delete_post
2018/09/19 01:11:49 6328 utils.py stint_login_user 69 func.__name__ = comment_enabled
2018/09/19 01:11:49 6328 utils.py stint_login_user 69 func.__name__ = delete_comment
2018/09/19 01:11:49 6328 utils.py stint_login_user 69 func.__name__ = review_comment
2018/09/19 01:11:55 13888 utils.py _log 36 










2018/09/19 01:11:55 13888 utils.py _log 37 now time is 2018-09-19 01:11:55.313876
2018/09/19 01:11:55 13888 utils.py _log 38 --------------------------------------------------------------------------------
2018/09/19 01:11:55 13888 utils.py stint_login_user 69 func.__name__ = new_category
2018/09/19 01:11:55 13888 utils.py stint_login_user 69 func.__name__ = edit_category
2018/09/19 01:11:55 13888 utils.py stint_login_user 69 func.__name__ = delete_category
2018/09/19 01:11:55 13888 utils.py stint_login_user 69 func.__name__ = new_post
2018/09/19 01:11:55 13888 utils.py stint_login_user 69 func.__name__ = edit_post
2018/09/19 01:11:55 13888 utils.py stint_login_user 69 func.__name__ = delete_post
2018/09/19 01:11:55 13888 utils.py stint_login_user 69 func.__name__ = comment_enabled
2018/09/19 01:11:55 13888 utils.py stint_login_user 69 func.__name__ = delete_comment
2018/09/19 01:11:55 13888 utils.py stint_login_user 69 func.__name__ = review_comment
2018/09/19 01:12:09 9832 utils.py _log 36 










2018/09/19 01:12:09 9832 utils.py _log 37 now time is 2018-09-19 01:12:09.041569
2018/09/19 01:12:09 9832 utils.py _log 38 --------------------------------------------------------------------------------
2018/09/19 01:12:09 9832 utils.py stint_login_user 69 func.__name__ = new_category
2018/09/19 01:12:09 9832 utils.py stint_login_user 69 func.__name__ = edit_category
2018/09/19 01:12:09 9832 utils.py stint_login_user 69 func.__name__ = delete_category
2018/09/19 01:12:09 9832 utils.py stint_login_user 69 func.__name__ = new_post
2018/09/19 01:12:09 9832 utils.py stint_login_user 69 func.__name__ = edit_post
2018/09/19 01:12:09 9832 utils.py stint_login_user 69 func.__name__ = delete_post
2018/09/19 01:12:09 9832 utils.py stint_login_user 69 func.__name__ = comment_enabled
2018/09/19 01:12:09 9832 utils.py stint_login_user 69 func.__name__ = delete_comment
2018/09/19 01:12:09 9832 utils.py stint_login_user 69 func.__name__ = review_comment
2018/09/19 01:12:16 13692 blog.py show_post 71 request.url = http://127.0.0.1:5000/post/2
2018/09/19 01:12:16 13692 utils.py get_posts_from_cache 115 get_posts_from_cache, post.id = 2
2018/09/19 01:12:42 13948 blog.py index 23 request.url = http://127.0.0.1:5000/
2018/09/19 01:12:44 8484 blog.py show_post 71 request.url = http://127.0.0.1:5000/post/20
2018/09/19 01:12:44 8484 utils.py get_posts_from_cache 115 get_posts_from_cache, post.id = 20
2018/09/19 01:21:43 7200 utils.py _log 36 










2018/09/19 01:21:43 7200 utils.py _log 37 now time is 2018-09-19 01:21:43.259213
2018/09/19 01:21:43 7200 utils.py _log 38 --------------------------------------------------------------------------------
2018/09/19 01:21:43 7200 utils.py stint_login_user 69 func.__name__ = new_category
2018/09/19 01:21:43 7200 utils.py stint_login_user 69 func.__name__ = edit_category
2018/09/19 01:21:43 7200 utils.py stint_login_user 69 func.__name__ = delete_category
2018/09/19 01:21:43 7200 utils.py stint_login_user 69 func.__name__ = new_post
2018/09/19 01:21:43 7200 utils.py stint_login_user 69 func.__name__ = edit_post
2018/09/19 01:21:43 7200 utils.py stint_login_user 69 func.__name__ = delete_post
2018/09/19 01:21:43 7200 utils.py stint_login_user 69 func.__name__ = comment_enabled
2018/09/19 01:21:43 7200 utils.py stint_login_user 69 func.__name__ = delete_comment
2018/09/19 01:21:43 7200 utils.py stint_login_user 69 func.__name__ = review_comment
2018/09/19 01:21:47 19092 blog.py show_post 71 request.url = http://127.0.0.1:5000/post/20
2018/09/19 01:21:47 19092 utils.py get_posts_from_cache 115 get_posts_from_cache, post.id = 20
2018/09/19 01:22:04 1780 utils.py _log 36 










2018/09/19 01:22:04 1780 utils.py _log 37 now time is 2018-09-19 01:22:04.700776
2018/09/19 01:22:04 1780 utils.py _log 38 --------------------------------------------------------------------------------
2018/09/19 01:22:04 1780 utils.py stint_login_user 69 func.__name__ = new_category
2018/09/19 01:22:04 1780 utils.py stint_login_user 69 func.__name__ = edit_category
2018/09/19 01:22:04 1780 utils.py stint_login_user 69 func.__name__ = delete_category
2018/09/19 01:22:04 1780 utils.py stint_login_user 69 func.__name__ = new_post
2018/09/19 01:22:04 1780 utils.py stint_login_user 69 func.__name__ = edit_post
2018/09/19 01:22:04 1780 utils.py stint_login_user 69 func.__name__ = delete_post
2018/09/19 01:22:04 1780 utils.py stint_login_user 69 func.__name__ = comment_enabled
2018/09/19 01:22:04 1780 utils.py stint_login_user 69 func.__name__ = delete_comment
2018/09/19 01:22:04 1780 utils.py stint_login_user 69 func.__name__ = review_comment
2018/09/19 01:22:07 10728 blog.py show_post 71 request.url = http://127.0.0.1:5000/post/20
2018/09/19 01:22:07 10728 utils.py get_posts_from_cache 115 get_posts_from_cache, post.id = 20
2018/09/19 20:07:29 1152 utils.py _log 36 










2018/09/19 20:07:29 1152 utils.py _log 37 now time is 2018-09-19 20:07:29.905183
2018/09/19 20:07:29 1152 utils.py _log 38 --------------------------------------------------------------------------------
2018/09/19 20:07:29 1152 utils.py stint_login_user 69 func.__name__ = new_category
2018/09/19 20:07:29 1152 utils.py stint_login_user 69 func.__name__ = edit_category
2018/09/19 20:07:29 1152 utils.py stint_login_user 69 func.__name__ = delete_category
2018/09/19 20:07:29 1152 utils.py stint_login_user 69 func.__name__ = new_post
2018/09/19 20:07:29 1152 utils.py stint_login_user 69 func.__name__ = edit_post
2018/09/19 20:07:29 1152 utils.py stint_login_user 69 func.__name__ = delete_post
2018/09/19 20:07:29 1152 utils.py stint_login_user 69 func.__name__ = comment_enabled
2018/09/19 20:07:29 1152 utils.py stint_login_user 69 func.__name__ = delete_comment
2018/09/19 20:07:29 1152 utils.py stint_login_user 69 func.__name__ = review_comment
2018/09/19 20:07:48 23544 utils.py _log 36 










2018/09/19 20:07:48 23544 utils.py _log 37 now time is 2018-09-19 20:07:48.406447
2018/09/19 20:07:48 23544 utils.py _log 38 --------------------------------------------------------------------------------
2018/09/19 20:07:48 23544 utils.py stint_login_user 69 func.__name__ = new_category
2018/09/19 20:07:48 23544 utils.py stint_login_user 69 func.__name__ = edit_category
2018/09/19 20:07:48 23544 utils.py stint_login_user 69 func.__name__ = delete_category
2018/09/19 20:07:48 23544 utils.py stint_login_user 69 func.__name__ = new_post
2018/09/19 20:07:48 23544 utils.py stint_login_user 69 func.__name__ = edit_post
2018/09/19 20:07:48 23544 utils.py stint_login_user 69 func.__name__ = delete_post
2018/09/19 20:07:48 23544 utils.py stint_login_user 69 func.__name__ = comment_enabled
2018/09/19 20:07:48 23544 utils.py stint_login_user 69 func.__name__ = delete_comment
2018/09/19 20:07:48 23544 utils.py stint_login_user 69 func.__name__ = review_comment
2018/09/19 20:07:49 23180 utils.py _log 36 










2018/09/19 20:07:49 23180 utils.py _log 37 now time is 2018-09-19 20:07:49.997335
2018/09/19 20:07:49 23180 utils.py _log 38 --------------------------------------------------------------------------------
2018/09/19 20:07:49 23180 utils.py stint_login_user 69 func.__name__ = new_category
2018/09/19 20:07:49 23180 utils.py stint_login_user 69 func.__name__ = edit_category
2018/09/19 20:07:49 23180 utils.py stint_login_user 69 func.__name__ = delete_category
2018/09/19 20:07:49 23180 utils.py stint_login_user 69 func.__name__ = new_post
2018/09/19 20:07:49 23180 utils.py stint_login_user 69 func.__name__ = edit_post
2018/09/19 20:07:50 23180 utils.py stint_login_user 69 func.__name__ = delete_post
2018/09/19 20:07:50 23180 utils.py stint_login_user 69 func.__name__ = comment_enabled
2018/09/19 20:07:50 23180 utils.py stint_login_user 69 func.__name__ = delete_comment
2018/09/19 20:07:50 23180 utils.py stint_login_user 69 func.__name__ = review_comment
2018/09/19 20:07:55 11864 blog.py index 23 request.url = http://127.0.0.1:5000/
2018/09/19 20:07:58 17800 blog.py show_post 71 request.url = http://127.0.0.1:5000/post/20
2018/09/19 20:07:58 17800 utils.py get_posts_from_cache 114 get_posts_from_cache, post.id = 20
2018/09/19 20:08:25 18800 utils.py _log 36 










2018/09/19 20:08:25 18800 utils.py _log 37 now time is 2018-09-19 20:08:25.020723
2018/09/19 20:08:25 18800 utils.py _log 38 --------------------------------------------------------------------------------
2018/09/19 20:08:25 18800 utils.py stint_login_user 69 func.__name__ = new_category
2018/09/19 20:08:25 18800 utils.py stint_login_user 69 func.__name__ = edit_category
2018/09/19 20:08:25 18800 utils.py stint_login_user 69 func.__name__ = delete_category
2018/09/19 20:08:25 18800 utils.py stint_login_user 69 func.__name__ = new_post
2018/09/19 20:08:25 18800 utils.py stint_login_user 69 func.__name__ = edit_post
2018/09/19 20:08:25 18800 utils.py stint_login_user 69 func.__name__ = delete_post
2018/09/19 20:08:25 18800 utils.py stint_login_user 69 func.__name__ = comment_enabled
2018/09/19 20:08:25 18800 utils.py stint_login_user 69 func.__name__ = delete_comment
2018/09/19 20:08:25 18800 utils.py stint_login_user 69 func.__name__ = review_comment
2018/09/19 20:08:29 988 blog.py show_post 71 request.url = http://127.0.0.1:5000/post/20
2018/09/19 20:08:29 988 utils.py get_posts_from_cache 114 get_posts_from_cache, post.id = 20
2018/09/19 20:08:30 988 utils.py cache_posts 99 cache_posts, post.id = 20
2018/09/19 20:08:37 20144 blog.py index 23 request.url = http://127.0.0.1:5000/
2018/09/19 20:08:38 11744 blog.py index 23 request.url = http://127.0.0.1:5000/
2018/09/19 20:08:39 3140 blog.py index 23 request.url = http://127.0.0.1:5000/
2018/09/19 20:08:40 16536 blog.py index 23 request.url = http://127.0.0.1:5000/
2018/09/19 20:08:45 15396 blog.py show_post 71 request.url = http://127.0.0.1:5000/post/20
2018/09/19 20:08:45 15396 utils.py get_posts_from_cache 114 get_posts_from_cache, post.id = 20
2018/09/19 20:11:53 18760 utils.py _log 36 










2018/09/19 20:11:53 18760 utils.py _log 37 now time is 2018-09-19 20:11:53.612910
2018/09/19 20:11:53 18760 utils.py _log 38 --------------------------------------------------------------------------------
2018/09/19 20:11:53 18760 utils.py stint_login_user 69 func.__name__ = new_category
2018/09/19 20:11:53 18760 utils.py stint_login_user 69 func.__name__ = edit_category
2018/09/19 20:11:53 18760 utils.py stint_login_user 69 func.__name__ = delete_category
2018/09/19 20:11:53 18760 utils.py stint_login_user 69 func.__name__ = new_post
2018/09/19 20:11:53 18760 utils.py stint_login_user 69 func.__name__ = edit_post
2018/09/19 20:11:53 18760 utils.py stint_login_user 69 func.__name__ = delete_post
2018/09/19 20:11:53 18760 utils.py stint_login_user 69 func.__name__ = comment_enabled
2018/09/19 20:11:53 18760 utils.py stint_login_user 69 func.__name__ = delete_comment
2018/09/19 20:11:53 18760 utils.py stint_login_user 69 func.__name__ = review_comment
2018/09/19 20:11:58 20364 blog.py index 23 request.url = http://127.0.0.1:5000/
2018/09/19 20:12:00 20456 blog.py show_post 71 request.url = http://127.0.0.1:5000/post/15
2018/09/19 20:12:00 20456 utils.py get_posts_from_cache 118 get_posts_from_cache, post.id = 15
2018/09/19 20:13:03 20236 utils.py _log 36 










2018/09/19 20:13:03 20236 utils.py _log 37 now time is 2018-09-19 20:13:03.267449
2018/09/19 20:13:03 20236 utils.py _log 38 --------------------------------------------------------------------------------
2018/09/19 20:13:03 20236 utils.py stint_login_user 69 func.__name__ = new_category
2018/09/19 20:13:03 20236 utils.py stint_login_user 69 func.__name__ = edit_category
2018/09/19 20:13:03 20236 utils.py stint_login_user 69 func.__name__ = delete_category
2018/09/19 20:13:03 20236 utils.py stint_login_user 69 func.__name__ = new_post
2018/09/19 20:13:03 20236 utils.py stint_login_user 69 func.__name__ = edit_post
2018/09/19 20:13:03 20236 utils.py stint_login_user 69 func.__name__ = delete_post
2018/09/19 20:13:03 20236 utils.py stint_login_user 69 func.__name__ = comment_enabled
2018/09/19 20:13:03 20236 utils.py stint_login_user 69 func.__name__ = delete_comment
2018/09/19 20:13:03 20236 utils.py stint_login_user 69 func.__name__ = review_comment
2018/09/19 20:13:11 17744 blog.py show_post 71 request.url = http://127.0.0.1:5000/post/15
2018/09/19 20:13:11 17744 utils.py get_posts_from_cache 118 get_posts_from_cache, post.id = 15
2018/09/19 20:13:12 17744 utils.py cache_posts 99 cache_posts, post.id = 15
2018/09/19 20:13:14 12644 blog.py index 23 request.url = http://127.0.0.1:5000/
2018/09/19 20:13:15 21288 blog.py index 23 request.url = http://127.0.0.1:5000/
2018/09/19 20:13:17 20756 blog.py show_post 71 request.url = http://127.0.0.1:5000/post/4
2018/09/19 20:13:17 20756 utils.py get_posts_from_cache 118 get_posts_from_cache, post.id = 4
2018/09/19 20:13:17 20756 utils.py cache_posts 99 cache_posts, post.id = 4
2018/09/19 20:13:19 22788 blog.py show_category 52 request.url = http://127.0.0.1:5000/category/3
2018/09/19 20:13:21 12328 blog.py show_post 71 request.url = http://127.0.0.1:5000/post/42
2018/09/19 20:13:21 12328 utils.py get_posts_from_cache 118 get_posts_from_cache, post.id = 42
2018/09/19 20:13:21 12328 utils.py cache_posts 99 cache_posts, post.id = 42
2018/09/19 20:13:23 1320 blog.py show_category 52 request.url = http://127.0.0.1:5000/category/3
2018/09/19 20:13:23 19896 blog.py index 23 request.url = http://127.0.0.1:5000/
2018/09/19 20:13:25 23200 blog.py show_post 71 request.url = http://127.0.0.1:5000/post/12
2018/09/19 20:13:25 23200 utils.py get_posts_from_cache 118 get_posts_from_cache, post.id = 12
2018/09/19 20:13:25 23200 utils.py cache_posts 99 cache_posts, post.id = 12
2018/09/19 20:17:46 16276 utils.py _log 36 










2018/09/19 20:17:46 16276 utils.py _log 37 now time is 2018-09-19 20:17:46.344882
2018/09/19 20:17:46 16276 utils.py _log 38 --------------------------------------------------------------------------------
2018/09/19 20:17:46 16276 utils.py stint_login_user 69 func.__name__ = new_category
2018/09/19 20:17:46 16276 utils.py stint_login_user 69 func.__name__ = edit_category
2018/09/19 20:17:46 16276 utils.py stint_login_user 69 func.__name__ = delete_category
2018/09/19 20:17:46 16276 utils.py stint_login_user 69 func.__name__ = new_post
2018/09/19 20:17:46 16276 utils.py stint_login_user 69 func.__name__ = edit_post
2018/09/19 20:17:46 16276 utils.py stint_login_user 69 func.__name__ = delete_post
2018/09/19 20:17:46 16276 utils.py stint_login_user 69 func.__name__ = comment_enabled
2018/09/19 20:17:46 16276 utils.py stint_login_user 69 func.__name__ = delete_comment
2018/09/19 20:17:46 16276 utils.py stint_login_user 69 func.__name__ = review_comment
2018/09/19 20:20:50 22664 utils.py _log 37 










2018/09/19 20:20:50 22664 utils.py _log 38 now time is 2018-09-19 20:20:50.189213
2018/09/19 20:20:50 22664 utils.py _log 39 --------------------------------------------------------------------------------
2018/09/19 20:20:50 22664 utils.py stint_login_user 70 func.__name__ = new_category
2018/09/19 20:20:50 22664 utils.py stint_login_user 70 func.__name__ = edit_category
2018/09/19 20:20:50 22664 utils.py stint_login_user 70 func.__name__ = delete_category
2018/09/19 20:20:50 22664 utils.py stint_login_user 70 func.__name__ = new_post
2018/09/19 20:20:50 22664 utils.py stint_login_user 70 func.__name__ = edit_post
2018/09/19 20:20:50 22664 utils.py stint_login_user 70 func.__name__ = delete_post
2018/09/19 20:20:50 22664 utils.py stint_login_user 70 func.__name__ = comment_enabled
2018/09/19 20:20:50 22664 utils.py stint_login_user 70 func.__name__ = delete_comment
2018/09/19 20:20:50 22664 utils.py stint_login_user 70 func.__name__ = review_comment
2018/09/19 20:29:09 17040 utils.py _log 37 










2018/09/19 20:29:09 17040 utils.py _log 38 now time is 2018-09-19 20:29:09.300544
2018/09/19 20:29:09 17040 utils.py _log 39 --------------------------------------------------------------------------------
2018/09/19 20:29:09 17040 utils.py stint_login_user 70 func.__name__ = new_category
2018/09/19 20:29:09 17040 utils.py stint_login_user 70 func.__name__ = edit_category
2018/09/19 20:29:09 17040 utils.py stint_login_user 70 func.__name__ = delete_category
2018/09/19 20:29:09 17040 utils.py stint_login_user 70 func.__name__ = new_post
2018/09/19 20:29:09 17040 utils.py stint_login_user 70 func.__name__ = edit_post
2018/09/19 20:29:09 17040 utils.py stint_login_user 70 func.__name__ = delete_post
2018/09/19 20:29:09 17040 utils.py stint_login_user 70 func.__name__ = comment_enabled
2018/09/19 20:29:09 17040 utils.py stint_login_user 70 func.__name__ = delete_comment
2018/09/19 20:29:09 17040 utils.py stint_login_user 70 func.__name__ = review_comment
2018/09/19 20:29:53 13196 utils.py _log 37 










2018/09/19 20:29:53 13196 utils.py _log 38 now time is 2018-09-19 20:29:53.452874
2018/09/19 20:29:53 13196 utils.py _log 39 --------------------------------------------------------------------------------
2018/09/19 20:29:53 13196 utils.py stint_login_user 70 func.__name__ = new_category
2018/09/19 20:29:53 13196 utils.py stint_login_user 70 func.__name__ = edit_category
2018/09/19 20:29:53 13196 utils.py stint_login_user 70 func.__name__ = delete_category
2018/09/19 20:29:53 13196 utils.py stint_login_user 70 func.__name__ = new_post
2018/09/19 20:29:53 13196 utils.py stint_login_user 70 func.__name__ = edit_post
2018/09/19 20:29:53 13196 utils.py stint_login_user 70 func.__name__ = delete_post
2018/09/19 20:29:53 13196 utils.py stint_login_user 70 func.__name__ = comment_enabled
2018/09/19 20:29:53 13196 utils.py stint_login_user 70 func.__name__ = delete_comment
2018/09/19 20:29:53 13196 utils.py stint_login_user 70 func.__name__ = review_comment
2018/09/19 20:31:41 16300 utils.py _log 37 










2018/09/19 20:31:41 16300 utils.py _log 38 now time is 2018-09-19 20:31:41.413969
2018/09/19 20:31:41 16300 utils.py _log 39 --------------------------------------------------------------------------------
2018/09/19 20:31:41 16300 utils.py stint_login_user 70 func.__name__ = new_category
2018/09/19 20:31:41 16300 utils.py stint_login_user 70 func.__name__ = edit_category
2018/09/19 20:31:41 16300 utils.py stint_login_user 70 func.__name__ = delete_category
2018/09/19 20:31:41 16300 utils.py stint_login_user 70 func.__name__ = new_post
2018/09/19 20:31:41 16300 utils.py stint_login_user 70 func.__name__ = edit_post
2018/09/19 20:31:41 16300 utils.py stint_login_user 70 func.__name__ = delete_post
2018/09/19 20:31:41 16300 utils.py stint_login_user 70 func.__name__ = comment_enabled
2018/09/19 20:31:41 16300 utils.py stint_login_user 70 func.__name__ = delete_comment
2018/09/19 20:31:41 16300 utils.py stint_login_user 70 func.__name__ = review_comment
2018/09/19 20:37:20 22256 utils.py _log 37 










2018/09/19 20:37:20 22256 utils.py _log 38 now time is 2018-09-19 20:37:20.810523
2018/09/19 20:37:20 22256 utils.py _log 39 --------------------------------------------------------------------------------
2018/09/19 20:37:20 22256 utils.py stint_login_user 70 func.__name__ = new_category
2018/09/19 20:37:20 22256 utils.py stint_login_user 70 func.__name__ = edit_category
2018/09/19 20:37:20 22256 utils.py stint_login_user 70 func.__name__ = delete_category
2018/09/19 20:37:20 22256 utils.py stint_login_user 70 func.__name__ = new_post
2018/09/19 20:37:20 22256 utils.py stint_login_user 70 func.__name__ = edit_post
2018/09/19 20:37:20 22256 utils.py stint_login_user 70 func.__name__ = delete_post
2018/09/19 20:37:20 22256 utils.py stint_login_user 70 func.__name__ = comment_enabled
2018/09/19 20:37:20 22256 utils.py stint_login_user 70 func.__name__ = delete_comment
2018/09/19 20:37:20 22256 utils.py stint_login_user 70 func.__name__ = review_comment
2018/09/19 20:37:52 13588 utils.py _log 37 










2018/09/19 20:37:52 13588 utils.py _log 38 now time is 2018-09-19 20:37:52.593585
2018/09/19 20:37:52 13588 utils.py _log 39 --------------------------------------------------------------------------------
2018/09/19 20:37:52 13588 utils.py stint_login_user 70 func.__name__ = new_category
2018/09/19 20:37:52 13588 utils.py stint_login_user 70 func.__name__ = edit_category
2018/09/19 20:37:52 13588 utils.py stint_login_user 70 func.__name__ = delete_category
2018/09/19 20:37:52 13588 utils.py stint_login_user 70 func.__name__ = new_post
2018/09/19 20:37:52 13588 utils.py stint_login_user 70 func.__name__ = edit_post
2018/09/19 20:37:52 13588 utils.py stint_login_user 70 func.__name__ = delete_post
2018/09/19 20:37:52 13588 utils.py stint_login_user 70 func.__name__ = comment_enabled
2018/09/19 20:37:52 13588 utils.py stint_login_user 70 func.__name__ = delete_comment
2018/09/19 20:37:52 13588 utils.py stint_login_user 70 func.__name__ = review_comment
2018/09/19 20:52:40 22432 utils.py _log 37 










2018/09/19 20:52:40 22432 utils.py _log 38 now time is 2018-09-19 20:52:40.712435
2018/09/19 20:52:40 22432 utils.py _log 39 --------------------------------------------------------------------------------
2018/09/19 20:52:40 22432 utils.py stint_login_user 70 func.__name__ = new_category
2018/09/19 20:52:40 22432 utils.py stint_login_user 70 func.__name__ = edit_category
2018/09/19 20:52:40 22432 utils.py stint_login_user 70 func.__name__ = delete_category
2018/09/19 20:52:40 22432 utils.py stint_login_user 70 func.__name__ = new_post
2018/09/19 20:52:40 22432 utils.py stint_login_user 70 func.__name__ = edit_post
2018/09/19 20:52:40 22432 utils.py stint_login_user 70 func.__name__ = delete_post
2018/09/19 20:52:40 22432 utils.py stint_login_user 70 func.__name__ = comment_enabled
2018/09/19 20:52:40 22432 utils.py stint_login_user 70 func.__name__ = delete_comment
2018/09/19 20:52:40 22432 utils.py stint_login_user 70 func.__name__ = review_comment
2018/09/19 20:52:46 3416 blog.py index 23 request.url = http://127.0.0.1:5000/
2018/09/19 20:52:48 22552 blog.py show_post 71 request.url = http://127.0.0.1:5000/post/20
2018/09/19 20:52:48 22552 utils.py get_posts_from_cache 136 get_posts_from_cache, post.id = 20
2018/09/19 20:52:49 22552 utils.py save_posts_to_cache 106 cache_posts, post.id = 20
2018/09/19 20:52:56 18568 blog.py show_post 71 request.url = http://127.0.0.1:5000/post/20
2018/09/19 20:52:56 18568 utils.py get_posts_from_cache 136 get_posts_from_cache, post.id = 20
2018/09/19 20:53:01 23548 blog.py show_post 71 request.url = http://127.0.0.1:5000/post/20
2018/09/19 20:53:01 23548 utils.py get_posts_from_cache 136 get_posts_from_cache, post.id = 20
2018/09/19 20:53:02 22692 blog.py show_post 71 request.url = http://127.0.0.1:5000/post/20
2018/09/19 20:53:02 22692 utils.py get_posts_from_cache 136 get_posts_from_cache, post.id = 20
2018/09/19 20:53:02 13480 blog.py index 23 request.url = http://127.0.0.1:5000/
2018/09/19 20:53:04 21660 blog.py show_post 71 request.url = http://127.0.0.1:5000/post/27
2018/09/19 20:53:04 21660 utils.py get_posts_from_cache 136 get_posts_from_cache, post.id = 27
2018/09/19 20:53:04 21660 utils.py save_posts_to_cache 106 cache_posts, post.id = 27
2018/09/19 20:53:08 23264 blog.py show_post 71 request.url = http://127.0.0.1:5000/post/27
2018/09/19 20:53:08 23264 utils.py get_posts_from_cache 136 get_posts_from_cache, post.id = 27
2018/09/19 20:53:21 12948 blog.py show_category 52 request.url = http://127.0.0.1:5000/category/10
2018/09/19 20:53:24 8060 blog.py show_post 71 request.url = http://127.0.0.1:5000/post/20
2018/09/19 20:53:24 8060 utils.py get_posts_from_cache 136 get_posts_from_cache, post.id = 20
2018/09/19 20:53:26 21128 auth.py login 17 is_authenticated = False
2018/09/19 20:53:26 21128 auth.py login 41 redirect to login.html
2018/09/19 20:53:28 23336 auth.py login 17 is_authenticated = False
2018/09/19 20:53:28 23336 auth.py login 26 admin.username = admin
2018/09/19 20:53:28 23336 auth.py login 31 login success
2018/09/19 20:53:28 18584 auth.py login 17 is_authenticated = True
2018/09/19 20:53:28 21176 blog.py index 23 request.url = http://127.0.0.1:5000/
2018/09/19 20:53:31 4828 blog.py show_post 71 request.url = http://127.0.0.1:5000/post/20
2018/09/19 20:53:31 4828 utils.py get_posts_from_cache 136 get_posts_from_cache, post.id = 20
2018/09/19 20:53:37 10384 utils.py wrapper 74 current_user.username = admin
2018/09/19 20:53:37 10384 admin.py comment_enabled 219 request.url = http://127.0.0.1:5000/admin/post/comment_enabled/?post_id=20
2018/09/19 20:53:37 19844 blog.py show_post 71 request.url = http://127.0.0.1:5000/post/20
2018/09/19 20:53:37 19844 utils.py get_posts_from_cache 136 get_posts_from_cache, post.id = 20
2018/09/19 20:53:39 6504 utils.py wrapper 74 current_user.username = admin
2018/09/19 20:53:39 6504 admin.py comment_enabled 219 request.url = http://127.0.0.1:5000/admin/post/comment_enabled/?post_id=20
2018/09/19 20:53:39 15184 blog.py show_post 71 request.url = http://127.0.0.1:5000/post/20
2018/09/19 20:53:39 15184 utils.py get_posts_from_cache 136 get_posts_from_cache, post.id = 20
2018/09/19 20:53:47 9504 utils.py wrapper 74 current_user.username = admin
2018/09/19 20:53:47 9504 admin.py comment_enabled 219 request.url = http://127.0.0.1:5000/admin/post/comment_enabled/?post_id=20
2018/09/19 20:53:47 19604 blog.py show_post 71 request.url = http://127.0.0.1:5000/post/20
2018/09/19 20:53:47 19604 utils.py get_posts_from_cache 136 get_posts_from_cache, post.id = 20
2018/09/19 20:53:49 14088 blog.py show_post 71 request.url = http://127.0.0.1:5000/post/20
2018/09/19 20:53:49 14088 utils.py get_posts_from_cache 136 get_posts_from_cache, post.id = 20
2018/09/19 20:53:50 13452 blog.py show_post 71 request.url = http://127.0.0.1:5000/post/20
2018/09/19 20:53:50 13452 utils.py get_posts_from_cache 136 get_posts_from_cache, post.id = 20
2018/09/19 20:53:51 17820 utils.py wrapper 74 current_user.username = admin
2018/09/19 20:53:51 17820 admin.py comment_enabled 219 request.url = http://127.0.0.1:5000/admin/post/comment_enabled/?post_id=20
2018/09/19 20:53:51 776 blog.py show_post 71 request.url = http://127.0.0.1:5000/post/20
2018/09/19 20:53:51 776 utils.py get_posts_from_cache 136 get_posts_from_cache, post.id = 20
2018/09/19 20:54:14 7816 utils.py _log 37 










2018/09/19 20:54:14 7816 utils.py _log 38 now time is 2018-09-19 20:54:14.750897
2018/09/19 20:54:14 7816 utils.py _log 39 --------------------------------------------------------------------------------
2018/09/19 20:54:14 7816 utils.py stint_login_user 70 func.__name__ = new_category
2018/09/19 20:54:14 7816 utils.py stint_login_user 70 func.__name__ = edit_category
2018/09/19 20:54:14 7816 utils.py stint_login_user 70 func.__name__ = delete_category
2018/09/19 20:54:14 7816 utils.py stint_login_user 70 func.__name__ = new_post
2018/09/19 20:54:14 7816 utils.py stint_login_user 70 func.__name__ = edit_post
2018/09/19 20:54:14 7816 utils.py stint_login_user 70 func.__name__ = delete_post
2018/09/19 20:54:14 7816 utils.py stint_login_user 70 func.__name__ = comment_enabled
2018/09/19 20:54:14 7816 utils.py stint_login_user 70 func.__name__ = delete_comment
2018/09/19 20:54:14 7816 utils.py stint_login_user 70 func.__name__ = review_comment
2018/09/19 20:54:20 5468 blog.py show_post 71 request.url = http://127.0.0.1:5000/post/20
2018/09/19 20:54:20 5468 utils.py get_posts_from_cache 136 get_posts_from_cache, post.id = 20
2018/09/19 20:54:24 14876 auth.py login 17 is_authenticated = False
2018/09/19 20:54:24 14876 auth.py login 41 redirect to login.html
2018/09/19 20:54:25 8028 auth.py login 17 is_authenticated = False
2018/09/19 20:54:25 8028 auth.py login 26 admin.username = admin
2018/09/19 20:54:25 8028 auth.py login 31 login success
2018/09/19 20:54:25 10024 auth.py login 17 is_authenticated = True
2018/09/19 20:54:25 8176 blog.py index 23 request.url = http://127.0.0.1:5000/
2018/09/19 20:54:28 6832 blog.py show_post 71 request.url = http://127.0.0.1:5000/post/20
2018/09/19 20:54:28 6832 utils.py get_posts_from_cache 136 get_posts_from_cache, post.id = 20
2018/09/19 20:54:29 15424 utils.py wrapper 74 current_user.username = admin
2018/09/19 20:54:29 15424 admin.py comment_enabled 219 request.url = http://127.0.0.1:5000/admin/post/comment_enabled/?post_id=20
2018/09/19 20:54:29 15404 blog.py show_post 71 request.url = http://127.0.0.1:5000/post/20
2018/09/19 20:54:29 15404 utils.py get_posts_from_cache 136 get_posts_from_cache, post.id = 20
2018/09/19 20:54:29 15404 utils.py save_posts_to_cache 106 cache_posts, post.id = 20
2018/09/19 20:54:30 13956 utils.py wrapper 74 current_user.username = admin
2018/09/19 20:54:30 13956 admin.py comment_enabled 219 request.url = http://127.0.0.1:5000/admin/post/comment_enabled/?post_id=20
2018/09/19 20:54:30 18612 blog.py show_post 71 request.url = http://127.0.0.1:5000/post/20
2018/09/19 20:54:30 18612 utils.py get_posts_from_cache 136 get_posts_from_cache, post.id = 20
2018/09/19 20:54:30 18612 utils.py save_posts_to_cache 106 cache_posts, post.id = 20
2018/09/19 20:54:34 19096 utils.py wrapper 74 current_user.username = admin
2018/09/19 20:54:34 19096 admin.py comment_enabled 219 request.url = http://127.0.0.1:5000/admin/post/comment_enabled/?post_id=20
2018/09/19 20:54:34 23116 blog.py show_post 71 request.url = http://127.0.0.1:5000/post/20
2018/09/19 20:54:34 23116 utils.py get_posts_from_cache 136 get_posts_from_cache, post.id = 20
2018/09/19 20:54:34 23116 utils.py save_posts_to_cache 106 cache_posts, post.id = 20
2018/09/19 20:54:35 11616 utils.py wrapper 74 current_user.username = admin
2018/09/19 20:54:35 11616 admin.py comment_enabled 219 request.url = http://127.0.0.1:5000/admin/post/comment_enabled/?post_id=20
2018/09/19 20:54:35 8564 blog.py show_post 71 request.url = http://127.0.0.1:5000/post/20
2018/09/19 20:54:35 8564 utils.py get_posts_from_cache 136 get_posts_from_cache, post.id = 20
2018/09/19 20:54:35 8564 utils.py save_posts_to_cache 106 cache_posts, post.id = 20
2018/09/19 20:54:38 15940 utils.py wrapper 74 current_user.username = admin
2018/09/19 20:54:38 15940 admin.py comment_enabled 219 request.url = http://127.0.0.1:5000/admin/post/comment_enabled/?post_id=20
2018/09/19 20:54:38 18756 blog.py show_post 71 request.url = http://127.0.0.1:5000/post/20
2018/09/19 20:54:38 18756 utils.py get_posts_from_cache 136 get_posts_from_cache, post.id = 20
2018/09/19 20:54:38 18756 utils.py save_posts_to_cache 106 cache_posts, post.id = 20
2018/09/19 20:54:39 14736 utils.py wrapper 74 current_user.username = admin
2018/09/19 20:54:39 14736 admin.py comment_enabled 219 request.url = http://127.0.0.1:5000/admin/post/comment_enabled/?post_id=20
2018/09/19 20:54:39 18540 blog.py show_post 71 request.url = http://127.0.0.1:5000/post/20
2018/09/19 20:54:39 18540 utils.py get_posts_from_cache 136 get_posts_from_cache, post.id = 20
2018/09/19 20:54:39 18540 utils.py save_posts_to_cache 106 cache_posts, post.id = 20
2018/09/19 20:54:40 10324 blog.py index 23 request.url = http://127.0.0.1:5000/
2018/09/19 20:55:31 23104 utils.py _log 37 










2018/09/19 20:55:31 23104 utils.py _log 38 now time is 2018-09-19 20:55:31.157880
2018/09/19 20:55:31 23104 utils.py _log 39 --------------------------------------------------------------------------------
2018/09/19 20:55:31 23104 utils.py stint_login_user 70 func.__name__ = new_category
2018/09/19 20:55:31 23104 utils.py stint_login_user 70 func.__name__ = edit_category
2018/09/19 20:55:31 23104 utils.py stint_login_user 70 func.__name__ = delete_category
2018/09/19 20:55:31 23104 utils.py stint_login_user 70 func.__name__ = new_post
2018/09/19 20:55:31 23104 utils.py stint_login_user 70 func.__name__ = edit_post
2018/09/19 20:55:31 23104 utils.py stint_login_user 70 func.__name__ = delete_post
2018/09/19 20:55:31 23104 utils.py stint_login_user 70 func.__name__ = comment_enabled
2018/09/19 20:55:31 23104 utils.py stint_login_user 70 func.__name__ = delete_comment
2018/09/19 20:55:31 23104 utils.py stint_login_user 70 func.__name__ = review_comment
2018/09/19 20:55:37 21088 blog.py index 23 request.url = http://127.0.0.1:5000/
2018/09/19 20:55:39 20148 blog.py show_post 71 request.url = http://127.0.0.1:5000/post/20
2018/09/19 20:55:39 20148 utils.py get_posts_from_cache 136 get cache, post.id = 20
2018/09/19 20:55:41 7424 auth.py login 17 is_authenticated = False
2018/09/19 20:55:41 7424 auth.py login 41 redirect to login.html
2018/09/19 20:55:42 4992 auth.py login 17 is_authenticated = False
2018/09/19 20:55:42 4992 auth.py login 26 admin.username = admin
2018/09/19 20:55:42 4992 auth.py login 31 login success
2018/09/19 20:55:42 18412 auth.py login 17 is_authenticated = True
2018/09/19 20:55:42 21732 blog.py index 23 request.url = http://127.0.0.1:5000/
2018/09/19 20:55:44 22420 blog.py show_post 71 request.url = http://127.0.0.1:5000/post/20
2018/09/19 20:55:44 22420 utils.py get_posts_from_cache 136 get cache, post.id = 20
2018/09/19 20:55:46 18252 utils.py wrapper 74 current_user.username = admin
2018/09/19 20:55:46 18252 admin.py comment_enabled 219 request.url = http://127.0.0.1:5000/admin/post/comment_enabled/?post_id=20
2018/09/19 20:55:46 18252 utils.py delete_posts_from_cache 157 delete cache, post_id = 20
2018/09/19 20:55:46 22468 blog.py show_post 71 request.url = http://127.0.0.1:5000/post/20
2018/09/19 20:55:46 22468 utils.py get_posts_from_cache 136 get cache, post.id = 20
2018/09/19 20:55:46 22468 utils.py save_posts_to_cache 106 save cache, post.id = 20
2018/09/19 20:55:47 4640 blog.py show_post 71 request.url = http://127.0.0.1:5000/post/20
2018/09/19 20:55:47 4640 utils.py get_posts_from_cache 136 get cache, post.id = 20
2018/09/19 20:55:48 19512 blog.py show_post 71 request.url = http://127.0.0.1:5000/post/20
2018/09/19 20:55:48 19512 utils.py get_posts_from_cache 136 get cache, post.id = 20
2018/09/19 20:55:49 11048 blog.py show_post 71 request.url = http://127.0.0.1:5000/post/20
2018/09/19 20:55:49 11048 utils.py get_posts_from_cache 136 get cache, post.id = 20
2018/09/19 20:55:49 9524 blog.py show_post 71 request.url = http://127.0.0.1:5000/post/20
2018/09/19 20:55:49 9524 utils.py get_posts_from_cache 136 get cache, post.id = 20
2018/09/19 20:55:49 22412 blog.py show_post 71 request.url = http://127.0.0.1:5000/post/20
2018/09/19 20:55:49 22412 utils.py get_posts_from_cache 136 get cache, post.id = 20
2018/09/19 20:55:49 1472 blog.py show_post 71 request.url = http://127.0.0.1:5000/post/20
2018/09/19 20:55:49 1472 utils.py get_posts_from_cache 136 get cache, post.id = 20
2018/09/19 20:55:49 23052 blog.py show_post 71 request.url = http://127.0.0.1:5000/post/20
2018/09/19 20:55:49 23052 utils.py get_posts_from_cache 136 get cache, post.id = 20
2018/09/19 20:55:50 11696 blog.py show_post 71 request.url = http://127.0.0.1:5000/post/20
2018/09/19 20:55:50 11696 utils.py get_posts_from_cache 136 get cache, post.id = 20
2018/09/19 20:55:50 19828 blog.py show_post 71 request.url = http://127.0.0.1:5000/post/20
2018/09/19 20:55:50 19828 utils.py get_posts_from_cache 136 get cache, post.id = 20
2018/09/19 20:55:50 1272 blog.py show_post 71 request.url = http://127.0.0.1:5000/post/20
2018/09/19 20:55:50 1272 utils.py get_posts_from_cache 136 get cache, post.id = 20
2018/09/19 20:55:50 1884 blog.py show_post 71 request.url = http://127.0.0.1:5000/post/20
2018/09/19 20:55:50 1884 utils.py get_posts_from_cache 136 get cache, post.id = 20
2018/09/19 20:55:53 22704 blog.py show_post 71 request.url = http://127.0.0.1:5000/post/20
2018/09/19 20:55:53 22704 utils.py get_posts_from_cache 136 get cache, post.id = 20
2018/09/19 20:55:56 1056 blog.py show_post 71 request.url = http://127.0.0.1:5000/post/20
2018/09/19 20:55:56 1056 utils.py get_posts_from_cache 136 get cache, post.id = 20
2018/09/19 20:56:00 20032 blog.py show_post 71 request.url = http://127.0.0.1:5000/post/20
2018/09/19 20:56:00 20032 utils.py get_posts_from_cache 136 get cache, post.id = 20
2018/09/19 20:56:05 10800 blog.py show_post 71 request.url = http://127.0.0.1:5000/post/20
2018/09/19 20:56:05 10800 utils.py get_posts_from_cache 136 get cache, post.id = 20
2018/09/19 20:56:10 17672 admin.py manage_posts 151 request.url = http://127.0.0.1:5000/admin/post/manage
2018/09/19 20:56:16 4504 utils.py wrapper 74 current_user.username = admin
2018/09/19 20:56:16 4504 admin.py delete_post 203 request.url = http://127.0.0.1:5000/admin/post/delete/34?next=%2Fadmin%2Fpost%2Fmanage%3F
2018/09/19 20:56:16 4504 utils.py delete_posts_from_cache 157 delete cache, post_id = 34
2018/09/19 20:56:16 14016 admin.py manage_posts 151 request.url = http://127.0.0.1:5000/admin/post/manage
2018/09/19 20:56:26 23204 utils.py wrapper 74 current_user.username = admin
2018/09/19 20:56:26 23204 admin.py edit_post 168 request.url = http://127.0.0.1:5000/admin/post/edit/20
2018/09/19 20:56:28 14868 utils.py wrapper 74 current_user.username = admin
2018/09/19 20:56:28 14868 admin.py edit_post 168 request.url = http://127.0.0.1:5000/admin/post/edit/20
2018/09/19 20:56:28 14868 utils.py save_posts_to_cache 106 save cache, post.id = 20
2018/09/19 20:56:28 22652 blog.py show_post 71 request.url = http://127.0.0.1:5000/post/20
2018/09/19 20:56:28 22652 utils.py get_posts_from_cache 136 get cache, post.id = 20
2018/09/19 20:57:05 22168 utils.py _log 37 










2018/09/19 20:57:05 22168 utils.py _log 38 now time is 2018-09-19 20:57:05.379812
2018/09/19 20:57:05 22168 utils.py _log 39 --------------------------------------------------------------------------------
2018/09/19 20:57:05 22168 utils.py stint_login_user 70 func.__name__ = new_category
2018/09/19 20:57:05 22168 utils.py stint_login_user 70 func.__name__ = edit_category
2018/09/19 20:57:05 22168 utils.py stint_login_user 70 func.__name__ = delete_category
2018/09/19 20:57:05 22168 utils.py stint_login_user 70 func.__name__ = new_post
2018/09/19 20:57:05 22168 utils.py stint_login_user 70 func.__name__ = edit_post
2018/09/19 20:57:05 22168 utils.py stint_login_user 70 func.__name__ = delete_post
2018/09/19 20:57:05 22168 utils.py stint_login_user 70 func.__name__ = comment_enabled
2018/09/19 20:57:05 22168 utils.py stint_login_user 70 func.__name__ = delete_comment
2018/09/19 20:57:05 22168 utils.py stint_login_user 70 func.__name__ = review_comment
2018/09/19 20:57:49 4836 blog.py show_post 71 request.url = http://127.0.0.1:5000/post/20
2018/09/19 20:57:49 4836 utils.py get_posts_from_cache 136 get cache, post.id = 20
2018/09/19 20:57:52 10700 auth.py login 17 is_authenticated = False
2018/09/19 20:57:52 10700 auth.py login 41 redirect to login.html
2018/09/19 20:57:53 21484 auth.py login 17 is_authenticated = False
2018/09/19 20:57:53 21484 auth.py login 26 admin.username = admin
2018/09/19 20:57:53 21484 auth.py login 31 login success
2018/09/19 20:57:53 16652 auth.py login 17 is_authenticated = True
2018/09/19 20:57:53 12596 blog.py index 23 request.url = http://127.0.0.1:5000/
2018/09/19 20:57:56 16300 admin.py manage_comments 246 request.urlhttp://127.0.0.1:5000/admin/comment/manage
2018/09/19 20:57:59 10640 admin.py manage_categories 110 request.url = http://127.0.0.1:5000/admin/category/manage
2018/09/19 20:58:00 21556 admin.py manage_posts 151 request.url = http://127.0.0.1:5000/admin/post/manage
2018/09/19 20:58:01 17476 admin.py manage_comments 246 request.urlhttp://127.0.0.1:5000/admin/comment/manage
2018/09/19 20:58:05 13548 admin.py manage_comments 246 request.urlhttp://127.0.0.1:5000/admin/comment/manage?page=40
2018/09/19 20:58:07 16080 utils.py wrapper 74 current_user.username = admin
2018/09/19 20:58:07 16080 admin.py delete_comment 278 request.url = http://127.0.0.1:5000/admin/comment/delete/70?next=%2Fadmin%2Fcomment%2Fmanage%3Fpage%3D40
2018/09/19 20:58:07 22532 admin.py manage_comments 246 request.urlhttp://127.0.0.1:5000/admin/comment/manage?page=40
2018/09/19 20:58:11 21480 blog.py change_theme 192 request.url = http://127.0.0.1:5000/change-theme/perfect_blue?next=%2Fadmin%2Fcomment%2Fmanage%3Fpage%3D40
2018/09/19 20:58:11 21480 blog.py change_theme 200 response = <Response 265 bytes [302 FOUND]>
2018/09/19 20:58:11 1624 admin.py manage_comments 246 request.urlhttp://127.0.0.1:5000/admin/comment/manage?page=40
2018/09/19 20:58:14 22320 blog.py change_theme 192 request.url = http://127.0.0.1:5000/change-theme/black_swan?next=%2Fadmin%2Fcomment%2Fmanage%3Fpage%3D40
2018/09/19 20:58:14 22320 blog.py change_theme 200 response = <Response 265 bytes [302 FOUND]>
2018/09/19 20:58:14 11132 admin.py manage_comments 246 request.urlhttp://127.0.0.1:5000/admin/comment/manage?page=40
2018/09/19 20:58:16 21856 admin.py manage_categories 110 request.url = http://127.0.0.1:5000/admin/category/manage
2018/09/19 20:58:17 1088 admin.py manage_comments 246 request.urlhttp://127.0.0.1:5000/admin/comment/manage
2018/09/19 20:58:19 18884 admin.py manage_posts 151 request.url = http://127.0.0.1:5000/admin/post/manage
2018/09/19 20:58:21 16204 auth.py logout 49 user logout
2018/09/19 20:58:21 23548 blog.py index 23 request.url = http://127.0.0.1:5000/
2018/09/19 20:58:28 3324 blog.py show_post 71 request.url = http://127.0.0.1:5000/post/2
2018/09/19 20:58:28 3324 utils.py get_posts_from_cache 136 get cache, post.id = 2
2018/09/19 20:58:28 3324 utils.py save_posts_to_cache 106 save cache, post.id = 2
2018/09/19 21:01:23 14920 utils.py _log 37 










2018/09/19 21:01:23 14920 utils.py _log 38 now time is 2018-09-19 21:01:23.230151
2018/09/19 21:01:23 14920 utils.py _log 39 --------------------------------------------------------------------------------
2018/09/19 21:01:23 14920 utils.py stint_login_user 70 func.__name__ = new_category
2018/09/19 21:01:23 14920 utils.py stint_login_user 70 func.__name__ = edit_category
2018/09/19 21:01:23 14920 utils.py stint_login_user 70 func.__name__ = delete_category
2018/09/19 21:01:23 14920 utils.py stint_login_user 70 func.__name__ = new_post
2018/09/19 21:01:23 14920 utils.py stint_login_user 70 func.__name__ = edit_post
2018/09/19 21:01:23 14920 utils.py stint_login_user 70 func.__name__ = delete_post
2018/09/19 21:01:23 14920 utils.py stint_login_user 70 func.__name__ = comment_enabled
2018/09/19 21:01:23 14920 utils.py stint_login_user 70 func.__name__ = delete_comment
2018/09/19 21:01:23 14920 utils.py stint_login_user 70 func.__name__ = review_comment
2018/09/19 21:03:09 1800 utils.py _log 37 










2018/09/19 21:03:09 1800 utils.py _log 38 now time is 2018-09-19 21:03:09.885905
2018/09/19 21:03:09 1800 utils.py _log 39 --------------------------------------------------------------------------------
2018/09/19 21:03:09 1800 utils.py stint_login_user 70 func.__name__ = new_category
2018/09/19 21:03:09 1800 utils.py stint_login_user 70 func.__name__ = edit_category
2018/09/19 21:03:09 1800 utils.py stint_login_user 70 func.__name__ = delete_category
2018/09/19 21:03:09 1800 utils.py stint_login_user 70 func.__name__ = new_post
2018/09/19 21:03:09 1800 utils.py stint_login_user 70 func.__name__ = edit_post
2018/09/19 21:03:09 1800 utils.py stint_login_user 70 func.__name__ = delete_post
2018/09/19 21:03:09 1800 utils.py stint_login_user 70 func.__name__ = comment_enabled
2018/09/19 21:03:09 1800 utils.py stint_login_user 70 func.__name__ = delete_comment
2018/09/19 21:03:09 1800 utils.py stint_login_user 70 func.__name__ = review_comment
2018/09/19 21:03:41 20704 utils.py _log 37 










2018/09/19 21:03:41 20704 utils.py _log 38 now time is 2018-09-19 21:03:41.686879
2018/09/19 21:03:41 20704 utils.py _log 39 --------------------------------------------------------------------------------
2018/09/19 21:03:41 20704 utils.py stint_login_user 70 func.__name__ = new_category
2018/09/19 21:03:41 20704 utils.py stint_login_user 70 func.__name__ = edit_category
2018/09/19 21:03:41 20704 utils.py stint_login_user 70 func.__name__ = delete_category
2018/09/19 21:03:41 20704 utils.py stint_login_user 70 func.__name__ = new_post
2018/09/19 21:03:41 20704 utils.py stint_login_user 70 func.__name__ = edit_post
2018/09/19 21:03:41 20704 utils.py stint_login_user 70 func.__name__ = delete_post
2018/09/19 21:03:41 20704 utils.py stint_login_user 70 func.__name__ = comment_enabled
2018/09/19 21:03:41 20704 utils.py stint_login_user 70 func.__name__ = delete_comment
2018/09/19 21:03:41 20704 utils.py stint_login_user 70 func.__name__ = review_comment
2018/09/19 21:04:29 21192 utils.py _log 37 










2018/09/19 21:04:29 21192 utils.py _log 38 now time is 2018-09-19 21:04:29.944886
2018/09/19 21:04:29 21192 utils.py _log 39 --------------------------------------------------------------------------------
2018/09/19 21:04:29 21192 utils.py stint_login_user 70 func.__name__ = new_category
2018/09/19 21:04:29 21192 utils.py stint_login_user 70 func.__name__ = edit_category
2018/09/19 21:04:29 21192 utils.py stint_login_user 70 func.__name__ = delete_category
2018/09/19 21:04:29 21192 utils.py stint_login_user 70 func.__name__ = new_post
2018/09/19 21:04:29 21192 utils.py stint_login_user 70 func.__name__ = edit_post
2018/09/19 21:04:29 21192 utils.py stint_login_user 70 func.__name__ = delete_post
2018/09/19 21:04:29 21192 utils.py stint_login_user 70 func.__name__ = comment_enabled
2018/09/19 21:04:29 21192 utils.py stint_login_user 70 func.__name__ = delete_comment
2018/09/19 21:04:29 21192 utils.py stint_login_user 70 func.__name__ = review_comment
2018/09/19 21:06:55 15284 utils.py _log 37 










2018/09/19 21:06:55 15284 utils.py _log 38 now time is 2018-09-19 21:06:55.837421
2018/09/19 21:06:55 15284 utils.py _log 39 --------------------------------------------------------------------------------
2018/09/19 21:06:55 15284 utils.py stint_login_user 70 func.__name__ = new_category
2018/09/19 21:06:55 15284 utils.py stint_login_user 70 func.__name__ = edit_category
2018/09/19 21:06:55 15284 utils.py stint_login_user 70 func.__name__ = delete_category
2018/09/19 21:06:55 15284 utils.py stint_login_user 70 func.__name__ = new_post
2018/09/19 21:06:55 15284 utils.py stint_login_user 70 func.__name__ = edit_post
2018/09/19 21:06:55 15284 utils.py stint_login_user 70 func.__name__ = delete_post
2018/09/19 21:06:55 15284 utils.py stint_login_user 70 func.__name__ = comment_enabled
2018/09/19 21:06:55 15284 utils.py stint_login_user 70 func.__name__ = delete_comment
2018/09/19 21:06:55 15284 utils.py stint_login_user 70 func.__name__ = review_comment
2018/09/19 21:07:05 22448 utils.py _log 37 










2018/09/19 21:07:05 22448 utils.py _log 38 now time is 2018-09-19 21:07:05.215545
2018/09/19 21:07:05 22448 utils.py _log 39 --------------------------------------------------------------------------------
2018/09/19 21:07:05 22448 utils.py stint_login_user 70 func.__name__ = new_category
2018/09/19 21:07:05 22448 utils.py stint_login_user 70 func.__name__ = edit_category
2018/09/19 21:07:05 22448 utils.py stint_login_user 70 func.__name__ = delete_category
2018/09/19 21:07:05 22448 utils.py stint_login_user 70 func.__name__ = new_post
2018/09/19 21:07:05 22448 utils.py stint_login_user 70 func.__name__ = edit_post
2018/09/19 21:07:05 22448 utils.py stint_login_user 70 func.__name__ = delete_post
2018/09/19 21:07:05 22448 utils.py stint_login_user 70 func.__name__ = comment_enabled
2018/09/19 21:07:05 22448 utils.py stint_login_user 70 func.__name__ = delete_comment
2018/09/19 21:07:05 22448 utils.py stint_login_user 70 func.__name__ = review_comment
2018/09/19 21:07:31 21200 utils.py _log 37 










2018/09/19 21:07:31 21200 utils.py _log 38 now time is 2018-09-19 21:07:31.973192
2018/09/19 21:07:31 21200 utils.py _log 39 --------------------------------------------------------------------------------
2018/09/19 21:07:31 21200 utils.py stint_login_user 70 func.__name__ = new_category
2018/09/19 21:07:31 21200 utils.py stint_login_user 70 func.__name__ = edit_category
2018/09/19 21:07:31 21200 utils.py stint_login_user 70 func.__name__ = delete_category
2018/09/19 21:07:31 21200 utils.py stint_login_user 70 func.__name__ = new_post
2018/09/19 21:07:31 21200 utils.py stint_login_user 70 func.__name__ = edit_post
2018/09/19 21:07:31 21200 utils.py stint_login_user 70 func.__name__ = delete_post
2018/09/19 21:07:31 21200 utils.py stint_login_user 70 func.__name__ = comment_enabled
2018/09/19 21:07:31 21200 utils.py stint_login_user 70 func.__name__ = delete_comment
2018/09/19 21:07:31 21200 utils.py stint_login_user 70 func.__name__ = review_comment
2018/09/19 21:08:22 7688 utils.py _log 37 










2018/09/19 21:08:22 7688 utils.py _log 38 now time is 2018-09-19 21:08:22.214257
2018/09/19 21:08:22 7688 utils.py _log 39 --------------------------------------------------------------------------------
2018/09/19 21:08:22 7688 utils.py stint_login_user 70 func.__name__ = new_category
2018/09/19 21:08:22 7688 utils.py stint_login_user 70 func.__name__ = edit_category
2018/09/19 21:08:22 7688 utils.py stint_login_user 70 func.__name__ = delete_category
2018/09/19 21:08:22 7688 utils.py stint_login_user 70 func.__name__ = new_post
2018/09/19 21:08:22 7688 utils.py stint_login_user 70 func.__name__ = edit_post
2018/09/19 21:08:22 7688 utils.py stint_login_user 70 func.__name__ = delete_post
2018/09/19 21:08:22 7688 utils.py stint_login_user 70 func.__name__ = comment_enabled
2018/09/19 21:08:22 7688 utils.py stint_login_user 70 func.__name__ = delete_comment
2018/09/19 21:08:22 7688 utils.py stint_login_user 70 func.__name__ = review_comment
2018/09/19 21:08:23 21544 utils.py _log 37 










2018/09/19 21:08:23 21544 utils.py _log 38 now time is 2018-09-19 21:08:23.743367
2018/09/19 21:08:23 21544 utils.py _log 39 --------------------------------------------------------------------------------
2018/09/19 21:08:23 21544 utils.py stint_login_user 70 func.__name__ = new_category
2018/09/19 21:08:23 21544 utils.py stint_login_user 70 func.__name__ = edit_category
2018/09/19 21:08:23 21544 utils.py stint_login_user 70 func.__name__ = delete_category
2018/09/19 21:08:23 21544 utils.py stint_login_user 70 func.__name__ = new_post
2018/09/19 21:08:23 21544 utils.py stint_login_user 70 func.__name__ = edit_post
2018/09/19 21:08:23 21544 utils.py stint_login_user 70 func.__name__ = delete_post
2018/09/19 21:08:23 21544 utils.py stint_login_user 70 func.__name__ = comment_enabled
2018/09/19 21:08:23 21544 utils.py stint_login_user 70 func.__name__ = delete_comment
2018/09/19 21:08:23 21544 utils.py stint_login_user 70 func.__name__ = review_comment
2018/09/19 21:09:13 17000 utils.py _log 37 










2018/09/19 21:09:13 17000 utils.py _log 38 now time is 2018-09-19 21:09:13.437657
2018/09/19 21:09:13 17000 utils.py _log 39 --------------------------------------------------------------------------------
2018/09/19 21:09:13 17000 utils.py stint_login_user 70 func.__name__ = new_category
2018/09/19 21:09:13 17000 utils.py stint_login_user 70 func.__name__ = edit_category
2018/09/19 21:09:13 17000 utils.py stint_login_user 70 func.__name__ = delete_category
2018/09/19 21:09:13 17000 utils.py stint_login_user 70 func.__name__ = new_post
2018/09/19 21:09:13 17000 utils.py stint_login_user 70 func.__name__ = edit_post
2018/09/19 21:09:13 17000 utils.py stint_login_user 70 func.__name__ = delete_post
2018/09/19 21:09:13 17000 utils.py stint_login_user 70 func.__name__ = comment_enabled
2018/09/19 21:09:13 17000 utils.py stint_login_user 70 func.__name__ = delete_comment
2018/09/19 21:09:13 17000 utils.py stint_login_user 70 func.__name__ = review_comment
2018/09/19 21:09:16 4524 blog.py show_post 71 request.url = http://127.0.0.1:5000/post/2
2018/09/19 21:09:16 4524 utils.py get_posts_from_cache 136 get cache, post.id = 2
2018/09/19 21:09:19 5204 blog.py index 23 request.url = http://127.0.0.1:5000/
2018/09/19 21:09:21 2748 blog.py index 23 request.url = http://127.0.0.1:5000/
2018/09/19 21:09:22 11704 blog.py show_post 71 request.url = http://127.0.0.1:5000/post/20
2018/09/19 21:09:22 11704 utils.py get_posts_from_cache 136 get cache, post.id = 20
2018/09/19 21:09:23 5244 blog.py index 23 request.url = http://127.0.0.1:5000/
2018/09/19 21:09:25 13728 blog.py show_post 71 request.url = http://127.0.0.1:5000/post/2
2018/09/19 21:09:25 13728 utils.py get_posts_from_cache 136 get cache, post.id = 2
2018/09/19 21:09:40 20928 utils.py _log 37 










2018/09/19 21:09:40 20928 utils.py _log 38 now time is 2018-09-19 21:09:40.453269
2018/09/19 21:09:40 20928 utils.py _log 39 --------------------------------------------------------------------------------
2018/09/19 21:09:40 20928 utils.py stint_login_user 70 func.__name__ = new_category
2018/09/19 21:09:40 20928 utils.py stint_login_user 70 func.__name__ = edit_category
2018/09/19 21:09:40 20928 utils.py stint_login_user 70 func.__name__ = delete_category
2018/09/19 21:09:40 20928 utils.py stint_login_user 70 func.__name__ = new_post
2018/09/19 21:09:40 20928 utils.py stint_login_user 70 func.__name__ = edit_post
2018/09/19 21:09:40 20928 utils.py stint_login_user 70 func.__name__ = delete_post
2018/09/19 21:09:40 20928 utils.py stint_login_user 70 func.__name__ = comment_enabled
2018/09/19 21:09:40 20928 utils.py stint_login_user 70 func.__name__ = delete_comment
2018/09/19 21:09:40 20928 utils.py stint_login_user 70 func.__name__ = review_comment
2018/09/19 21:09:48 3172 utils.py _log 37 










2018/09/19 21:09:48 3172 utils.py _log 38 now time is 2018-09-19 21:09:48.890537
2018/09/19 21:09:48 3172 utils.py _log 39 --------------------------------------------------------------------------------
2018/09/19 21:09:48 3172 utils.py stint_login_user 70 func.__name__ = new_category
2018/09/19 21:09:48 3172 utils.py stint_login_user 70 func.__name__ = edit_category
2018/09/19 21:09:48 3172 utils.py stint_login_user 70 func.__name__ = delete_category
2018/09/19 21:09:48 3172 utils.py stint_login_user 70 func.__name__ = new_post
2018/09/19 21:09:48 3172 utils.py stint_login_user 70 func.__name__ = edit_post
2018/09/19 21:09:48 3172 utils.py stint_login_user 70 func.__name__ = delete_post
2018/09/19 21:09:48 3172 utils.py stint_login_user 70 func.__name__ = comment_enabled
2018/09/19 21:09:48 3172 utils.py stint_login_user 70 func.__name__ = delete_comment
2018/09/19 21:09:48 3172 utils.py stint_login_user 70 func.__name__ = review_comment
2018/09/19 21:12:10 8652 utils.py _log 37 










2018/09/19 21:12:10 8652 utils.py _log 38 now time is 2018-09-19 21:12:10.809311
2018/09/19 21:12:10 8652 utils.py _log 39 --------------------------------------------------------------------------------
2018/09/19 21:12:10 8652 utils.py stint_login_user 70 func.__name__ = new_category
2018/09/19 21:12:10 8652 utils.py stint_login_user 70 func.__name__ = edit_category
2018/09/19 21:12:10 8652 utils.py stint_login_user 70 func.__name__ = delete_category
2018/09/19 21:12:10 8652 utils.py stint_login_user 70 func.__name__ = new_post
2018/09/19 21:12:10 8652 utils.py stint_login_user 70 func.__name__ = edit_post
2018/09/19 21:12:10 8652 utils.py stint_login_user 70 func.__name__ = delete_post
2018/09/19 21:12:10 8652 utils.py stint_login_user 70 func.__name__ = comment_enabled
2018/09/19 21:12:10 8652 utils.py stint_login_user 70 func.__name__ = delete_comment
2018/09/19 21:12:10 8652 utils.py stint_login_user 70 func.__name__ = review_comment
2018/09/19 21:16:55 19452 utils.py _log 37 










2018/09/19 21:16:55 19452 utils.py _log 38 now time is 2018-09-19 21:16:55.944852
2018/09/19 21:16:55 19452 utils.py _log 39 --------------------------------------------------------------------------------
2018/09/19 21:16:55 19452 utils.py stint_login_user 70 func.__name__ = new_category
2018/09/19 21:16:55 19452 utils.py stint_login_user 70 func.__name__ = edit_category
2018/09/19 21:16:55 19452 utils.py stint_login_user 70 func.__name__ = delete_category
2018/09/19 21:16:55 19452 utils.py stint_login_user 70 func.__name__ = new_post
2018/09/19 21:16:55 19452 utils.py stint_login_user 70 func.__name__ = edit_post
2018/09/19 21:16:55 19452 utils.py stint_login_user 70 func.__name__ = delete_post
2018/09/19 21:16:55 19452 utils.py stint_login_user 70 func.__name__ = comment_enabled
2018/09/19 21:16:55 19452 utils.py stint_login_user 70 func.__name__ = delete_comment
2018/09/19 21:16:55 19452 utils.py stint_login_user 70 func.__name__ = review_comment
2018/09/19 21:16:57 968 utils.py _log 37 










2018/09/19 21:16:57 968 utils.py _log 38 now time is 2018-09-19 21:16:57.435616
2018/09/19 21:16:57 968 utils.py _log 39 --------------------------------------------------------------------------------
2018/09/19 21:16:57 968 utils.py stint_login_user 70 func.__name__ = new_category
2018/09/19 21:16:57 968 utils.py stint_login_user 70 func.__name__ = edit_category
2018/09/19 21:16:57 968 utils.py stint_login_user 70 func.__name__ = delete_category
2018/09/19 21:16:57 968 utils.py stint_login_user 70 func.__name__ = new_post
2018/09/19 21:16:57 968 utils.py stint_login_user 70 func.__name__ = edit_post
2018/09/19 21:16:57 968 utils.py stint_login_user 70 func.__name__ = delete_post
2018/09/19 21:16:57 968 utils.py stint_login_user 70 func.__name__ = comment_enabled
2018/09/19 21:16:57 968 utils.py stint_login_user 70 func.__name__ = delete_comment
2018/09/19 21:16:57 968 utils.py stint_login_user 70 func.__name__ = review_comment
2018/09/19 21:17:17 11752 utils.py _log 37 










2018/09/19 21:17:17 11752 utils.py _log 38 now time is 2018-09-19 21:17:17.743637
2018/09/19 21:17:17 11752 utils.py _log 39 --------------------------------------------------------------------------------
2018/09/19 21:17:17 11752 utils.py stint_login_user 70 func.__name__ = new_category
2018/09/19 21:17:17 11752 utils.py stint_login_user 70 func.__name__ = edit_category
2018/09/19 21:17:17 11752 utils.py stint_login_user 70 func.__name__ = delete_category
2018/09/19 21:17:17 11752 utils.py stint_login_user 70 func.__name__ = new_post
2018/09/19 21:17:17 11752 utils.py stint_login_user 70 func.__name__ = edit_post
2018/09/19 21:17:17 11752 utils.py stint_login_user 70 func.__name__ = delete_post
2018/09/19 21:17:17 11752 utils.py stint_login_user 70 func.__name__ = comment_enabled
2018/09/19 21:17:17 11752 utils.py stint_login_user 70 func.__name__ = delete_comment
2018/09/19 21:17:17 11752 utils.py stint_login_user 70 func.__name__ = review_comment
2018/09/19 21:17:21 5848 auth.py login 17 is_authenticated = False
2018/09/19 21:17:21 5848 auth.py login 41 redirect to login.html
2018/09/19 21:17:23 12584 blog.py index 23 request.url = http://127.0.0.1:5000/
2018/09/19 21:17:25 8152 blog.py show_post 71 request.url = http://127.0.0.1:5000/post/20
2018/09/19 21:17:25 8152 utils.py get_posts_from_cache 136 get cache, post.id = 20
2018/09/19 21:17:30 23428 blog.py index 23 request.url = http://127.0.0.1:5000/
2018/09/19 21:17:32 9252 blog.py show_post 71 request.url = http://127.0.0.1:5000/post/4
2018/09/19 21:17:32 9252 utils.py get_posts_from_cache 136 get cache, post.id = 4
2018/09/19 21:17:32 9252 utils.py save_posts_to_cache 106 save cache, post.id = 4
2018/09/19 21:17:58 18524 blog.py show_post 71 request.url = http://127.0.0.1:5000/post/4
2018/09/19 21:17:58 18524 utils.py get_posts_from_cache 136 get cache, post.id = 4
2018/09/19 21:17:58 18524 blog.py show_post 139 comment_id = None
2018/09/19 21:20:08 12728 utils.py _log 37 










2018/09/19 21:20:08 12728 utils.py _log 38 now time is 2018-09-19 21:20:08.332306
2018/09/19 21:20:08 12728 utils.py _log 39 --------------------------------------------------------------------------------
2018/09/19 21:20:08 12728 utils.py stint_login_user 70 func.__name__ = new_category
2018/09/19 21:20:08 12728 utils.py stint_login_user 70 func.__name__ = edit_category
2018/09/19 21:20:08 12728 utils.py stint_login_user 70 func.__name__ = delete_category
2018/09/19 21:20:08 12728 utils.py stint_login_user 70 func.__name__ = new_post
2018/09/19 21:20:08 12728 utils.py stint_login_user 70 func.__name__ = edit_post
2018/09/19 21:20:08 12728 utils.py stint_login_user 70 func.__name__ = delete_post
2018/09/19 21:20:08 12728 utils.py stint_login_user 70 func.__name__ = comment_enabled
2018/09/19 21:20:08 12728 utils.py stint_login_user 70 func.__name__ = delete_comment
2018/09/19 21:20:08 12728 utils.py stint_login_user 70 func.__name__ = review_comment
2018/09/19 21:20:13 10568 blog.py show_post 71 request.url = http://127.0.0.1:5000/post/4
2018/09/19 21:20:13 10568 utils.py get_posts_from_cache 136 get cache, post.id = 4
2018/09/19 21:20:28 17860 blog.py show_post 71 request.url = http://127.0.0.1:5000/post/4
2018/09/19 21:20:28 17860 utils.py get_posts_from_cache 136 get cache, post.id = 4
2018/09/19 21:20:28 17860 blog.py show_post 140 comment_id = None
2018/09/19 21:20:29 15876 blog.py show_post 71 request.url = http://127.0.0.1:5000/post/4
2018/09/19 21:20:29 15876 utils.py get_posts_from_cache 136 get cache, post.id = 4
2018/09/19 21:23:41 3952 utils.py _log 37 










2018/09/19 21:23:41 3952 utils.py _log 38 now time is 2018-09-19 21:23:41.427174
2018/09/19 21:23:41 3952 utils.py _log 39 --------------------------------------------------------------------------------
2018/09/19 21:23:41 3952 utils.py stint_login_user 70 func.__name__ = new_category
2018/09/19 21:23:41 3952 utils.py stint_login_user 70 func.__name__ = edit_category
2018/09/19 21:23:41 3952 utils.py stint_login_user 70 func.__name__ = delete_category
2018/09/19 21:23:41 3952 utils.py stint_login_user 70 func.__name__ = new_post
2018/09/19 21:23:41 3952 utils.py stint_login_user 70 func.__name__ = edit_post
2018/09/19 21:23:41 3952 utils.py stint_login_user 70 func.__name__ = delete_post
2018/09/19 21:23:41 3952 utils.py stint_login_user 70 func.__name__ = comment_enabled
2018/09/19 21:23:41 3952 utils.py stint_login_user 70 func.__name__ = delete_comment
2018/09/19 21:23:41 3952 utils.py stint_login_user 70 func.__name__ = review_comment
2018/09/19 21:24:44 19500 blog.py index 23 request.url = http://127.0.0.1:5000/
2018/09/19 21:24:47 10172 blog.py show_post 71 request.url = http://127.0.0.1:5000/post/20
2018/09/19 21:24:47 10172 utils.py get_posts_from_cache 136 get cache, post.id = 20
2018/09/19 21:24:55 22796 blog.py show_post 71 request.url = http://127.0.0.1:5000/post/12
2018/09/19 21:24:55 22796 utils.py get_posts_from_cache 136 get cache, post.id = 12
2018/09/19 21:24:55 22796 utils.py save_posts_to_cache 106 save cache, post.id = 12
2018/09/19 21:25:03 14560 blog.py show_post 71 request.url = http://127.0.0.1:5000/post/12
2018/09/19 21:25:03 14560 utils.py get_posts_from_cache 136 get cache, post.id = 12
2018/09/19 21:25:03 14560 blog.py show_post 140 comment_id = None
2018/09/19 21:25:04 14000 blog.py show_post 71 request.url = http://127.0.0.1:5000/post/12
2018/09/19 21:25:04 14000 utils.py get_posts_from_cache 136 get cache, post.id = 12
2018/09/19 21:27:11 9036 utils.py _log 37 










2018/09/19 21:27:11 9036 utils.py _log 38 now time is 2018-09-19 21:27:11.110831
2018/09/19 21:27:11 9036 utils.py _log 39 --------------------------------------------------------------------------------
2018/09/19 21:27:11 9036 utils.py stint_login_user 70 func.__name__ = new_category
2018/09/19 21:27:11 9036 utils.py stint_login_user 70 func.__name__ = edit_category
2018/09/19 21:27:11 9036 utils.py stint_login_user 70 func.__name__ = delete_category
2018/09/19 21:27:11 9036 utils.py stint_login_user 70 func.__name__ = new_post
2018/09/19 21:27:11 9036 utils.py stint_login_user 70 func.__name__ = edit_post
2018/09/19 21:27:11 9036 utils.py stint_login_user 70 func.__name__ = delete_post
2018/09/19 21:27:11 9036 utils.py stint_login_user 70 func.__name__ = comment_enabled
2018/09/19 21:27:11 9036 utils.py stint_login_user 70 func.__name__ = delete_comment
2018/09/19 21:27:11 9036 utils.py stint_login_user 70 func.__name__ = review_comment
2018/09/19 21:27:14 21184 blog.py show_post 71 request.url = http://127.0.0.1:5000/post/12
2018/09/19 21:27:14 21184 utils.py get_posts_from_cache 136 get cache, post.id = 12
2018/09/19 21:27:22 22220 blog.py show_post 71 request.url = http://127.0.0.1:5000/post/12
2018/09/19 21:27:22 22220 utils.py get_posts_from_cache 136 get cache, post.id = 12
2018/09/19 21:27:22 22220 blog.py show_post 140 comment_id = None
2018/09/19 21:27:23 19944 blog.py show_post 71 request.url = http://127.0.0.1:5000/post/12
2018/09/19 21:27:23 19944 utils.py get_posts_from_cache 136 get cache, post.id = 12
2018/09/19 21:28:01 20756 utils.py _log 37 










2018/09/19 21:28:01 20756 utils.py _log 38 now time is 2018-09-19 21:28:01.288894
2018/09/19 21:28:01 20756 utils.py _log 39 --------------------------------------------------------------------------------
2018/09/19 21:28:01 20756 utils.py stint_login_user 70 func.__name__ = new_category
2018/09/19 21:28:01 20756 utils.py stint_login_user 70 func.__name__ = edit_category
2018/09/19 21:28:01 20756 utils.py stint_login_user 70 func.__name__ = delete_category
2018/09/19 21:28:01 20756 utils.py stint_login_user 70 func.__name__ = new_post
2018/09/19 21:28:01 20756 utils.py stint_login_user 70 func.__name__ = edit_post
2018/09/19 21:28:01 20756 utils.py stint_login_user 70 func.__name__ = delete_post
2018/09/19 21:28:01 20756 utils.py stint_login_user 70 func.__name__ = comment_enabled
2018/09/19 21:28:01 20756 utils.py stint_login_user 70 func.__name__ = delete_comment
2018/09/19 21:28:01 20756 utils.py stint_login_user 70 func.__name__ = review_comment
2018/09/19 23:29:27 9392 utils.py _log 37 










2018/09/19 23:29:27 9392 utils.py _log 38 now time is 2018-09-19 23:29:27.923657
2018/09/19 23:29:27 9392 utils.py _log 39 --------------------------------------------------------------------------------
2018/09/19 23:29:29 1688 utils.py _log 37 










2018/09/19 23:29:29 1688 utils.py _log 38 now time is 2018-09-19 23:29:29.284423
2018/09/19 23:29:29 1688 utils.py _log 39 --------------------------------------------------------------------------------
2018/09/19 23:31:23 1584207756784 utils.py _log 37 










2018/09/19 23:31:23 1584207756784 utils.py _log 38 now time is 2018-09-19 23:31:23.164688
2018/09/19 23:31:23 1584207756784 utils.py _log 39 --------------------------------------------------------------------------------
2018/09/19 23:33:21 2518388506096 utils.py _log 37 










2018/09/19 23:33:21 2518388506096 utils.py _log 38 now time is 2018-09-19 23:33:21.927129
2018/09/19 23:33:21 2518388506096 utils.py _log 39 --------------------------------------------------------------------------------
2018/09/19 23:39:01 2278477921776 utils.py _log 37 










2018/09/19 23:39:01 2278477921776 utils.py _log 38 now time is 2018-09-19 23:39:01.923345
2018/09/19 23:39:01 2278477921776 utils.py _log 39 --------------------------------------------------------------------------------
2018/09/19 23:39:01 2278477921776 utils.py stint_login_user 70 func.__name__ = new_category
2018/09/19 23:39:01 2278477921776 utils.py stint_login_user 70 func.__name__ = edit_category
2018/09/19 23:39:01 2278477921776 utils.py stint_login_user 70 func.__name__ = delete_category
2018/09/19 23:39:01 2278477921776 utils.py stint_login_user 70 func.__name__ = new_post
2018/09/19 23:39:01 2278477921776 utils.py stint_login_user 70 func.__name__ = edit_post
2018/09/19 23:39:01 2278477921776 utils.py stint_login_user 70 func.__name__ = delete_post
2018/09/19 23:39:01 2278477921776 utils.py stint_login_user 70 func.__name__ = comment_enabled
2018/09/19 23:39:01 2278477921776 utils.py stint_login_user 70 func.__name__ = delete_comment
2018/09/19 23:39:01 2278477921776 utils.py stint_login_user 70 func.__name__ = review_comment
2018/09/19 23:39:47 2580394016240 utils.py _log 37 










2018/09/19 23:39:47 2580394016240 utils.py _log 38 now time is 2018-09-19 23:39:47.025427
2018/09/19 23:39:47 2580394016240 utils.py _log 39 --------------------------------------------------------------------------------
2018/09/19 23:39:47 2580394016240 utils.py stint_login_user 70 func.__name__ = new_category
2018/09/19 23:39:47 2580394016240 utils.py stint_login_user 70 func.__name__ = edit_category
2018/09/19 23:39:47 2580394016240 utils.py stint_login_user 70 func.__name__ = delete_category
2018/09/19 23:39:47 2580394016240 utils.py stint_login_user 70 func.__name__ = new_post
2018/09/19 23:39:47 2580394016240 utils.py stint_login_user 70 func.__name__ = edit_post
2018/09/19 23:39:47 2580394016240 utils.py stint_login_user 70 func.__name__ = delete_post
2018/09/19 23:39:47 2580394016240 utils.py stint_login_user 70 func.__name__ = comment_enabled
2018/09/19 23:39:47 2580394016240 utils.py stint_login_user 70 func.__name__ = delete_comment
2018/09/19 23:39:47 2580394016240 utils.py stint_login_user 70 func.__name__ = review_comment
2018/09/19 23:40:40 2093694844400 utils.py _log 37 










2018/09/19 23:40:40 2093694844400 utils.py _log 38 now time is 2018-09-19 23:40:40.352330
2018/09/19 23:40:40 2093694844400 utils.py _log 39 --------------------------------------------------------------------------------
2018/09/19 23:40:40 2093694844400 utils.py stint_login_user 70 func.__name__ = new_category
2018/09/19 23:40:40 2093694844400 utils.py stint_login_user 70 func.__name__ = edit_category
2018/09/19 23:40:40 2093694844400 utils.py stint_login_user 70 func.__name__ = delete_category
2018/09/19 23:40:40 2093694844400 utils.py stint_login_user 70 func.__name__ = new_post
2018/09/19 23:40:40 2093694844400 utils.py stint_login_user 70 func.__name__ = edit_post
2018/09/19 23:40:40 2093694844400 utils.py stint_login_user 70 func.__name__ = delete_post
2018/09/19 23:40:40 2093694844400 utils.py stint_login_user 70 func.__name__ = comment_enabled
2018/09/19 23:40:40 2093694844400 utils.py stint_login_user 70 func.__name__ = delete_comment
2018/09/19 23:40:40 2093694844400 utils.py stint_login_user 70 func.__name__ = review_comment
2018/09/19 23:41:18 3888 utils.py stint_login_user 70 func.__name__ = new_category
2018/09/19 23:41:18 3888 utils.py stint_login_user 70 func.__name__ = edit_category
2018/09/19 23:41:18 3888 utils.py stint_login_user 70 func.__name__ = delete_category
2018/09/19 23:41:18 3888 utils.py stint_login_user 70 func.__name__ = new_post
2018/09/19 23:41:18 3888 utils.py stint_login_user 70 func.__name__ = edit_post
2018/09/19 23:41:18 3888 utils.py stint_login_user 70 func.__name__ = delete_post
2018/09/19 23:41:18 3888 utils.py stint_login_user 70 func.__name__ = comment_enabled
2018/09/19 23:41:18 3888 utils.py stint_login_user 70 func.__name__ = delete_comment
2018/09/19 23:41:18 3888 utils.py stint_login_user 70 func.__name__ = review_comment
2018/09/19 23:41:19 3888 blog.py index 23 request.url = http://127.0.0.1:5000/
2018/09/19 23:41:26 16756 utils.py _log 37 










2018/09/19 23:41:26 16756 utils.py _log 38 now time is 2018-09-19 23:41:26.780908
2018/09/19 23:41:26 16756 utils.py _log 39 --------------------------------------------------------------------------------
2018/09/19 23:41:26 16756 utils.py stint_login_user 70 func.__name__ = new_category
2018/09/19 23:41:26 16756 utils.py stint_login_user 70 func.__name__ = edit_category
2018/09/19 23:41:26 16756 utils.py stint_login_user 70 func.__name__ = delete_category
2018/09/19 23:41:26 16756 utils.py stint_login_user 70 func.__name__ = new_post
2018/09/19 23:41:26 16756 utils.py stint_login_user 70 func.__name__ = edit_post
2018/09/19 23:41:26 16756 utils.py stint_login_user 70 func.__name__ = delete_post
2018/09/19 23:41:26 16756 utils.py stint_login_user 70 func.__name__ = comment_enabled
2018/09/19 23:41:26 16756 utils.py stint_login_user 70 func.__name__ = delete_comment
2018/09/19 23:41:26 16756 utils.py stint_login_user 70 func.__name__ = review_comment
2018/09/19 23:41:28 5448 utils.py _log 37 










2018/09/19 23:41:28 5448 utils.py _log 38 now time is 2018-09-19 23:41:28.391762
2018/09/19 23:41:28 5448 utils.py _log 39 --------------------------------------------------------------------------------
2018/09/19 23:41:28 5448 utils.py stint_login_user 70 func.__name__ = new_category
2018/09/19 23:41:28 5448 utils.py stint_login_user 70 func.__name__ = edit_category
2018/09/19 23:41:28 5448 utils.py stint_login_user 70 func.__name__ = delete_category
2018/09/19 23:41:28 5448 utils.py stint_login_user 70 func.__name__ = new_post
2018/09/19 23:41:28 5448 utils.py stint_login_user 70 func.__name__ = edit_post
2018/09/19 23:41:28 5448 utils.py stint_login_user 70 func.__name__ = delete_post
2018/09/19 23:41:28 5448 utils.py stint_login_user 70 func.__name__ = comment_enabled
2018/09/19 23:41:28 5448 utils.py stint_login_user 70 func.__name__ = delete_comment
2018/09/19 23:41:28 5448 utils.py stint_login_user 70 func.__name__ = review_comment
2018/09/19 23:41:32 22740 blog.py index 23 request.url = http://127.0.0.1:5000/
2018/09/19 23:41:33 20052 blog.py show_post 71 request.url = http://127.0.0.1:5000/post/20
2018/09/19 23:41:33 20052 utils.py get_posts_from_cache 136 get cache, post.id = 20
2018/09/19 23:41:36 14096 auth.py login 17 is_authenticated = False
2018/09/19 23:41:36 14096 auth.py login 41 redirect to login.html
2018/09/19 23:41:38 6764 auth.py login 17 is_authenticated = False
2018/09/19 23:41:38 6764 auth.py login 26 admin.username = admin
2018/09/19 23:41:38 6764 auth.py login 31 login success
2018/09/19 23:41:38 7892 auth.py login 17 is_authenticated = True
2018/09/19 23:41:38 16888 blog.py index 23 request.url = http://127.0.0.1:5000/
2018/09/19 23:42:15 10724 utils.py _log 37 










2018/09/19 23:42:15 10724 utils.py _log 38 now time is 2018-09-19 23:42:15.999704
2018/09/19 23:42:15 10724 utils.py _log 39 --------------------------------------------------------------------------------
2018/09/19 23:42:16 10724 utils.py stint_login_user 70 func.__name__ = new_category
2018/09/19 23:42:16 10724 utils.py stint_login_user 70 func.__name__ = edit_category
2018/09/19 23:42:16 10724 utils.py stint_login_user 70 func.__name__ = delete_category
2018/09/19 23:42:16 10724 utils.py stint_login_user 70 func.__name__ = new_post
2018/09/19 23:42:16 10724 utils.py stint_login_user 70 func.__name__ = edit_post
2018/09/19 23:42:16 10724 utils.py stint_login_user 70 func.__name__ = delete_post
2018/09/19 23:42:16 10724 utils.py stint_login_user 70 func.__name__ = comment_enabled
2018/09/19 23:42:16 10724 utils.py stint_login_user 70 func.__name__ = delete_comment
2018/09/19 23:42:16 10724 utils.py stint_login_user 70 func.__name__ = review_comment
2018/09/19 23:42:29 9992 blog.py index 23 request.url = http://127.0.0.1:5000/
2018/09/19 23:42:30 22700 auth.py login 17 is_authenticated = False
2018/09/19 23:42:30 22700 auth.py login 41 redirect to login.html
2018/09/19 23:42:31 21424 auth.py login 17 is_authenticated = False
2018/09/19 23:42:31 21424 auth.py login 26 admin.username = admin
2018/09/19 23:42:32 21424 auth.py login 31 login success
2018/09/19 23:42:32 14620 auth.py login 17 is_authenticated = True
2018/09/19 23:42:32 11696 blog.py index 23 request.url = http://127.0.0.1:5000/
2018/09/19 23:51:13 2676 utils.py _log 37 










2018/09/19 23:51:13 2676 utils.py _log 38 now time is 2018-09-19 23:51:13.339909
2018/09/19 23:51:13 2676 utils.py _log 39 --------------------------------------------------------------------------------
2018/09/19 23:51:13 2676 utils.py stint_login_user 70 func.__name__ = new_category
2018/09/19 23:51:13 2676 utils.py stint_login_user 70 func.__name__ = edit_category
2018/09/19 23:51:13 2676 utils.py stint_login_user 70 func.__name__ = delete_category
2018/09/19 23:51:13 2676 utils.py stint_login_user 70 func.__name__ = new_post
2018/09/19 23:51:13 2676 utils.py stint_login_user 70 func.__name__ = edit_post
2018/09/19 23:51:13 2676 utils.py stint_login_user 70 func.__name__ = delete_post
2018/09/19 23:51:13 2676 utils.py stint_login_user 70 func.__name__ = comment_enabled
2018/09/19 23:51:13 2676 utils.py stint_login_user 70 func.__name__ = delete_comment
2018/09/19 23:51:13 2676 utils.py stint_login_user 70 func.__name__ = review_comment
2018/09/19 23:51:23 2247628226032 utils.py _log 37 










2018/09/19 23:51:23 2247628226032 utils.py _log 38 now time is 2018-09-19 23:51:23.162386
2018/09/19 23:51:23 2247628226032 utils.py _log 39 --------------------------------------------------------------------------------
2018/09/19 23:51:23 2247628226032 utils.py stint_login_user 70 func.__name__ = new_category
2018/09/19 23:51:23 2247628226032 utils.py stint_login_user 70 func.__name__ = edit_category
2018/09/19 23:51:23 2247628226032 utils.py stint_login_user 70 func.__name__ = delete_category
2018/09/19 23:51:23 2247628226032 utils.py stint_login_user 70 func.__name__ = new_post
2018/09/19 23:51:23 2247628226032 utils.py stint_login_user 70 func.__name__ = edit_post
2018/09/19 23:51:23 2247628226032 utils.py stint_login_user 70 func.__name__ = delete_post
2018/09/19 23:51:23 2247628226032 utils.py stint_login_user 70 func.__name__ = comment_enabled
2018/09/19 23:51:23 2247628226032 utils.py stint_login_user 70 func.__name__ = delete_comment
2018/09/19 23:51:23 2247628226032 utils.py stint_login_user 70 func.__name__ = review_comment
2018/09/19 23:51:32 2043756019184 utils.py _log 37 










2018/09/19 23:51:32 2043756019184 utils.py _log 38 now time is 2018-09-19 23:51:32.620771
2018/09/19 23:51:32 2043756019184 utils.py _log 39 --------------------------------------------------------------------------------
2018/09/19 23:51:32 2043756019184 utils.py stint_login_user 70 func.__name__ = new_category
2018/09/19 23:51:32 2043756019184 utils.py stint_login_user 70 func.__name__ = edit_category
2018/09/19 23:51:32 2043756019184 utils.py stint_login_user 70 func.__name__ = delete_category
2018/09/19 23:51:32 2043756019184 utils.py stint_login_user 70 func.__name__ = new_post
2018/09/19 23:51:32 2043756019184 utils.py stint_login_user 70 func.__name__ = edit_post
2018/09/19 23:51:32 2043756019184 utils.py stint_login_user 70 func.__name__ = delete_post
2018/09/19 23:51:32 2043756019184 utils.py stint_login_user 70 func.__name__ = comment_enabled
2018/09/19 23:51:32 2043756019184 utils.py stint_login_user 70 func.__name__ = delete_comment
2018/09/19 23:51:32 2043756019184 utils.py stint_login_user 70 func.__name__ = review_comment
2018/09/19 23:51:46 15440 utils.py _log 37 










2018/09/19 23:51:46 15440 utils.py _log 38 now time is 2018-09-19 23:51:46.667622
2018/09/19 23:51:46 15440 utils.py _log 39 --------------------------------------------------------------------------------
2018/09/19 23:51:46 15440 utils.py stint_login_user 70 func.__name__ = new_category
2018/09/19 23:51:46 15440 utils.py stint_login_user 70 func.__name__ = edit_category
2018/09/19 23:51:46 15440 utils.py stint_login_user 70 func.__name__ = delete_category
2018/09/19 23:51:46 15440 utils.py stint_login_user 70 func.__name__ = new_post
2018/09/19 23:51:46 15440 utils.py stint_login_user 70 func.__name__ = edit_post
2018/09/19 23:51:46 15440 utils.py stint_login_user 70 func.__name__ = delete_post
2018/09/19 23:51:46 15440 utils.py stint_login_user 70 func.__name__ = comment_enabled
2018/09/19 23:51:46 15440 utils.py stint_login_user 70 func.__name__ = delete_comment
2018/09/19 23:51:46 15440 utils.py stint_login_user 70 func.__name__ = review_comment
2018/09/20 00:28:46 10220 utils.py _log 37 










2018/09/20 00:28:46 10220 utils.py _log 38 now time is 2018-09-20 00:28:46.464268
2018/09/20 00:28:46 10220 utils.py _log 39 --------------------------------------------------------------------------------
2018/09/20 00:28:46 10220 utils.py stint_login_user 70 func.__name__ = new_category
2018/09/20 00:28:46 10220 utils.py stint_login_user 70 func.__name__ = edit_category
2018/09/20 00:28:46 10220 utils.py stint_login_user 70 func.__name__ = delete_category
2018/09/20 00:28:46 10220 utils.py stint_login_user 70 func.__name__ = new_post
2018/09/20 00:28:46 10220 utils.py stint_login_user 70 func.__name__ = edit_post
2018/09/20 00:28:46 10220 utils.py stint_login_user 70 func.__name__ = delete_post
2018/09/20 00:28:46 10220 utils.py stint_login_user 70 func.__name__ = comment_enabled
2018/09/20 00:28:46 10220 utils.py stint_login_user 70 func.__name__ = delete_comment
2018/09/20 00:28:46 10220 utils.py stint_login_user 70 func.__name__ = review_comment
2018/09/20 00:28:47 8896 utils.py _log 37 










2018/09/20 00:28:47 8896 utils.py _log 38 now time is 2018-09-20 00:28:47.758708
2018/09/20 00:28:47 8896 utils.py _log 39 --------------------------------------------------------------------------------
2018/09/20 00:28:47 8896 utils.py stint_login_user 70 func.__name__ = new_category
2018/09/20 00:28:47 8896 utils.py stint_login_user 70 func.__name__ = edit_category
2018/09/20 00:28:47 8896 utils.py stint_login_user 70 func.__name__ = delete_category
2018/09/20 00:28:47 8896 utils.py stint_login_user 70 func.__name__ = new_post
2018/09/20 00:28:47 8896 utils.py stint_login_user 70 func.__name__ = edit_post
2018/09/20 00:28:47 8896 utils.py stint_login_user 70 func.__name__ = delete_post
2018/09/20 00:28:47 8896 utils.py stint_login_user 70 func.__name__ = comment_enabled
2018/09/20 00:28:47 8896 utils.py stint_login_user 70 func.__name__ = delete_comment
2018/09/20 00:28:47 8896 utils.py stint_login_user 70 func.__name__ = review_comment
2018/09/20 00:30:29 2868 blog.py index 23 request.url = http://127.0.0.1:5000/
2018/09/20 00:30:32 17532 auth.py login 17 is_authenticated = False
2018/09/20 00:30:32 17532 auth.py login 41 redirect to login.html
2018/09/20 00:30:33 9988 auth.py login 17 is_authenticated = False
2018/09/20 00:30:33 9988 auth.py login 26 admin.username = admin
2018/09/20 00:30:34 9988 auth.py login 31 login success
2018/09/20 00:30:34 16452 auth.py login 17 is_authenticated = True
2018/09/20 00:30:34 22620 blog.py index 23 request.url = http://127.0.0.1:5000/
2018/09/20 00:30:37 22984 admin.py manage_posts 158 request.url = http://127.0.0.1:5000/admin/post/manage
2018/09/20 00:30:38 16260 utils.py wrapper 74 current_user.username = admin
2018/09/20 00:30:38 16260 admin.py new_post 125 request.url = http://127.0.0.1:5000/admin/post/new
2018/09/20 00:31:42 16648 utils.py wrapper 74 current_user.username = admin
2018/09/20 00:31:42 16648 admin.py new_post 125 request.url = http://127.0.0.1:5000/admin/post/new
2018/09/20 00:31:42 16648 utils.py save_posts_to_cache 106 save cache, post.id = 51
2018/09/20 00:31:43 16648 admin.py new_post 143 publish a new post, id = 51
2018/09/20 00:31:43 17728 blog.py show_post 71 request.url = http://127.0.0.1:5000/post/51
2018/09/20 00:31:43 17728 utils.py get_posts_from_cache 136 get cache, post.id = 51
2018/09/20 00:34:16 3984 blog.py show_post 71 request.url = http://127.0.0.1:5000/post/51
2018/09/20 00:34:16 3984 utils.py get_posts_from_cache 136 get cache, post.id = 51
2018/09/20 00:34:22 8604 blog.py index 23 request.url = http://127.0.0.1:5000/
2018/09/20 00:34:23 20532 blog.py show_post 71 request.url = http://127.0.0.1:5000/post/51
2018/09/20 00:34:23 20532 utils.py get_posts_from_cache 136 get cache, post.id = 51
2018/09/20 00:34:25 11724 blog.py index 23 request.url = http://127.0.0.1:5000/
2018/09/20 00:34:26 11964 blog.py show_post 71 request.url = http://127.0.0.1:5000/post/20
2018/09/20 00:34:26 11964 utils.py get_posts_from_cache 136 get cache, post.id = 20
2018/09/20 00:34:29 21328 blog.py show_post 71 request.url = http://127.0.0.1:5000/post/27
2018/09/20 00:34:29 21328 utils.py get_posts_from_cache 136 get cache, post.id = 27
2018/09/20 00:35:04 5500 utils.py _log 37 










2018/09/20 00:35:04 5500 utils.py _log 38 now time is 2018-09-20 00:35:04.399072
2018/09/20 00:35:04 5500 utils.py _log 39 --------------------------------------------------------------------------------
2018/09/20 00:35:04 5500 utils.py stint_login_user 70 func.__name__ = new_category
2018/09/20 00:35:04 5500 utils.py stint_login_user 70 func.__name__ = edit_category
2018/09/20 00:35:04 5500 utils.py stint_login_user 70 func.__name__ = delete_category
2018/09/20 00:35:04 5500 utils.py stint_login_user 70 func.__name__ = new_post
2018/09/20 00:35:04 5500 utils.py stint_login_user 70 func.__name__ = edit_post
2018/09/20 00:35:04 5500 utils.py stint_login_user 70 func.__name__ = delete_post
2018/09/20 00:35:04 5500 utils.py stint_login_user 70 func.__name__ = comment_enabled
2018/09/20 00:35:04 5500 utils.py stint_login_user 70 func.__name__ = delete_comment
2018/09/20 00:35:04 5500 utils.py stint_login_user 70 func.__name__ = review_comment
2018/09/20 00:35:06 22192 utils.py _log 37 










2018/09/20 00:35:06 22192 utils.py _log 38 now time is 2018-09-20 00:35:06.091573
2018/09/20 00:35:06 22192 utils.py _log 39 --------------------------------------------------------------------------------
2018/09/20 00:35:06 22192 utils.py stint_login_user 70 func.__name__ = new_category
2018/09/20 00:35:06 22192 utils.py stint_login_user 70 func.__name__ = edit_category
2018/09/20 00:35:06 22192 utils.py stint_login_user 70 func.__name__ = delete_category
2018/09/20 00:35:06 22192 utils.py stint_login_user 70 func.__name__ = new_post
2018/09/20 00:35:06 22192 utils.py stint_login_user 70 func.__name__ = edit_post
2018/09/20 00:35:06 22192 utils.py stint_login_user 70 func.__name__ = delete_post
2018/09/20 00:35:06 22192 utils.py stint_login_user 70 func.__name__ = comment_enabled
2018/09/20 00:35:06 22192 utils.py stint_login_user 70 func.__name__ = delete_comment
2018/09/20 00:35:06 22192 utils.py stint_login_user 70 func.__name__ = review_comment
2018/09/20 00:35:15 9204 blog.py index 23 request.url = http://127.0.0.1:5000/
2018/09/20 00:35:21 17252 blog.py show_post 71 request.url = http://127.0.0.1:5000/post/51
2018/09/20 00:35:21 17252 utils.py get_posts_from_cache 136 get cache, post.id = 51
2018/09/20 11:55:52 20512 utils.py _log 37 










2018/09/20 11:55:52 20512 utils.py _log 38 now time is 2018-09-20 11:55:52.649704
2018/09/20 11:55:52 20512 utils.py _log 39 --------------------------------------------------------------------------------
2018/09/20 11:55:52 20512 utils.py stint_login_user 70 func.__name__ = new_category
2018/09/20 11:55:52 20512 utils.py stint_login_user 70 func.__name__ = edit_category
2018/09/20 11:55:52 20512 utils.py stint_login_user 70 func.__name__ = delete_category
2018/09/20 11:55:52 20512 utils.py stint_login_user 70 func.__name__ = new_post
2018/09/20 11:55:52 20512 utils.py stint_login_user 70 func.__name__ = edit_post
2018/09/20 11:55:52 20512 utils.py stint_login_user 70 func.__name__ = delete_post
2018/09/20 11:55:52 20512 utils.py stint_login_user 70 func.__name__ = comment_enabled
2018/09/20 11:55:52 20512 utils.py stint_login_user 70 func.__name__ = delete_comment
2018/09/20 11:55:52 20512 utils.py stint_login_user 70 func.__name__ = review_comment
2018/09/20 11:55:58 8572 blog.py index 23 request.url = http://127.0.0.1:5000/
2018/09/20 11:56:01 19164 auth.py login 17 is_authenticated = False
2018/09/20 11:56:01 19164 auth.py login 41 redirect to login.html
2018/09/20 11:56:02 8592 auth.py login 17 is_authenticated = False
2018/09/20 11:56:02 8592 auth.py login 26 admin.username = admin
2018/09/20 11:56:02 8592 auth.py login 31 login success
2018/09/20 11:56:02 12352 auth.py login 17 is_authenticated = True
2018/09/20 11:56:02 11680 blog.py index 23 request.url = http://127.0.0.1:5000/
2018/09/20 11:56:06 4360 admin.py manage_posts 158 request.url = http://127.0.0.1:5000/admin/post/manage
2018/09/20 11:56:07 4336 utils.py wrapper 74 current_user.username = admin
2018/09/20 11:56:07 4336 admin.py new_post 125 request.url = http://127.0.0.1:5000/admin/post/new
2018/09/20 11:56:31 14616 utils.py wrapper 74 current_user.username = admin
2018/09/20 11:56:31 14616 admin.py new_post 125 request.url = http://127.0.0.1:5000/admin/post/new
2018/09/20 11:56:31 14616 admin.py new_post 143 publish a new post, id = 52
2018/09/20 11:56:31 9004 blog.py show_post 71 request.url = http://127.0.0.1:5000/post/52
2018/09/20 11:56:31 9004 utils.py get_posts_from_cache 136 get cache, post.id = 52
2018/09/20 11:56:32 9004 utils.py save_posts_to_cache 106 save cache, post.id = 52
2018/09/20 11:56:36 8468 utils.py wrapper 74 current_user.username = admin
2018/09/20 11:56:36 8468 admin.py comment_enabled 230 request.url = http://127.0.0.1:5000/admin/post/comment_enabled/?post_id=52
2018/09/20 11:56:36 8468 utils.py delete_posts_from_cache 157 delete cache, post_id = 52
2018/09/20 11:56:36 19092 blog.py show_post 71 request.url = http://127.0.0.1:5000/post/52
2018/09/20 11:56:36 19092 utils.py get_posts_from_cache 136 get cache, post.id = 52
2018/09/20 11:56:36 19092 utils.py save_posts_to_cache 106 save cache, post.id = 52
2018/09/20 11:56:41 11932 utils.py wrapper 74 current_user.username = admin
2018/09/20 11:56:41 11932 admin.py comment_enabled 230 request.url = http://127.0.0.1:5000/admin/post/comment_enabled/?post_id=52
2018/09/20 11:56:41 11932 utils.py delete_posts_from_cache 157 delete cache, post_id = 52
2018/09/20 11:56:41 9676 blog.py show_post 71 request.url = http://127.0.0.1:5000/post/52
2018/09/20 11:56:41 9676 utils.py get_posts_from_cache 136 get cache, post.id = 52
2018/09/20 11:56:41 9676 utils.py save_posts_to_cache 106 save cache, post.id = 52
2018/09/20 11:56:45 500 blog.py index 23 request.url = http://127.0.0.1:5000/
2018/09/20 11:56:48 21388 blog.py show_post 71 request.url = http://127.0.0.1:5000/post/51
2018/09/20 11:56:48 21388 utils.py get_posts_from_cache 136 get cache, post.id = 51
2018/09/20 11:56:53 6240 admin.py manage_posts 158 request.url = http://127.0.0.1:5000/admin/post/manage
2018/09/20 11:56:56 18264 utils.py wrapper 74 current_user.username = admin
2018/09/20 11:56:56 18264 admin.py delete_post 214 request.url = http://127.0.0.1:5000/admin/post/delete/51?next=%2Fadmin%2Fpost%2Fmanage%3F
2018/09/20 11:56:56 18264 utils.py delete_posts_from_cache 157 delete cache, post_id = 51
2018/09/20 11:56:56 16404 admin.py manage_posts 158 request.url = http://127.0.0.1:5000/admin/post/manage
2018/09/20 11:56:58 23264 blog.py show_post 71 request.url = http://127.0.0.1:5000/post/52
2018/09/20 11:56:58 23264 utils.py get_posts_from_cache 136 get cache, post.id = 52
2018/09/20 11:57:02 4340 blog.py show_category 52 request.url = http://127.0.0.1:5000/category/11
2018/09/20 11:57:08 23280 admin.py manage_posts 158 request.url = http://127.0.0.1:5000/admin/post/manage
2018/09/20 11:57:09 19564 utils.py wrapper 74 current_user.username = admin
2018/09/20 11:57:09 19564 admin.py new_post 125 request.url = http://127.0.0.1:5000/admin/post/new
2018/09/20 12:31:08 18624 utils.py _log 37 










2018/09/20 12:31:08 18624 utils.py _log 38 now time is 2018-09-20 12:31:08.589619
2018/09/20 12:31:08 18624 utils.py _log 39 --------------------------------------------------------------------------------
2018/09/20 12:31:08 18624 utils.py stint_login_user 70 func.__name__ = new_category
2018/09/20 12:31:08 18624 utils.py stint_login_user 70 func.__name__ = edit_category
2018/09/20 12:31:08 18624 utils.py stint_login_user 70 func.__name__ = delete_category
2018/09/20 12:31:08 18624 utils.py stint_login_user 70 func.__name__ = new_post
2018/09/20 12:31:08 18624 utils.py stint_login_user 70 func.__name__ = edit_post
2018/09/20 12:31:08 18624 utils.py stint_login_user 70 func.__name__ = delete_post
2018/09/20 12:31:08 18624 utils.py stint_login_user 70 func.__name__ = comment_enabled
2018/09/20 12:31:08 18624 utils.py stint_login_user 70 func.__name__ = delete_comment
2018/09/20 12:31:08 18624 utils.py stint_login_user 70 func.__name__ = review_comment
2018/09/20 12:31:08 18624 blog.py index 23 request.url = http://127.0.0.1:5000/
2018/09/20 12:31:11 21128 auth.py login 17 is_authenticated = False
2018/09/20 12:31:11 21128 auth.py login 41 redirect to login.html
2018/09/20 12:31:12 13504 auth.py login 17 is_authenticated = False
2018/09/20 12:31:12 13504 auth.py login 26 admin.username = admin
2018/09/20 12:31:12 13504 auth.py login 31 login success
2018/09/20 12:31:12 5868 auth.py login 17 is_authenticated = True
2018/09/20 12:31:12 12864 blog.py index 23 request.url = http://127.0.0.1:5000/
2018/09/20 12:31:14 12444 admin.py manage_posts 158 request.url = http://127.0.0.1:5000/admin/post/manage
2018/09/20 12:31:15 19596 utils.py wrapper 74 current_user.username = admin
2018/09/20 12:31:15 19596 admin.py new_post 125 request.url = http://127.0.0.1:5000/admin/post/new
2018/09/20 12:31:42 21784 utils.py wrapper 74 current_user.username = admin
2018/09/20 12:31:42 21784 admin.py new_post 125 request.url = http://127.0.0.1:5000/admin/post/new
2018/09/20 12:32:04 11708 utils.py wrapper 74 current_user.username = admin
2018/09/20 12:32:04 11708 admin.py new_post 125 request.url = http://127.0.0.1:5000/admin/post/new
2018/09/20 12:33:38 22580 utils.py wrapper 74 current_user.username = admin
2018/09/20 12:33:38 22580 admin.py new_post 125 request.url = http://127.0.0.1:5000/admin/post/new
2018/09/20 12:33:55 7152 utils.py wrapper 74 current_user.username = admin
2018/09/20 12:33:55 7152 admin.py new_post 125 request.url = http://127.0.0.1:5000/admin/post/new
2018/09/20 12:34:13 22384 utils.py wrapper 74 current_user.username = admin
2018/09/20 12:34:13 22384 admin.py new_post 125 request.url = http://127.0.0.1:5000/admin/post/new
2018/09/20 12:43:41 21108 utils.py wrapper 74 current_user.username = admin
2018/09/20 12:43:41 21108 admin.py new_post 125 request.url = http://127.0.0.1:5000/admin/post/new
2018/09/20 12:44:33 22480 utils.py wrapper 74 current_user.username = admin
2018/09/20 12:44:33 22480 admin.py new_post 125 request.url = http://127.0.0.1:5000/admin/post/new
2018/09/20 12:44:33 22480 admin.py new_post 143 publish a new post, id = 53
2018/09/20 12:44:34 11020 blog.py show_post 71 request.url = http://127.0.0.1:5000/post/53
2018/09/20 12:44:34 11020 utils.py get_posts_from_cache 136 get cache, post.id = 53
2018/09/20 12:44:35 11020 utils.py save_posts_to_cache 106 save cache, post.id = 53
2018/09/20 12:45:19 22800 admin.py manage_posts 158 request.url = http://127.0.0.1:5000/admin/post/manage
2018/09/20 12:45:20 22568 utils.py wrapper 74 current_user.username = admin
2018/09/20 12:45:20 22568 admin.py new_post 125 request.url = http://127.0.0.1:5000/admin/post/new
2018/09/20 12:45:51 14508 utils.py wrapper 74 current_user.username = admin
2018/09/20 12:45:51 14508 admin.py new_post 125 request.url = http://127.0.0.1:5000/admin/post/new
2018/09/20 12:45:51 14508 admin.py new_post 143 publish a new post, id = 54
2018/09/20 12:45:51 16912 blog.py show_post 71 request.url = http://127.0.0.1:5000/post/54
2018/09/20 12:45:51 16912 utils.py get_posts_from_cache 136 get cache, post.id = 54
2018/09/20 12:45:51 16912 utils.py save_posts_to_cache 106 save cache, post.id = 54
2018/09/20 12:46:02 17588 blog.py change_theme 193 request.url = http://127.0.0.1:5000/change-theme/perfect_blue?next=%2Fpost%2F54%3F
2018/09/20 12:46:02 17588 blog.py change_theme 201 response = <Response 225 bytes [302 FOUND]>
2018/09/20 12:46:02 20004 blog.py show_post 71 request.url = http://127.0.0.1:5000/post/54
2018/09/20 12:46:02 20004 utils.py get_posts_from_cache 136 get cache, post.id = 54
2018/09/20 12:46:50 19920 admin.py manage_posts 158 request.url = http://127.0.0.1:5000/admin/post/manage
2018/09/20 12:46:51 3152 utils.py wrapper 74 current_user.username = admin
2018/09/20 12:46:51 3152 admin.py new_post 125 request.url = http://127.0.0.1:5000/admin/post/new
2018/09/20 12:47:43 14248 utils.py wrapper 74 current_user.username = admin
2018/09/20 12:47:43 14248 admin.py new_post 125 request.url = http://127.0.0.1:5000/admin/post/new
2018/09/20 12:47:43 14248 admin.py new_post 143 publish a new post, id = 55
2018/09/20 12:47:43 6124 blog.py show_post 71 request.url = http://127.0.0.1:5000/post/55
2018/09/20 12:47:43 6124 utils.py get_posts_from_cache 136 get cache, post.id = 55
2018/09/20 12:47:43 6124 utils.py save_posts_to_cache 106 save cache, post.id = 55
2018/09/20 12:50:14 16836 utils.py _log 37 










2018/09/20 12:50:14 16836 utils.py _log 38 now time is 2018-09-20 12:50:14.365517
2018/09/20 12:50:14 16836 utils.py _log 39 --------------------------------------------------------------------------------
2018/09/20 12:50:14 16836 utils.py stint_login_user 70 func.__name__ = new_category
2018/09/20 12:50:14 16836 utils.py stint_login_user 70 func.__name__ = edit_category
2018/09/20 12:50:14 16836 utils.py stint_login_user 70 func.__name__ = delete_category
2018/09/20 12:50:14 16836 utils.py stint_login_user 70 func.__name__ = new_post
2018/09/20 12:50:14 16836 utils.py stint_login_user 70 func.__name__ = edit_post
2018/09/20 12:50:14 16836 utils.py stint_login_user 70 func.__name__ = delete_post
2018/09/20 12:50:14 16836 utils.py stint_login_user 70 func.__name__ = comment_enabled
2018/09/20 12:50:14 16836 utils.py stint_login_user 70 func.__name__ = delete_comment
2018/09/20 12:50:14 16836 utils.py stint_login_user 70 func.__name__ = review_comment
2018/09/20 12:50:16 9088 utils.py _log 37 










2018/09/20 12:50:16 9088 utils.py _log 38 now time is 2018-09-20 12:50:16.130202
2018/09/20 12:50:16 9088 utils.py _log 39 --------------------------------------------------------------------------------
2018/09/20 12:50:16 9088 utils.py stint_login_user 70 func.__name__ = new_category
2018/09/20 12:50:16 9088 utils.py stint_login_user 70 func.__name__ = edit_category
2018/09/20 12:50:16 9088 utils.py stint_login_user 70 func.__name__ = delete_category
2018/09/20 12:50:16 9088 utils.py stint_login_user 70 func.__name__ = new_post
2018/09/20 12:50:16 9088 utils.py stint_login_user 70 func.__name__ = edit_post
2018/09/20 12:50:16 9088 utils.py stint_login_user 70 func.__name__ = delete_post
2018/09/20 12:50:16 9088 utils.py stint_login_user 70 func.__name__ = comment_enabled
2018/09/20 12:50:16 9088 utils.py stint_login_user 70 func.__name__ = delete_comment
2018/09/20 12:50:16 9088 utils.py stint_login_user 70 func.__name__ = review_comment
2018/09/20 12:50:19 19076 blog.py show_post 71 request.url = http://127.0.0.1:5000/post/55
2018/09/20 12:50:19 19076 utils.py get_posts_from_cache 136 get cache, post.id = 55
2018/09/20 12:57:08 5932 blog.py show_post 71 request.url = http://127.0.0.1:5000/post/55
2018/09/20 12:57:08 5932 utils.py get_posts_from_cache 136 get cache, post.id = 55
2018/09/20 12:59:39 21060 blog.py show_post 71 request.url = http://127.0.0.1:5000/post/55
2018/09/20 12:59:39 21060 utils.py get_posts_from_cache 136 get cache, post.id = 55
2018/09/20 13:00:10 2192 blog.py show_post 71 request.url = http://127.0.0.1:5000/post/55
2018/09/20 13:00:10 2192 utils.py get_posts_from_cache 136 get cache, post.id = 55
2018/09/20 13:00:50 20588 blog.py show_post 71 request.url = http://127.0.0.1:5000/post/55
2018/09/20 13:00:50 20588 utils.py get_posts_from_cache 136 get cache, post.id = 55
2018/09/20 13:01:02 23476 blog.py show_post 71 request.url = http://127.0.0.1:5000/post/55
2018/09/20 13:01:02 23476 utils.py get_posts_from_cache 136 get cache, post.id = 55
2018/09/20 13:01:08 20252 blog.py show_post 71 request.url = http://127.0.0.1:5000/post/55
2018/09/20 13:01:08 20252 utils.py get_posts_from_cache 136 get cache, post.id = 55
2018/09/20 13:01:25 21136 blog.py show_post 71 request.url = http://127.0.0.1:5000/post/55
2018/09/20 13:01:25 21136 utils.py get_posts_from_cache 136 get cache, post.id = 55
2018/09/20 13:01:35 15204 blog.py show_post 71 request.url = http://127.0.0.1:5000/post/55
2018/09/20 13:01:35 15204 utils.py get_posts_from_cache 136 get cache, post.id = 55
2018/09/20 13:01:37 17384 blog.py show_post 71 request.url = http://127.0.0.1:5000/post/55
2018/09/20 13:01:37 17384 utils.py get_posts_from_cache 136 get cache, post.id = 55
2018/09/20 13:02:04 15032 blog.py show_post 71 request.url = http://127.0.0.1:5000/post/55
2018/09/20 13:02:04 15032 utils.py get_posts_from_cache 136 get cache, post.id = 55
2018/09/20 13:02:21 20884 blog.py show_post 71 request.url = http://127.0.0.1:5000/post/55
2018/09/20 13:02:21 20884 utils.py get_posts_from_cache 136 get cache, post.id = 55
2018/09/20 13:04:02 21184 auth.py login 17 is_authenticated = False
2018/09/20 13:04:02 21184 auth.py login 41 redirect to login.html
2018/09/20 13:04:03 18420 auth.py login 17 is_authenticated = False
2018/09/20 13:04:03 18420 auth.py login 26 admin.username = admin
2018/09/20 13:04:03 18420 auth.py login 31 login success
2018/09/20 13:04:03 14000 auth.py login 17 is_authenticated = True
2018/09/20 13:04:03 5552 blog.py index 23 request.url = http://127.0.0.1:5000/
2018/09/20 13:04:06 8572 blog.py change_theme 193 request.url = http://127.0.0.1:5000/change-theme/black_swan?next=%2F%3F
2018/09/20 13:04:06 8572 blog.py change_theme 201 response = <Response 211 bytes [302 FOUND]>
2018/09/20 13:04:06 23548 blog.py index 23 request.url = http://127.0.0.1:5000/
2018/09/20 13:04:07 16372 blog.py show_post 71 request.url = http://127.0.0.1:5000/post/55
2018/09/20 13:04:07 16372 utils.py get_posts_from_cache 136 get cache, post.id = 55
2018/09/20 13:19:39 15868 utils.py _log 37 










2018/09/20 13:19:39 15868 utils.py _log 38 now time is 2018-09-20 13:19:39.848923
2018/09/20 13:19:39 15868 utils.py _log 39 --------------------------------------------------------------------------------
2018/09/20 13:19:39 15868 utils.py stint_login_user 70 func.__name__ = new_category
2018/09/20 13:19:39 15868 utils.py stint_login_user 70 func.__name__ = edit_category
2018/09/20 13:19:39 15868 utils.py stint_login_user 70 func.__name__ = delete_category
2018/09/20 13:19:39 15868 utils.py stint_login_user 70 func.__name__ = new_post
2018/09/20 13:19:39 15868 utils.py stint_login_user 70 func.__name__ = edit_post
2018/09/20 13:19:39 15868 utils.py stint_login_user 70 func.__name__ = delete_post
2018/09/20 13:19:39 15868 utils.py stint_login_user 70 func.__name__ = comment_enabled
2018/09/20 13:19:39 15868 utils.py stint_login_user 70 func.__name__ = delete_comment
2018/09/20 13:19:39 15868 utils.py stint_login_user 70 func.__name__ = review_comment
2018/09/20 13:19:42 21464 blog.py show_post 71 request.url = http://127.0.0.1:5000/post/55
2018/09/20 13:19:42 21464 utils.py get_posts_from_cache 136 get cache, post.id = 55
2018/09/20 13:20:51 16912 blog.py show_post 71 request.url = http://127.0.0.1:5000/post/55
2018/09/20 13:20:51 16912 utils.py get_posts_from_cache 136 get cache, post.id = 55
2018/09/20 13:21:03 18964 blog.py show_post 71 request.url = http://127.0.0.1:5000/post/55
2018/09/20 13:21:03 18964 utils.py get_posts_from_cache 136 get cache, post.id = 55
2018/09/20 13:21:08 1428 utils.py _log 37 










2018/09/20 13:21:08 1428 utils.py _log 38 now time is 2018-09-20 13:21:08.854204
2018/09/20 13:21:08 1428 utils.py _log 39 --------------------------------------------------------------------------------
2018/09/20 13:21:08 1428 utils.py stint_login_user 70 func.__name__ = new_category
2018/09/20 13:21:08 1428 utils.py stint_login_user 70 func.__name__ = edit_category
2018/09/20 13:21:08 1428 utils.py stint_login_user 70 func.__name__ = delete_category
2018/09/20 13:21:08 1428 utils.py stint_login_user 70 func.__name__ = new_post
2018/09/20 13:21:08 1428 utils.py stint_login_user 70 func.__name__ = edit_post
2018/09/20 13:21:08 1428 utils.py stint_login_user 70 func.__name__ = delete_post
2018/09/20 13:21:08 1428 utils.py stint_login_user 70 func.__name__ = comment_enabled
2018/09/20 13:21:08 1428 utils.py stint_login_user 70 func.__name__ = delete_comment
2018/09/20 13:21:08 1428 utils.py stint_login_user 70 func.__name__ = review_comment
2018/09/20 13:21:10 19696 utils.py _log 37 










2018/09/20 13:21:10 19696 utils.py _log 38 now time is 2018-09-20 13:21:10.836474
2018/09/20 13:21:10 19696 utils.py _log 39 --------------------------------------------------------------------------------
2018/09/20 13:21:10 19696 utils.py stint_login_user 70 func.__name__ = new_category
2018/09/20 13:21:10 19696 utils.py stint_login_user 70 func.__name__ = edit_category
2018/09/20 13:21:10 19696 utils.py stint_login_user 70 func.__name__ = delete_category
2018/09/20 13:21:10 19696 utils.py stint_login_user 70 func.__name__ = new_post
2018/09/20 13:21:10 19696 utils.py stint_login_user 70 func.__name__ = edit_post
2018/09/20 13:21:10 19696 utils.py stint_login_user 70 func.__name__ = delete_post
2018/09/20 13:21:10 19696 utils.py stint_login_user 70 func.__name__ = comment_enabled
2018/09/20 13:21:10 19696 utils.py stint_login_user 70 func.__name__ = delete_comment
2018/09/20 13:21:10 19696 utils.py stint_login_user 70 func.__name__ = review_comment
2018/09/20 13:21:13 22208 blog.py show_post 71 request.url = http://127.0.0.1:5000/post/55
2018/09/20 13:21:13 22208 utils.py get_posts_from_cache 136 get cache, post.id = 55
2018/09/20 13:21:36 1264 utils.py _log 37 










2018/09/20 13:21:36 1264 utils.py _log 38 now time is 2018-09-20 13:21:36.192370
2018/09/20 13:21:36 1264 utils.py _log 39 --------------------------------------------------------------------------------
2018/09/20 13:21:36 1264 utils.py stint_login_user 70 func.__name__ = new_category
2018/09/20 13:21:36 1264 utils.py stint_login_user 70 func.__name__ = edit_category
2018/09/20 13:21:36 1264 utils.py stint_login_user 70 func.__name__ = delete_category
2018/09/20 13:21:36 1264 utils.py stint_login_user 70 func.__name__ = new_post
2018/09/20 13:21:36 1264 utils.py stint_login_user 70 func.__name__ = edit_post
2018/09/20 13:21:36 1264 utils.py stint_login_user 70 func.__name__ = delete_post
2018/09/20 13:21:36 1264 utils.py stint_login_user 70 func.__name__ = comment_enabled
2018/09/20 13:21:36 1264 utils.py stint_login_user 70 func.__name__ = delete_comment
2018/09/20 13:21:36 1264 utils.py stint_login_user 70 func.__name__ = review_comment
2018/09/20 13:21:39 10060 blog.py show_post 71 request.url = http://127.0.0.1:5000/post/55
2018/09/20 13:21:39 10060 utils.py get_posts_from_cache 136 get cache, post.id = 55
2018/09/20 13:21:39 6068 blog.py show_post 71 request.url = http://127.0.0.1:5000/post/55
2018/09/20 13:21:39 6068 utils.py get_posts_from_cache 136 get cache, post.id = 55
2018/09/20 13:21:56 10492 blog.py change_theme 193 request.url = http://127.0.0.1:5000/change-theme/black_swan?next=%2Fpost%2F55%3F
2018/09/20 13:21:56 10492 blog.py change_theme 201 response = <Response 225 bytes [302 FOUND]>
2018/09/20 13:21:56 21292 blog.py show_post 71 request.url = http://127.0.0.1:5000/post/55
2018/09/20 13:21:56 21292 utils.py get_posts_from_cache 136 get cache, post.id = 55
2018/09/20 13:21:57 10152 blog.py change_theme 193 request.url = http://127.0.0.1:5000/change-theme/perfect_blue?next=%2Fpost%2F55%3F
2018/09/20 13:21:57 10152 blog.py change_theme 201 response = <Response 225 bytes [302 FOUND]>
2018/09/20 13:21:57 16448 blog.py show_post 71 request.url = http://127.0.0.1:5000/post/55
2018/09/20 13:21:57 16448 utils.py get_posts_from_cache 136 get cache, post.id = 55
2018/09/20 13:26:30 22984 utils.py _log 37 










2018/09/20 13:26:30 22984 utils.py _log 38 now time is 2018-09-20 13:26:30.005035
2018/09/20 13:26:30 22984 utils.py _log 39 --------------------------------------------------------------------------------
2018/09/20 13:26:30 22984 utils.py stint_login_user 70 func.__name__ = new_category
2018/09/20 13:26:30 22984 utils.py stint_login_user 70 func.__name__ = edit_category
2018/09/20 13:26:30 22984 utils.py stint_login_user 70 func.__name__ = delete_category
2018/09/20 13:26:30 22984 utils.py stint_login_user 70 func.__name__ = new_post
2018/09/20 13:26:30 22984 utils.py stint_login_user 70 func.__name__ = edit_post
2018/09/20 13:26:30 22984 utils.py stint_login_user 70 func.__name__ = delete_post
2018/09/20 13:26:30 22984 utils.py stint_login_user 70 func.__name__ = comment_enabled
2018/09/20 13:26:30 22984 utils.py stint_login_user 70 func.__name__ = delete_comment
2018/09/20 13:26:30 22984 utils.py stint_login_user 70 func.__name__ = review_comment
2018/09/20 13:26:34 15500 blog.py show_post 71 request.url = http://127.0.0.1:5000/post/55
2018/09/20 13:26:34 15500 utils.py get_posts_from_cache 136 get cache, post.id = 55
2018/09/20 13:28:11 6496 utils.py _log 37 










2018/09/20 13:28:11 6496 utils.py _log 38 now time is 2018-09-20 13:28:11.904777
2018/09/20 13:28:11 6496 utils.py _log 39 --------------------------------------------------------------------------------
2018/09/20 13:28:11 6496 utils.py stint_login_user 70 func.__name__ = new_category
2018/09/20 13:28:11 6496 utils.py stint_login_user 70 func.__name__ = edit_category
2018/09/20 13:28:11 6496 utils.py stint_login_user 70 func.__name__ = delete_category
2018/09/20 13:28:11 6496 utils.py stint_login_user 70 func.__name__ = new_post
2018/09/20 13:28:11 6496 utils.py stint_login_user 70 func.__name__ = edit_post
2018/09/20 13:28:11 6496 utils.py stint_login_user 70 func.__name__ = delete_post
2018/09/20 13:28:11 6496 utils.py stint_login_user 70 func.__name__ = comment_enabled
2018/09/20 13:28:11 6496 utils.py stint_login_user 70 func.__name__ = delete_comment
2018/09/20 13:28:11 6496 utils.py stint_login_user 70 func.__name__ = review_comment
2018/09/20 13:28:23 92 blog.py show_post 71 request.url = http://127.0.0.1:5000/post/55
2018/09/20 13:28:23 92 utils.py get_posts_from_cache 136 get cache, post.id = 55
2018/09/20 13:29:01 10632 utils.py _log 37 










2018/09/20 13:29:01 10632 utils.py _log 38 now time is 2018-09-20 13:29:01.873342
2018/09/20 13:29:01 10632 utils.py _log 39 --------------------------------------------------------------------------------
2018/09/20 13:29:01 10632 utils.py stint_login_user 70 func.__name__ = new_category
2018/09/20 13:29:01 10632 utils.py stint_login_user 70 func.__name__ = edit_category
2018/09/20 13:29:01 10632 utils.py stint_login_user 70 func.__name__ = delete_category
2018/09/20 13:29:01 10632 utils.py stint_login_user 70 func.__name__ = new_post
2018/09/20 13:29:01 10632 utils.py stint_login_user 70 func.__name__ = edit_post
2018/09/20 13:29:01 10632 utils.py stint_login_user 70 func.__name__ = delete_post
2018/09/20 13:29:01 10632 utils.py stint_login_user 70 func.__name__ = comment_enabled
2018/09/20 13:29:01 10632 utils.py stint_login_user 70 func.__name__ = delete_comment
2018/09/20 13:29:01 10632 utils.py stint_login_user 70 func.__name__ = review_comment
2018/09/20 13:29:03 6696 blog.py show_post 71 request.url = http://127.0.0.1:5000/post/55
2018/09/20 13:29:03 6696 utils.py get_posts_from_cache 136 get cache, post.id = 55
2018/09/20 13:29:14 14204 blog.py show_post 71 request.url = http://127.0.0.1:5000/post/55
2018/09/20 13:29:14 14204 utils.py get_posts_from_cache 136 get cache, post.id = 55
2018/09/20 13:29:17 21264 blog.py show_post 71 request.url = http://127.0.0.1:5000/post/55
2018/09/20 13:29:17 21264 utils.py get_posts_from_cache 136 get cache, post.id = 55
2018/09/20 13:29:45 16452 utils.py _log 37 










2018/09/20 13:29:45 16452 utils.py _log 38 now time is 2018-09-20 13:29:45.364177
2018/09/20 13:29:45 16452 utils.py _log 39 --------------------------------------------------------------------------------
2018/09/20 13:29:45 16452 utils.py stint_login_user 70 func.__name__ = new_category
2018/09/20 13:29:45 16452 utils.py stint_login_user 70 func.__name__ = edit_category
2018/09/20 13:29:45 16452 utils.py stint_login_user 70 func.__name__ = delete_category
2018/09/20 13:29:45 16452 utils.py stint_login_user 70 func.__name__ = new_post
2018/09/20 13:29:45 16452 utils.py stint_login_user 70 func.__name__ = edit_post
2018/09/20 13:29:45 16452 utils.py stint_login_user 70 func.__name__ = delete_post
2018/09/20 13:29:45 16452 utils.py stint_login_user 70 func.__name__ = comment_enabled
2018/09/20 13:29:45 16452 utils.py stint_login_user 70 func.__name__ = delete_comment
2018/09/20 13:29:45 16452 utils.py stint_login_user 70 func.__name__ = review_comment
2018/09/20 13:29:46 4336 blog.py index 23 request.url = http://127.0.0.1:5000/
2018/09/20 13:29:51 20244 blog.py show_post 71 request.url = http://127.0.0.1:5000/post/55
2018/09/20 13:29:51 20244 utils.py get_posts_from_cache 136 get cache, post.id = 55
2018/09/20 13:29:56 9656 blog.py show_post 71 request.url = http://127.0.0.1:5000/post/52
2018/09/20 13:29:56 9656 utils.py get_posts_from_cache 136 get cache, post.id = 52
2018/09/20 13:30:01 10020 blog.py show_post 71 request.url = http://127.0.0.1:5000/post/27
2018/09/20 13:30:01 10020 utils.py get_posts_from_cache 136 get cache, post.id = 27
2018/09/20 13:30:31 21964 utils.py _log 37 










2018/09/20 13:30:31 21964 utils.py _log 38 now time is 2018-09-20 13:30:31.492818
2018/09/20 13:30:31 21964 utils.py _log 39 --------------------------------------------------------------------------------
2018/09/20 13:30:31 21964 utils.py stint_login_user 70 func.__name__ = new_category
2018/09/20 13:30:31 21964 utils.py stint_login_user 70 func.__name__ = edit_category
2018/09/20 13:30:31 21964 utils.py stint_login_user 70 func.__name__ = delete_category
2018/09/20 13:30:31 21964 utils.py stint_login_user 70 func.__name__ = new_post
2018/09/20 13:30:31 21964 utils.py stint_login_user 70 func.__name__ = edit_post
2018/09/20 13:30:31 21964 utils.py stint_login_user 70 func.__name__ = delete_post
2018/09/20 13:30:31 21964 utils.py stint_login_user 70 func.__name__ = comment_enabled
2018/09/20 13:30:31 21964 utils.py stint_login_user 70 func.__name__ = delete_comment
2018/09/20 13:30:31 21964 utils.py stint_login_user 70 func.__name__ = review_comment
2018/09/20 13:30:33 18412 utils.py _log 37 










2018/09/20 13:30:33 18412 utils.py _log 38 now time is 2018-09-20 13:30:33.398883
2018/09/20 13:30:33 18412 utils.py _log 39 --------------------------------------------------------------------------------
2018/09/20 13:30:33 18412 utils.py stint_login_user 70 func.__name__ = new_category
2018/09/20 13:30:33 18412 utils.py stint_login_user 70 func.__name__ = edit_category
2018/09/20 13:30:33 18412 utils.py stint_login_user 70 func.__name__ = delete_category
2018/09/20 13:30:33 18412 utils.py stint_login_user 70 func.__name__ = new_post
2018/09/20 13:30:33 18412 utils.py stint_login_user 70 func.__name__ = edit_post
2018/09/20 13:30:33 18412 utils.py stint_login_user 70 func.__name__ = delete_post
2018/09/20 13:30:33 18412 utils.py stint_login_user 70 func.__name__ = comment_enabled
2018/09/20 13:30:33 18412 utils.py stint_login_user 70 func.__name__ = delete_comment
2018/09/20 13:30:33 18412 utils.py stint_login_user 70 func.__name__ = review_comment
2018/09/20 13:30:38 22412 blog.py show_post 71 request.url = http://127.0.0.1:5000/post/27
2018/09/20 13:30:38 22412 utils.py get_posts_from_cache 136 get cache, post.id = 27
2018/09/20 13:30:42 5856 blog.py index 23 request.url = http://127.0.0.1:5000/
2018/09/20 13:30:55 16588 utils.py _log 37 










2018/09/20 13:30:55 16588 utils.py _log 38 now time is 2018-09-20 13:30:55.986770
2018/09/20 13:30:55 16588 utils.py _log 39 --------------------------------------------------------------------------------
2018/09/20 13:30:55 16588 utils.py stint_login_user 70 func.__name__ = new_category
2018/09/20 13:30:55 16588 utils.py stint_login_user 70 func.__name__ = edit_category
2018/09/20 13:30:55 16588 utils.py stint_login_user 70 func.__name__ = delete_category
2018/09/20 13:30:55 16588 utils.py stint_login_user 70 func.__name__ = new_post
2018/09/20 13:30:55 16588 utils.py stint_login_user 70 func.__name__ = edit_post
2018/09/20 13:30:55 16588 utils.py stint_login_user 70 func.__name__ = delete_post
2018/09/20 13:30:55 16588 utils.py stint_login_user 70 func.__name__ = comment_enabled
2018/09/20 13:30:55 16588 utils.py stint_login_user 70 func.__name__ = delete_comment
2018/09/20 13:30:55 16588 utils.py stint_login_user 70 func.__name__ = review_comment
2018/09/20 13:30:57 18760 utils.py _log 37 










2018/09/20 13:30:57 18760 utils.py _log 38 now time is 2018-09-20 13:30:57.755470
2018/09/20 13:30:57 18760 utils.py _log 39 --------------------------------------------------------------------------------
2018/09/20 13:30:57 18760 utils.py stint_login_user 70 func.__name__ = new_category
2018/09/20 13:30:57 18760 utils.py stint_login_user 70 func.__name__ = edit_category
2018/09/20 13:30:57 18760 utils.py stint_login_user 70 func.__name__ = delete_category
2018/09/20 13:30:57 18760 utils.py stint_login_user 70 func.__name__ = new_post
2018/09/20 13:30:57 18760 utils.py stint_login_user 70 func.__name__ = edit_post
2018/09/20 13:30:57 18760 utils.py stint_login_user 70 func.__name__ = delete_post
2018/09/20 13:30:57 18760 utils.py stint_login_user 70 func.__name__ = comment_enabled
2018/09/20 13:30:57 18760 utils.py stint_login_user 70 func.__name__ = delete_comment
2018/09/20 13:30:57 18760 utils.py stint_login_user 70 func.__name__ = review_comment
2018/09/20 13:30:59 19948 auth.py login 17 is_authenticated = False
2018/09/20 13:30:59 19948 auth.py login 41 redirect to login.html
2018/09/20 13:31:01 22896 auth.py login 17 is_authenticated = False
2018/09/20 13:31:01 22896 auth.py login 26 admin.username = admin
2018/09/20 13:31:01 22896 auth.py login 31 login success
2018/09/20 13:31:01 13740 auth.py login 17 is_authenticated = True
2018/09/20 13:31:01 12020 blog.py index 23 request.url = http://127.0.0.1:5000/
2018/09/20 13:31:03 20140 admin.py manage_posts 158 request.url = http://127.0.0.1:5000/admin/post/manage
2018/09/20 13:31:04 19548 utils.py wrapper 74 current_user.username = admin
2018/09/20 13:31:04 19548 admin.py new_post 125 request.url = http://127.0.0.1:5000/admin/post/new
2018/09/20 13:31:57 11388 utils.py _log 37 










2018/09/20 13:31:57 11388 utils.py _log 38 now time is 2018-09-20 13:31:57.956980
2018/09/20 13:31:57 11388 utils.py _log 39 --------------------------------------------------------------------------------
2018/09/20 13:31:57 11388 utils.py stint_login_user 70 func.__name__ = new_category
2018/09/20 13:31:57 11388 utils.py stint_login_user 70 func.__name__ = edit_category
2018/09/20 13:31:57 11388 utils.py stint_login_user 70 func.__name__ = delete_category
2018/09/20 13:31:57 11388 utils.py stint_login_user 70 func.__name__ = new_post
2018/09/20 13:31:57 11388 utils.py stint_login_user 70 func.__name__ = edit_post
2018/09/20 13:31:57 11388 utils.py stint_login_user 70 func.__name__ = delete_post
2018/09/20 13:31:57 11388 utils.py stint_login_user 70 func.__name__ = comment_enabled
2018/09/20 13:31:57 11388 utils.py stint_login_user 70 func.__name__ = delete_comment
2018/09/20 13:31:57 11388 utils.py stint_login_user 70 func.__name__ = review_comment
2018/09/20 13:31:59 19836 utils.py _log 37 










2018/09/20 13:31:59 19836 utils.py _log 38 now time is 2018-09-20 13:31:59.690588
2018/09/20 13:31:59 19836 utils.py _log 39 --------------------------------------------------------------------------------
2018/09/20 13:31:59 19836 utils.py stint_login_user 70 func.__name__ = new_category
2018/09/20 13:31:59 19836 utils.py stint_login_user 70 func.__name__ = edit_category
2018/09/20 13:31:59 19836 utils.py stint_login_user 70 func.__name__ = delete_category
2018/09/20 13:31:59 19836 utils.py stint_login_user 70 func.__name__ = new_post
2018/09/20 13:31:59 19836 utils.py stint_login_user 70 func.__name__ = edit_post
2018/09/20 13:31:59 19836 utils.py stint_login_user 70 func.__name__ = delete_post
2018/09/20 13:31:59 19836 utils.py stint_login_user 70 func.__name__ = comment_enabled
2018/09/20 13:31:59 19836 utils.py stint_login_user 70 func.__name__ = delete_comment
2018/09/20 13:31:59 19836 utils.py stint_login_user 70 func.__name__ = review_comment
2018/09/20 13:32:05 10572 blog.py index 23 request.url = http://127.0.0.1:5000/
2018/09/20 13:32:06 13340 auth.py login 17 is_authenticated = False
2018/09/20 13:32:06 13340 auth.py login 41 redirect to login.html
2018/09/20 13:32:08 12904 auth.py login 17 is_authenticated = False
2018/09/20 13:32:08 12904 auth.py login 26 admin.username = admin
2018/09/20 13:32:08 12904 auth.py login 31 login success
2018/09/20 13:32:08 22028 auth.py login 17 is_authenticated = True
2018/09/20 13:32:08 22612 blog.py index 23 request.url = http://127.0.0.1:5000/
2018/09/20 13:32:10 2572 admin.py manage_posts 158 request.url = http://127.0.0.1:5000/admin/post/manage
2018/09/20 13:32:11 15396 utils.py wrapper 74 current_user.username = admin
2018/09/20 13:32:11 15396 admin.py new_post 125 request.url = http://127.0.0.1:5000/admin/post/new
2018/09/20 13:39:30 2112 utils.py _log 37 










2018/09/20 13:39:30 2112 utils.py _log 38 now time is 2018-09-20 13:39:30.531560
2018/09/20 13:39:30 2112 utils.py _log 39 --------------------------------------------------------------------------------
2018/09/20 13:39:30 2112 utils.py stint_login_user 70 func.__name__ = new_category
2018/09/20 13:39:30 2112 utils.py stint_login_user 70 func.__name__ = edit_category
2018/09/20 13:39:30 2112 utils.py stint_login_user 70 func.__name__ = delete_category
2018/09/20 13:39:30 2112 utils.py stint_login_user 70 func.__name__ = new_post
2018/09/20 13:39:30 2112 utils.py stint_login_user 70 func.__name__ = edit_post
2018/09/20 13:39:30 2112 utils.py stint_login_user 70 func.__name__ = delete_post
2018/09/20 13:39:30 2112 utils.py stint_login_user 70 func.__name__ = comment_enabled
2018/09/20 13:39:30 2112 utils.py stint_login_user 70 func.__name__ = delete_comment
2018/09/20 13:39:30 2112 utils.py stint_login_user 70 func.__name__ = review_comment
2018/09/20 13:39:32 19844 utils.py _log 37 










2018/09/20 13:39:32 19844 utils.py _log 38 now time is 2018-09-20 13:39:32.190971
2018/09/20 13:39:32 19844 utils.py _log 39 --------------------------------------------------------------------------------
2018/09/20 13:39:32 19844 utils.py stint_login_user 70 func.__name__ = new_category
2018/09/20 13:39:32 19844 utils.py stint_login_user 70 func.__name__ = edit_category
2018/09/20 13:39:32 19844 utils.py stint_login_user 70 func.__name__ = delete_category
2018/09/20 13:39:32 19844 utils.py stint_login_user 70 func.__name__ = new_post
2018/09/20 13:39:32 19844 utils.py stint_login_user 70 func.__name__ = edit_post
2018/09/20 13:39:32 19844 utils.py stint_login_user 70 func.__name__ = delete_post
2018/09/20 13:39:32 19844 utils.py stint_login_user 70 func.__name__ = comment_enabled
2018/09/20 13:39:32 19844 utils.py stint_login_user 70 func.__name__ = delete_comment
2018/09/20 13:39:32 19844 utils.py stint_login_user 70 func.__name__ = review_comment
2018/09/20 13:39:39 12832 blog.py index 23 request.url = http://127.0.0.1:5000/
2018/09/20 13:39:41 16240 auth.py login 17 is_authenticated = False
2018/09/20 13:39:41 16240 auth.py login 41 redirect to login.html
2018/09/20 13:39:42 7792 auth.py login 17 is_authenticated = False
2018/09/20 13:39:42 7792 auth.py login 26 admin.username = admin
2018/09/20 13:39:42 7792 auth.py login 31 login success
2018/09/20 13:39:42 1920 auth.py login 17 is_authenticated = True
2018/09/20 13:39:42 20768 blog.py index 23 request.url = http://127.0.0.1:5000/
2018/09/20 13:39:44 4268 admin.py manage_posts 151 request.url = http://127.0.0.1:5000/admin/post/manage
2018/09/20 13:39:45 10968 utils.py wrapper 74 current_user.username = admin
2018/09/20 13:39:45 10968 admin.py new_post 123 request.url = http://127.0.0.1:5000/admin/post/new
2018/09/20 13:44:38 4696 utils.py wrapper 74 current_user.username = admin
2018/09/20 13:44:38 4696 admin.py new_post 123 request.url = http://127.0.0.1:5000/admin/post/new
